01-24 13:12:28.849  1982 31971 E CamX    : [ERROR][SENSOR ] camxsensorcache.cpp:449 ReleaseAllCache() [SUBDEV_DBG]Sensor[2]SubDev[5]PipelineRefCount[0]hDevice[0]isAcquired[0]
01-24 13:12:28.849  1982 31971 E CamX    : [ERROR][SENSOR ] camxsensorcache.cpp:435 ReleaseAllCache() [SUBDEV_DBG]Camera[0] ReleaseAllCache:hCSLSession0[0xab0200] hCSLSession1[0x0]refcount[0]<subdeviceSensor: isAcquired[0] deviceIndex[30] hDevice[0x890101]  pipelineRefCount[0]><subdeviceCSIPHY: isAcquired[0] deviceIndex[6] hDevice[0x220103]  pipelineRefCount[0]><subdeviceOIS: isAcquired[0] deviceIndex[26] hDevice[0xef010a]  pipelineRefCount[0]><subdeviceActuator: isAcquired[0] deviceIndex[7] hDevice[0x56010b]  pipelineRefCount[0]><subdeviceFlash: isAcquired[0] deviceIndex[15] hDevice[0x40114]  pipelineRefCount[0]><subdeviceTPG: isAcquired[0] deviceIndex[0] hDevice[0x0]  pipelineRefCount[0]>
01-24 13:12:28.849  1982 31971 E CamX    : [ERROR][SENSOR ] camxsensorcache.cpp:435 ReleaseAllCache() [SUBDEV_DBG]Camera[1] ReleaseAllCache:hCSLSession0[0xe60200] hCSLSession1[0x0]refcount[0]<subdeviceSensor: isAcquired[0] deviceIndex[31] hDevice[0x980101]  pipelineRefCount[0]><subdeviceCSIPHY: isAcquired[0] deviceIndex[5] hDevice[0xfa0103]  pipelineRefCount[0]><subdeviceOIS: isAcquired[0] deviceIndex[0] hDevice[0x0]  pipelineRefCount[0]><subdeviceActuator: isAcquired[0] deviceIndex[23] hDevice[0x520102]  pipelineRefCount[0]><subdeviceFlash: isAcquired[0] deviceIndex[0] hDevice[0x0]  pipelineRefCount[0]><subdeviceTPG: isAcquired[0] deviceIndex[0] hDevice[0x0]  pipelineRefCount[0]>
01-24 13:12:28.849  1982 31971 E CamX    : [ERROR][SENSOR ] camxsensorcache.cpp:435 ReleaseAllCache() [SUBDEV_DBG]Camera[2] ReleaseAllCache:hCSLSession0[0xab0200] hCSLSession1[0x0]refcount[0]<subdeviceSensor: isAcquired[0] deviceIndex[32] hDevice[0x420105]  pipelineRefCount[0]><subdeviceCSIPHY: isAcquired[0] deviceIndex[3] hDevice[0xd4011b]  pipelineRefCount[0]><subdeviceOIS: isAcquired[0] deviceIndex[0] hDevice[0x0]  pipelineRefCount[0]><subdeviceActuator: isAcquired[0] deviceIndex[25] hDevice[0x45011c]  pipelineRefCount[0]><subdeviceFlash: isAcquired[0] deviceIndex[16] hDevice[0x121]  pipelineRefCount[0]><subdeviceTPG: isAcquired[0] deviceIndex[0] hDevice[0x0]  pipelineRefCount[0]>
01-24 13:12:28.849  1982 31971 E CamX    : [ERROR][SENSOR ] camxsensorcache.cpp:435 ReleaseAllCache() [SUBDEV_DBG]Camera[3] ReleaseAllCache:hCSLSession0[0xab0200] hCSLSession1[0x0]refcount[0]<subdeviceSensor: isAcquired[0] deviceIndex[33] hDevice[0x580108]  pipelineRefCount[0]><subdeviceCSIPHY: isAcquired[0] deviceIndex[4] hDevice[0x1d0119]  pipelineRefCount[0]><subdeviceOIS: isAcquired[0] deviceIndex[27] hDevice[0xb40109]  pipelineRefCount[0]><subdeviceActuator: isAcquired[0] deviceIndex[22] hDevice[0x90011a]  pipelineRefCount[0]><subdeviceFlash: isAcquired[0] deviceIndex[17] hDevice[0xe6011f]  pipelineRefCount[0]><subdeviceTPG: isAcquired[0] deviceIndex[0] hDevice[0x0]  pipelineRefCount[0]>
01-24 13:12:28.849  1982 31971 E CamX    : [ERROR][SENSOR ] camxsensorcache.cpp:435 ReleaseAllCache() [SUBDEV_DBG]Camera[4] ReleaseAllCache:hCSLSession0[0xab0200] hCSLSession1[0x0]refcount[0]<subdeviceSensor: isAcquired[0] deviceIndex[34] hDevice[0x370106]  pipelineRefCount[0]><subdeviceCSIPHY: isAcquired[0] deviceIndex[2] hDevice[0x4b0102]  pipelineRefCount[0]><subdeviceOIS: isAcquired[0] deviceIndex[28] hDevice[0x7f0107]  pipelineRefCount[0]><subdeviceActuator: isAcquired[0] deviceIndex[24] hDevice[0x700104]  pipelineRefCount[0]><subdeviceFlash: isAcquired[0] deviceIndex[18] hDevice[0xa70120]  pipelineRefCount[0]><subdeviceTPG: isAcquired[0] deviceIndex[0] hDevice[0x0]  pipelineRefCount[0]>
01-24 13:12:28.849  1982 31971 E CamX    : [ERROR][SENSOR ] camxsensorcache.cpp:435 ReleaseAllCache() [SUBDEV_DBG]Camera[5] ReleaseAllCache:hCSLSession0[0xa30200] hCSLSession1[0x0]refcount[0]<subdeviceSensor: isAcquired[0] deviceIndex[35] hDevice[0xd00101]  pipelineRefCount[0]><subdeviceCSIPHY: isAcquired[0] deviceIndex[5] hDevice[0xff0102]  pipelineRefCount[0]><subdeviceOIS: isAcquired[0] deviceIndex[0] hDevice[0x0]  pipelineRefCount[0]><subdeviceActuator: isAcquired[0] deviceIndex[23] hDevice[0xb70103]  pipelineRefCount[0]><subdeviceFlash: isAcquired[0] deviceIndex[0] hDevice[0x0]  pipelineRefCount[0]><subdeviceTPG: isAcquired[0] deviceIndex[0] hDevice[0x0]  pipelineRefCount[0]>
01-24 13:12:28.849  1982 31971 E CamX    : [ERROR][SENSOR ] camxsensorcache.cpp:435 ReleaseAllCache() [SUBDEV_DBG]Camera[6] ReleaseAllCache:hCSLSession0[0x0] hCSLSession1[0x0]refcount[0]<subdeviceSensor: isAcquired[0] deviceIndex[0] hDevice[0x0]  pipelineRefCount[0]><subdeviceCSIPHY: isAcquired[0] deviceIndex[0] hDevice[0x0]  pipelineRefCount[0]><subdeviceOIS: isAcquired[0] deviceIndex[0] hDevice[0x0]  pipelineRefCount[0]><subdeviceActuator: isAcquired[0] deviceIndex[0] hDevice[0x0]  pipelineRefCount[0]><subdeviceFlash: isAcquired[0] deviceIndex[0] hDevice[0x0]  pipelineRefCount[0]><subdeviceTPG: isAcquired[0] deviceIndex[0] hDevice[0x0]  pipelineRefCount[0]>
01-24 13:12:28.849  1982 31971 E CamX    : [ERROR][SENSOR ] camxsensorcache.cpp:435 ReleaseAllCache() [SUBDEV_DBG]Camera[7] ReleaseAllCache:hCSLSession0[0x0] hCSLSession1[0x0]refcount[0]<subdeviceSensor: isAcquired[0] deviceIndex[0] hDevice[0x0]  pipelineRefCount[0]><subdeviceCSIPHY: isAcquired[0] deviceIndex[0] hDevice[0x0]  pipelineRefCount[0]><subdeviceOIS: isAcquired[0] deviceIndex[0] hDevice[0x0]  pipelineRefCount[0]><subdeviceActuator: isAcquired[0] deviceIndex[0] hDevice[0x0]  pipelineRefCount[0]><subdeviceFlash: isAcquired[0] deviceIndex[0] hDevice[0x0]  pipelineRefCount[0]><subdeviceTPG: isAcquired[0] deviceIndex[0] hDevice[0x0]  pipelineRefCount[0]>
01-24 13:12:28.849  1982 31971 E CamX    : [ERROR][SENSOR ] camxsensorcache.cpp:435 ReleaseAllCache() [SUBDEV_DBG]Camera[8] ReleaseAllCache:hCSLSession0[0x0] hCSLSession1[0x0]refcount[0]<subdeviceSensor: isAcquired[0] deviceIndex[0] hDevice[0x0]  pipelineRefCount[0]><subdeviceCSIPHY: isAcquired[0] deviceIndex[0] hDevice[0x0]  pipelineRefCount[0]><subdeviceOIS: isAcquired[0] deviceIndex[0] hDevice[0x0]  pipelineRefCount[0]><subdeviceActuator: isAcquired[0] deviceIndex[0] hDevice[0x0]  pipelineRefCount[0]><subdeviceFlash: isAcquired[0] deviceIndex[0] hDevice[0x0]  pipelineRefCount[0]><subdeviceTPG: isAcquired[0] deviceIndex[0] hDevice[0x0]  pipelineRefCount[0]>
01-24 13:12:28.849  1982 31971 E CamX    : [ERROR][SENSOR ] camxsensorcache.cpp:435 ReleaseAllCache() [SUBDEV_DBG]Camera[9] ReleaseAllCache:hCSLSession0[0x0] hCSLSession1[0x0]refcount[0]<subdeviceSensor: isAcquired[0] deviceIndex[0] hDevice[0x0]  pipelineRefCount[0]><subdeviceCSIPHY: isAcquired[0] deviceIndex[0] hDevice[0x0]  pipelineRefCount[0]><subdeviceOIS: isAcquired[0] deviceIndex[0] hDevice[0x0]  pipelineRefCount[0]><subdeviceActuator: isAcquired[0] deviceIndex[0] hDevice[0x0]  pipelineRefCount[0]><subdeviceFlash: isAcquired[0] deviceIndex[0] hDevice[0x0]  pipelineRefCount[0]><subdeviceTPG: isAcquired[0] deviceIndex[0] hDevice[0x0]  pipelineRefCount[0]>
01-24 13:12:28.849  1982 31971 E CamX    : [ERROR][SENSOR ] camxsensorcache.cpp:435 ReleaseAllCache() [SUBDEV_DBG]Camera[10] ReleaseAllCache:hCSLSession0[0x0] hCSLSession1[0x0]refcount[0]<subdeviceSensor: isAcquired[0] deviceIndex[0] hDevice[0x0]  pipelineRefCount[0]><subdeviceCSIPHY: isAcquired[0] deviceIndex[0] hDevice[0x0]  pipelineRefCount[0]><subdeviceOIS: isAcquired[0] deviceIndex[0] hDevice[0x0]  pipelineRefCount[0]><subdeviceActuator: isAcquired[0] deviceIndex[0] hDevice[0x0]  pipelineRefCount[0]><subdeviceFlash: isAcquired[0] deviceIndex[0] hDevice[0x0]  pipelineRefCount[0]><subdeviceTPG: isAcquired[0] deviceIndex[0] hDevice[0x0]  pipelineRefCount[0]>
01-24 13:12:28.849  1982 31971 E CamX    : [ERROR][SENSOR ] camxsensorcache.cpp:435 ReleaseAllCache() [SUBDEV_DBG]Camera[11] ReleaseAllCache:hCSLSession0[0x0] hCSLSession1[0x0]refcount[0]<subdeviceSensor: isAcquired[0] deviceIndex[0] hDevice[0x0]  pipelineRefCount[0]><subdeviceCSIPHY: isAcquired[0] deviceIndex[0] hDevice[0x0]  pipelineRefCount[0]><subdeviceOIS: isAcquired[0] deviceIndex[0] hDevice[0x0]  pipelineRefCount[0]><subdeviceActuator: isAcquired[0] deviceIndex[0] hDevice[0x0]  pipelineRefCount[0]><subdeviceFlash: isAcquired[0] deviceIndex[0] hDevice[0x0]  pipelineRefCount[0]><subdeviceTPG: isAcquired[0] deviceIndex[0] hDevice[0x0]  pipelineRefCount[0]>
01-24 13:12:28.849  1982 31971 E CamX    : [ERROR][SENSOR ] camxsensorcache.cpp:435 ReleaseAllCache() [SUBDEV_DBG]Camera[12] ReleaseAllCache:hCSLSession0[0x0] hCSLSession1[0x0]refcount[0]<subdeviceSensor: isAcquired[0] deviceIndex[0] hDevice[0x0]  pipelineRefCount[0]><subdeviceCSIPHY: isAcquired[0] deviceIndex[0] hDevice[0x0]  pipelineRefCount[0]><subdeviceOIS: isAcquired[0] deviceIndex[0] hDevice[0x0]  pipelineRefCount[0]><subdeviceActuator: isAcquired[0] deviceIndex[0] hDevice[0x0]  pipelineRefCount[0]><subdeviceFlash: isAcquired[0] deviceIndex[0] hDevice[0x0]  pipelineRefCount[0]><subdeviceTPG: isAcquired[0] deviceIndex[0] hDevice[0x0]  pipelineRefCount[0]>
01-24 13:12:28.849  1982 31971 E CamX    : [ERROR][SENSOR ] camxsensorcache.cpp:435 ReleaseAllCache() [SUBDEV_DBG]Camera[13] ReleaseAllCache:hCSLSession0[0x0] hCSLSession1[0x0]refcount[0]<subdeviceSensor: isAcquired[0] deviceIndex[0] hDevice[0x0]  pipelineRefCount[0]><subdeviceCSIPHY: isAcquired[0] deviceIndex[0] hDevice[0x0]  pipelineRefCount[0]><subdeviceOIS: isAcquired[0] deviceIndex[0] hDevice[0x0]  pipelineRefCount[0]><subdeviceActuator: isAcquired[0] deviceIndex[0] hDevice[0x0]  pipelineRefCount[0]><subdeviceFlash: isAcquired[0] deviceIndex[0] hDevice[0x0]  pipelineRefCount[0]><subdeviceTPG: isAcquired[0] deviceIndex[0] hDevice[0x0]  pipelineRefCount[0]>
01-24 13:12:28.849  1982 31971 E CamX    : [ERROR][SENSOR ] camxsensorcache.cpp:435 ReleaseAllCache() [SUBDEV_DBG]Camera[14] ReleaseAllCache:hCSLSession0[0x0] hCSLSession1[0x0]refcount[0]<subdeviceSensor: isAcquired[0] deviceIndex[0] hDevice[0x0]  pipelineRefCount[0]><subdeviceCSIPHY: isAcquired[0] deviceIndex[0] hDevice[0x0]  pipelineRefCount[0]><subdeviceOIS: isAcquired[0] deviceIndex[0] hDevice[0x0]  pipelineRefCount[0]><subdeviceActuator: isAcquired[0] deviceIndex[0] hDevice[0x0]  pipelineRefCount[0]><subdeviceFlash: isAcquired[0] deviceIndex[0] hDevice[0x0]  pipelineRefCount[0]><subdeviceTPG: isAcquired[0] deviceIndex[0] hDevice[0x0]  pipelineRefCount[0]>
01-24 13:12:28.849  1982 31971 E CamX    : [ERROR][SENSOR ] camxsensorcache.cpp:435 ReleaseAllCache() [SUBDEV_DBG]Camera[15] ReleaseAllCache:hCSLSession0[0x0] hCSLSession1[0x0]refcount[0]<subdeviceSensor: isAcquired[0] deviceIndex[0] hDevice[0x0]  pipelineRefCount[0]><subdeviceCSIPHY: isAcquired[0] deviceIndex[0] hDevice[0x0]  pipelineRefCount[0]><subdeviceOIS: isAcquired[0] deviceIndex[0] hDevice[0x0]  pipelineRefCount[0]><subdeviceActuator: isAcquired[0] deviceIndex[0] hDevice[0x0]  pipelineRefCount[0]><subdeviceFlash: isAcquired[0] deviceIndex[0] hDevice[0x0]  pipelineRefCount[0]><subdeviceTPG: isAcquired[0] deviceIndex[0] hDevice[0x0]  pipelineRefCount[0]>
01-24 13:12:28.849  1982 31971 E CamX    : [ERROR][SENSOR ] camxsensorcache.cpp:449 ReleaseAllCache() [SUBDEV_DBG]Sensor[0]SubDev[0]PipelineRefCount[0]hDevice[8978689]isAcquired[0]
01-24 13:12:28.849  1982 31971 E CamX    : [ERROR][SENSOR ] camxsensorcache.cpp:449 ReleaseAllCache() [SUBDEV_DBG]Sensor[0]SubDev[1]PipelineRefCount[0]hDevice[2228483]isAcquired[0]
01-24 13:12:28.849  1982 31971 E CamX    : [ERROR][SENSOR ] camxsensorcache.cpp:449 ReleaseAllCache() [SUBDEV_DBG]Sensor[0]SubDev[2]PipelineRefCount[0]hDevice[15663370]isAcquired[0]
01-24 13:12:28.849  1982 31971 E CamX    : [ERROR][SENSOR ] camxsensorcache.cpp:449 ReleaseAllCache() [SUBDEV_DBG]Sensor[0]SubDev[3]PipelineRefCount[0]hDevice[5636363]isAcquired[0]
01-24 13:12:28.849  1982 31971 E CamX    : [ERROR][SENSOR ] camxsensorcache.cpp:449 ReleaseAllCache() [SUBDEV_DBG]Sensor[0]SubDev[4]PipelineRefCount[0]hDevice[262420]isAcquired[0]
01-24 13:12:28.849  1982 31971 E CamX    : [ERROR][SENSOR ] camxsensorcache.cpp:449 ReleaseAllCache() [SUBDEV_DBG]Sensor[0]SubDev[5]PipelineRefCount[0]hDevice[0]isAcquired[0]
01-24 13:12:28.849  1982 31971 E CamX    : [ERROR][SENSOR ] camxsensorcache.cpp:435 ReleaseAllCache() [SUBDEV_DBG]Camera[0] ReleaseAllCache:hCSLSession0[0xab0200] hCSLSession1[0x0]refcount[0]<subdeviceSensor: isAcquired[0] deviceIndex[30] hDevice[0x890101]  pipelineRefCount[0]><subdeviceCSIPHY: isAcquired[0] deviceIndex[6] hDevice[0x220103]  pipelineRefCount[0]><subdeviceOIS: isAcquired[0] deviceIndex[26] hDevice[0xef010a]  pipelineRefCount[0]><subdeviceActuator: isAcquired[0] deviceIndex[7] hDevice[0x56010b]  pipelineRefCount[0]><subdeviceFlash: isAcquired[0] deviceIndex[15] hDevice[0x40114]  pipelineRefCount[0]><subdeviceTPG: isAcquired[0] deviceIndex[0] hDevice[0x0]  pipelineRefCount[0]>
01-24 13:12:28.849  1982 31971 E CamX    : [ERROR][SENSOR ] camxsensorcache.cpp:435 ReleaseAllCache() [SUBDEV_DBG]Camera[1] ReleaseAllCache:hCSLSession0[0xe60200] hCSLSession1[0x0]refcount[0]<subdeviceSensor: isAcquired[0] deviceIndex[31] hDevice[0x980101]  pipelineRefCount[0]><subdeviceCSIPHY: isAcquired[0] deviceIndex[5] hDevice[0xfa0103]  pipelineRefCount[0]><subdeviceOIS: isAcquired[0] deviceIndex[0] hDevice[0x0]  pipelineRefCount[0]><subdeviceActuator: isAcquired[0] deviceIndex[23] hDevice[0x520102]  pipelineRefCount[0]><subdeviceFlash: isAcquired[0] deviceIndex[0] hDevice[0x0]  pipelineRefCount[0]><subdeviceTPG: isAcquired[0] deviceIndex[0] hDevice[0x0]  pipelineRefCount[0]>
01-24 13:12:28.849  1982 31971 E CamX    : [ERROR][SENSOR ] camxsensorcache.cpp:435 ReleaseAllCache() [SUBDEV_DBG]Camera[2] ReleaseAllCache:hCSLSession0[0xab0200] hCSLSession1[0x0]refcount[0]<subdeviceSensor: isAcquired[0] deviceIndex[32] hDevice[0x420105]  pipelineRefCount[0]><subdeviceCSIPHY: isAcquired[0] deviceIndex[3] hDevice[0xd4011b]  pipelineRefCount[0]><subdeviceOIS: isAcquired[0] deviceIndex[0] hDevice[0x0]  pipelineRefCount[0]><subdeviceActuator: isAcquired[0] deviceIndex[25] hDevice[0x45011c]  pipelineRefCount[0]><subdeviceFlash: isAcquired[0] deviceIndex[16] hDevice[0x121]  pipelineRefCount[0]><subdeviceTPG: isAcquired[0] deviceIndex[0] hDevice[0x0]  pipelineRefCount[0]>
01-24 13:12:28.849  1982 31971 E CamX    : [ERROR][SENSOR ] camxsensorcache.cpp:435 ReleaseAllCache() [SUBDEV_DBG]Camera[3] ReleaseAllCache:hCSLSession0[0xab0200] hCSLSession1[0x0]refcount[0]<subdeviceSensor: isAcquired[0] deviceIndex[33] hDevice[0x580108]  pipelineRefCount[0]><subdeviceCSIPHY: isAcquired[0] deviceIndex[4] hDevice[0x1d0119]  pipelineRefCount[0]><subdeviceOIS: isAcquired[0] deviceIndex[27] hDevice[0xb40109]  pipelineRefCount[0]><subdeviceActuator: isAcquired[0] deviceIndex[22] hDevice[0x90011a]  pipelineRefCount[0]><subdeviceFlash: isAcquired[0] deviceIndex[17] hDevice[0xe6011f]  pipelineRefCount[0]><subdeviceTPG: isAcquired[0] deviceIndex[0] hDevice[0x0]  pipelineRefCount[0]>
01-24 13:12:28.849  1982 31971 E CamX    : [ERROR][SENSOR ] camxsensorcache.cpp:435 ReleaseAllCache() [SUBDEV_DBG]Camera[4] ReleaseAllCache:hCSLSession0[0xab0200] hCSLSession1[0x0]refcount[0]<subdeviceSensor: isAcquired[0] deviceIndex[34] hDevice[0x370106]  pipelineRefCount[0]><subdeviceCSIPHY: isAcquired[0] deviceIndex[2] hDevice[0x4b0102]  pipelineRefCount[0]><subdeviceOIS: isAcquired[0] deviceIndex[28] hDevice[0x7f0107]  pipelineRefCount[0]><subdeviceActuator: isAcquired[0] deviceIndex[24] hDevice[0x700104]  pipelineRefCount[0]><subdeviceFlash: isAcquired[0] deviceIndex[18] hDevice[0xa70120]  pipelineRefCount[0]><subdeviceTPG: isAcquired[0] deviceIndex[0] hDevice[0x0]  pipelineRefCount[0]>
01-24 13:12:28.849  1982 31971 E CamX    : [ERROR][SENSOR ] camxsensorcache.cpp:435 ReleaseAllCache() [SUBDEV_DBG]Camera[5] ReleaseAllCache:hCSLSession0[0xa30200] hCSLSession1[0x0]refcount[0]<subdeviceSensor: isAcquired[0] deviceIndex[35] hDevice[0xd00101]  pipelineRefCount[0]><subdeviceCSIPHY: isAcquired[0] deviceIndex[5] hDevice[0xff0102]  pipelineRefCount[0]><subdeviceOIS: isAcquired[0] deviceIndex[0] hDevice[0x0]  pipelineRefCount[0]><subdeviceActuator: isAcquired[0] deviceIndex[23] hDevice[0xb70103]  pipelineRefCount[0]><subdeviceFlash: isAcquired[0] deviceIndex[0] hDevice[0x0]  pipelineRefCount[0]><subdeviceTPG: isAcquired[0] deviceIndex[0] hDevice[0x0]  pipelineRefCount[0]>
01-24 13:12:28.849  1982 31971 E CamX    : [ERROR][SENSOR ] camxsensorcache.cpp:435 ReleaseAllCache() [SUBDEV_DBG]Camera[6] ReleaseAllCache:hCSLSession0[0x0] hCSLSession1[0x0]refcount[0]<subdeviceSensor: isAcquired[0] deviceIndex[0] hDevice[0x0]  pipelineRefCount[0]><subdeviceCSIPHY: isAcquired[0] deviceIndex[0] hDevice[0x0]  pipelineRefCount[0]><subdeviceOIS: isAcquired[0] deviceIndex[0] hDevice[0x0]  pipelineRefCount[0]><subdeviceActuator: isAcquired[0] deviceIndex[0] hDevice[0x0]  pipelineRefCount[0]><subdeviceFlash: isAcquired[0] deviceIndex[0] hDevice[0x0]  pipelineRefCount[0]><subdeviceTPG: isAcquired[0] deviceIndex[0] hDevice[0x0]  pipelineRefCount[0]>
01-24 13:12:28.849  1982 31971 E CamX    : [ERROR][SENSOR ] camxsensorcache.cpp:435 ReleaseAllCache() [SUBDEV_DBG]Camera[7] ReleaseAllCache:hCSLSession0[0x0] hCSLSession1[0x0]refcount[0]<subdeviceSensor: isAcquired[0] deviceIndex[0] hDevice[0x0]  pipelineRefCount[0]><subdeviceCSIPHY: isAcquired[0] deviceIndex[0] hDevice[0x0]  pipelineRefCount[0]><subdeviceOIS: isAcquired[0] deviceIndex[0] hDevice[0x0]  pipelineRefCount[0]><subdeviceActuator: isAcquired[0] deviceIndex[0] hDevice[0x0]  pipelineRefCount[0]><subdeviceFlash: isAcquired[0] deviceIndex[0] hDevice[0x0]  pipelineRefCount[0]><subdeviceTPG: isAcquired[0] deviceIndex[0] hDevice[0x0]  pipelineRefCount[0]>
01-24 13:12:28.849  1982 31971 E CamX    : [ERROR][SENSOR ] camxsensorcache.cpp:435 ReleaseAllCache() [SUBDEV_DBG]Camera[8] ReleaseAllCache:hCSLSession0[0x0] hCSLSession1[0x0]refcount[0]<subdeviceSensor: isAcquired[0] deviceIndex[0] hDevice[0x0]  pipelineRefCount[0]><subdeviceCSIPHY: isAcquired[0] deviceIndex[0] hDevice[0x0]  pipelineRefCount[0]><subdeviceOIS: isAcquired[0] deviceIndex[0] hDevice[0x0]  pipelineRefCount[0]><subdeviceActuator: isAcquired[0] deviceIndex[0] hDevice[0x0]  pipelineRefCount[0]><subdeviceFlash: isAcquired[0] deviceIndex[0] hDevice[0x0]  pipelineRefCount[0]><subdeviceTPG: isAcquired[0] deviceIndex[0] hDevice[0x0]  pipelineRefCount[0]>
01-24 13:12:28.849  1982 31971 E CamX    : [ERROR][SENSOR ] camxsensorcache.cpp:435 ReleaseAllCache() [SUBDEV_DBG]Camera[9] ReleaseAllCache:hCSLSession0[0x0] hCSLSession1[0x0]refcount[0]<subdeviceSensor: isAcquired[0] deviceIndex[0] hDevice[0x0]  pipelineRefCount[0]><subdeviceCSIPHY: isAcquired[0] deviceIndex[0] hDevice[0x0]  pipelineRefCount[0]><subdeviceOIS: isAcquired[0] deviceIndex[0] hDevice[0x0]  pipelineRefCount[0]><subdeviceActuator: isAcquired[0] deviceIndex[0] hDevice[0x0]  pipelineRefCount[0]><subdeviceFlash: isAcquired[0] deviceIndex[0] hDevice[0x0]  pipelineRefCount[0]><subdeviceTPG: isAcquired[0] deviceIndex[0] hDevice[0x0]  pipelineRefCount[0]>
01-24 13:12:28.849  1982 31971 E CamX    : [ERROR][SENSOR ] camxsensorcache.cpp:435 ReleaseAllCache() [SUBDEV_DBG]Camera[10] ReleaseAllCache:hCSLSession0[0x0] hCSLSession1[0x0]refcount[0]<subdeviceSensor: isAcquired[0] deviceIndex[0] hDevice[0x0]  pipelineRefCount[0]><subdeviceCSIPHY: isAcquired[0] deviceIndex[0] hDevice[0x0]  pipelineRefCount[0]><subdeviceOIS: isAcquired[0] deviceIndex[0] hDevice[0x0]  pipelineRefCount[0]><subdeviceActuator: isAcquired[0] deviceIndex[0] hDevice[0x0]  pipelineRefCount[0]><subdeviceFlash: isAcquired[0] deviceIndex[0] hDevice[0x0]  pipelineRefCount[0]><subdeviceTPG: isAcquired[0] deviceIndex[0] hDevice[0x0]  pipelineRefCount[0]>
01-24 13:12:28.849  1982 31971 E CamX    : [ERROR][SENSOR ] camxsensorcache.cpp:435 ReleaseAllCache() [SUBDEV_DBG]Camera[11] ReleaseAllCache:hCSLSession0[0x0] hCSLSession1[0x0]refcount[0]<subdeviceSensor: isAcquired[0] deviceIndex[0] hDevice[0x0]  pipelineRefCount[0]><subdeviceCSIPHY: isAcquired[0] deviceIndex[0] hDevice[0x0]  pipelineRefCount[0]><subdeviceOIS: isAcquired[0] deviceIndex[0] hDevice[0x0]  pipelineRefCount[0]><subdeviceActuator: isAcquired[0] deviceIndex[0] hDevice[0x0]  pipelineRefCount[0]><subdeviceFlash: isAcquired[0] deviceIndex[0] hDevice[0x0]  pipelineRefCount[0]><subdeviceTPG: isAcquired[0] deviceIndex[0] hDevice[0x0]  pipelineRefCount[0]>
01-24 13:12:28.849  1982 31971 E CamX    : [ERROR][SENSOR ] camxsensorcache.cpp:435 ReleaseAllCache() [SUBDEV_DBG]Camera[12] ReleaseAllCache:hCSLSession0[0x0] hCSLSession1[0x0]refcount[0]<subdeviceSensor: isAcquired[0] deviceIndex[0] hDevice[0x0]  pipelineRefCount[0]><subdeviceCSIPHY: isAcquired[0] deviceIndex[0] hDevice[0x0]  pipelineRefCount[0]><subdeviceOIS: isAcquired[0] deviceIndex[0] hDevice[0x0]  pipelineRefCount[0]><subdeviceActuator: isAcquired[0] deviceIndex[0] hDevice[0x0]  pipelineRefCount[0]><subdeviceFlash: isAcquired[0] deviceIndex[0] hDevice[0x0]  pipelineRefCount[0]><subdeviceTPG: isAcquired[0] deviceIndex[0] hDevice[0x0]  pipelineRefCount[0]>
01-24 13:12:28.849  1982 31971 E CamX    : [ERROR][SENSOR ] camxsensorcache.cpp:435 ReleaseAllCache() [SUBDEV_DBG]Camera[13] ReleaseAllCache:hCSLSession0[0x0] hCSLSession1[0x0]refcount[0]<subdeviceSensor: isAcquired[0] deviceIndex[0] hDevice[0x0]  pipelineRefCount[0]><subdeviceCSIPHY: isAcquired[0] deviceIndex[0] hDevice[0x0]  pipelineRefCount[0]><subdeviceOIS: isAcquired[0] deviceIndex[0] hDevice[0x0]  pipelineRefCount[0]><subdeviceActuator: isAcquired[0] deviceIndex[0] hDevice[0x0]  pipelineRefCount[0]><subdeviceFlash: isAcquired[0] deviceIndex[0] hDevice[0x0]  pipelineRefCount[0]><subdeviceTPG: isAcquired[0] deviceIndex[0] hDevice[0x0]  pipelineRefCount[0]>
01-24 13:12:28.849  1982 31971 E CamX    : [ERROR][SENSOR ] camxsensorcache.cpp:435 ReleaseAllCache() [SUBDEV_DBG]Camera[14] ReleaseAllCache:hCSLSession0[0x0] hCSLSession1[0x0]refcount[0]<subdeviceSensor: isAcquired[0] deviceIndex[0] hDevice[0x0]  pipelineRefCount[0]><subdeviceCSIPHY: isAcquired[0] deviceIndex[0] hDevice[0x0]  pipelineRefCount[0]><subdeviceOIS: isAcquired[0] deviceIndex[0] hDevice[0x0]  pipelineRefCount[0]><subdeviceActuator: isAcquired[0] deviceIndex[0] hDevice[0x0]  pipelineRefCount[0]><subdeviceFlash: isAcquired[0] deviceIndex[0] hDevice[0x0]  pipelineRefCount[0]><subdeviceTPG: isAcquired[0] deviceIndex[0] hDevice[0x0]  pipelineRefCount[0]>
01-24 13:12:28.849  1982 31971 E CamX    : [ERROR][SENSOR ] camxsensorcache.cpp:435 ReleaseAllCache() [SUBDEV_DBG]Camera[15] ReleaseAllCache:hCSLSession0[0x0] hCSLSession1[0x0]refcount[0]<subdeviceSensor: isAcquired[0] deviceIndex[0] hDevice[0x0]  pipelineRefCount[0]><subdeviceCSIPHY: isAcquired[0] deviceIndex[0] hDevice[0x0]  pipelineRefCount[0]><subdeviceOIS: isAcquired[0] deviceIndex[0] hDevice[0x0]  pipelineRefCount[0]><subdeviceActuator: isAcquired[0] deviceIndex[0] hDevice[0x0]  pipelineRefCount[0]><subdeviceFlash: isAcquired[0] deviceIndex[0] hDevice[0x0]  pipelineRefCount[0]><subdeviceTPG: isAcquired[0] deviceIndex[0] hDevice[0x0]  pipelineRefCount[0]>
01-24 13:12:28.849  1982 31971 E CamX    : [ERROR][SENSOR ] camxsensorcache.cpp:449 ReleaseAllCache() [SUBDEV_DBG]Sensor[3]SubDev[0]PipelineRefCount[0]hDevice[5767432]isAcquired[0]
01-24 13:12:28.849  1982 31971 E CamX    : [ERROR][SENSOR ] camxsensorcache.cpp:449 ReleaseAllCache() [SUBDEV_DBG]Sensor[3]SubDev[1]PipelineRefCount[0]hDevice[1900825]isAcquired[0]
01-24 13:12:28.849  1982 31971 E CamX    : [ERROR][SENSOR ] camxsensorcache.cpp:449 ReleaseAllCache() [SUBDEV_DBG]Sensor[3]SubDev[2]PipelineRefCount[0]hDevice[11796745]isAcquired[0]
01-24 13:12:28.849  1982 31971 E CamX    : [ERROR][SENSOR ] camxsensorcache.cpp:449 ReleaseAllCache() [SUBDEV_DBG]Sensor[3]SubDev[3]PipelineRefCount[0]hDevice[9437466]isAcquired[0]
01-24 13:12:28.849  1982 31971 E CamX    : [ERROR][SENSOR ] camxsensorcache.cpp:449 ReleaseAllCache() [SUBDEV_DBG]Sensor[3]SubDev[4]PipelineRefCount[0]hDevice[15073567]isAcquired[0]
01-24 13:12:28.849  1982 31971 E CamX    : [ERROR][SENSOR ] camxsensorcache.cpp:449 ReleaseAllCache() [SUBDEV_DBG]Sensor[3]SubDev[5]PipelineRefCount[0]hDevice[0]isAcquired[0]
01-24 13:12:28.849  1982 31971 E CamX    : [ERROR][SENSOR ] camxsensorcache.cpp:435 ReleaseAllCache() [SUBDEV_DBG]Camera[0] ReleaseAllCache:hCSLSession0[0xab0200] hCSLSession1[0x0]refcount[0]<subdeviceSensor: isAcquired[0] deviceIndex[30] hDevice[0x890101]  pipelineRefCount[0]><subdeviceCSIPHY: isAcquired[0] deviceIndex[6] hDevice[0x220103]  pipelineRefCount[0]><subdeviceOIS: isAcquired[0] deviceIndex[26] hDevice[0xef010a]  pipelineRefCount[0]><subdeviceActuator: isAcquired[0] deviceIndex[7] hDevice[0x56010b]  pipelineRefCount[0]><subdeviceFlash: isAcquired[0] deviceIndex[15] hDevice[0x40114]  pipelineRefCount[0]><subdeviceTPG: isAcquired[0] deviceIndex[0] hDevice[0x0]  pipelineRefCount[0]>
01-24 13:12:28.849  1982 31971 E CamX    : [ERROR][SENSOR ] camxsensorcache.cpp:435 ReleaseAllCache() [SUBDEV_DBG]Camera[1] ReleaseAllCache:hCSLSession0[0xe60200] hCSLSession1[0x0]refcount[0]<subdeviceSensor: isAcquired[0] deviceIndex[31] hDevice[0x980101]  pipelineRefCount[0]><subdeviceCSIPHY: isAcquired[0] deviceIndex[5] hDevice[0xfa0103]  pipelineRefCount[0]><subdeviceOIS: isAcquired[0] deviceIndex[0] hDevice[0x0]  pipelineRefCount[0]><subdeviceActuator: isAcquired[0] deviceIndex[23] hDevice[0x520102]  pipelineRefCount[0]><subdeviceFlash: isAcquired[0] deviceIndex[0] hDevice[0x0]  pipelineRefCount[0]><subdeviceTPG: isAcquired[0] deviceIndex[0] hDevice[0x0]  pipelineRefCount[0]>
01-24 13:12:28.849  1982 31971 E CamX    : [ERROR][SENSOR ] camxsensorcache.cpp:435 ReleaseAllCache() [SUBDEV_DBG]Camera[2] ReleaseAllCache:hCSLSession0[0xab0200] hCSLSession1[0x0]refcount[0]<subdeviceSensor: isAcquired[0] deviceIndex[32] hDevice[0x420105]  pipelineRefCount[0]><subdeviceCSIPHY: isAcquired[0] deviceIndex[3] hDevice[0xd4011b]  pipelineRefCount[0]><subdeviceOIS: isAcquired[0] deviceIndex[0] hDevice[0x0]  pipelineRefCount[0]><subdeviceActuator: isAcquired[0] deviceIndex[25] hDevice[0x45011c]  pipelineRefCount[0]><subdeviceFlash: isAcquired[0] deviceIndex[16] hDevice[0x121]  pipelineRefCount[0]><subdeviceTPG: isAcquired[0] deviceIndex[0] hDevice[0x0]  pipelineRefCount[0]>
01-24 13:12:28.849  1982 31971 E CamX    : [ERROR][SENSOR ] camxsensorcache.cpp:435 ReleaseAllCache() [SUBDEV_DBG]Camera[3] ReleaseAllCache:hCSLSession0[0xab0200] hCSLSession1[0x0]refcount[0]<subdeviceSensor: isAcquired[0] deviceIndex[33] hDevice[0x580108]  pipelineRefCount[0]><subdeviceCSIPHY: isAcquired[0] deviceIndex[4] hDevice[0x1d0119]  pipelineRefCount[0]><subdeviceOIS: isAcquired[0] deviceIndex[27] hDevice[0xb40109]  pipelineRefCount[0]><subdeviceActuator: isAcquired[0] deviceIndex[22] hDevice[0x90011a]  pipelineRefCount[0]><subdeviceFlash: isAcquired[0] deviceIndex[17] hDevice[0xe6011f]  pipelineRefCount[0]><subdeviceTPG: isAcquired[0] deviceIndex[0] hDevice[0x0]  pipelineRefCount[0]>
01-24 13:12:28.849  1982 31971 E CamX    : [ERROR][SENSOR ] camxsensorcache.cpp:435 ReleaseAllCache() [SUBDEV_DBG]Camera[4] ReleaseAllCache:hCSLSession0[0xab0200] hCSLSession1[0x0]refcount[0]<subdeviceSensor: isAcquired[0] deviceIndex[34] hDevice[0x370106]  pipelineRefCount[0]><subdeviceCSIPHY: isAcquired[0] deviceIndex[2] hDevice[0x4b0102]  pipelineRefCount[0]><subdeviceOIS: isAcquired[0] deviceIndex[28] hDevice[0x7f0107]  pipelineRefCount[0]><subdeviceActuator: isAcquired[0] deviceIndex[24] hDevice[0x700104]  pipelineRefCount[0]><subdeviceFlash: isAcquired[0] deviceIndex[18] hDevice[0xa70120]  pipelineRefCount[0]><subdeviceTPG: isAcquired[0] deviceIndex[0] hDevice[0x0]  pipelineRefCount[0]>
01-24 13:12:28.849  1982 31971 E CamX    : [ERROR][SENSOR ] camxsensorcache.cpp:435 ReleaseAllCache() [SUBDEV_DBG]Camera[5] ReleaseAllCache:hCSLSession0[0xa30200] hCSLSession1[0x0]refcount[0]<subdeviceSensor: isAcquired[0] deviceIndex[35] hDevice[0xd00101]  pipelineRefCount[0]><subdeviceCSIPHY: isAcquired[0] deviceIndex[5] hDevice[0xff0102]  pipelineRefCount[0]><subdeviceOIS: isAcquired[0] deviceIndex[0] hDevice[0x0]  pipelineRefCount[0]><subdeviceActuator: isAcquired[0] deviceIndex[23] hDevice[0xb70103]  pipelineRefCount[0]><subdeviceFlash: isAcquired[0] deviceIndex[0] hDevice[0x0]  pipelineRefCount[0]><subdeviceTPG: isAcquired[0] deviceIndex[0] hDevice[0x0]  pipelineRefCount[0]>
01-24 13:12:28.849  1982 31971 E CamX    : [ERROR][SENSOR ] camxsensorcache.cpp:435 ReleaseAllCache() [SUBDEV_DBG]Camera[6] ReleaseAllCache:hCSLSession0[0x0] hCSLSession1[0x0]refcount[0]<subdeviceSensor: isAcquired[0] deviceIndex[0] hDevice[0x0]  pipelineRefCount[0]><subdeviceCSIPHY: isAcquired[0] deviceIndex[0] hDevice[0x0]  pipelineRefCount[0]><subdeviceOIS: isAcquired[0] deviceIndex[0] hDevice[0x0]  pipelineRefCount[0]><subdeviceActuator: isAcquired[0] deviceIndex[0] hDevice[0x0]  pipelineRefCount[0]><subdeviceFlash: isAcquired[0] deviceIndex[0] hDevice[0x0]  pipelineRefCount[0]><subdeviceTPG: isAcquired[0] deviceIndex[0] hDevice[0x0]  pipelineRefCount[0]>
01-24 13:12:28.849  1982 31971 E CamX    : [ERROR][SENSOR ] camxsensorcache.cpp:435 ReleaseAllCache() [SUBDEV_DBG]Camera[7] ReleaseAllCache:hCSLSession0[0x0] hCSLSession1[0x0]refcount[0]<subdeviceSensor: isAcquired[0] deviceIndex[0] hDevice[0x0]  pipelineRefCount[0]><subdeviceCSIPHY: isAcquired[0] deviceIndex[0] hDevice[0x0]  pipelineRefCount[0]><subdeviceOIS: isAcquired[0] deviceIndex[0] hDevice[0x0]  pipelineRefCount[0]><subdeviceActuator: isAcquired[0] deviceIndex[0] hDevice[0x0]  pipelineRefCount[0]><subdeviceFlash: isAcquired[0] deviceIndex[0] hDevice[0x0]  pipelineRefCount[0]><subdeviceTPG: isAcquired[0] deviceIndex[0] hDevice[0x0]  pipelineRefCount[0]>
01-24 13:12:28.849  1982 31971 E CamX    : [ERROR][SENSOR ] camxsensorcache.cpp:435 ReleaseAllCache() [SUBDEV_DBG]Camera[8] ReleaseAllCache:hCSLSession0[0x0] hCSLSession1[0x0]refcount[0]<subdeviceSensor: isAcquired[0] deviceIndex[0] hDevice[0x0]  pipelineRefCount[0]><subdeviceCSIPHY: isAcquired[0] deviceIndex[0] hDevice[0x0]  pipelineRefCount[0]><subdeviceOIS: isAcquired[0] deviceIndex[0] hDevice[0x0]  pipelineRefCount[0]><subdeviceActuator: isAcquired[0] deviceIndex[0] hDevice[0x0]  pipelineRefCount[0]><subdeviceFlash: isAcquired[0] deviceIndex[0] hDevice[0x0]  pipelineRefCount[0]><subdeviceTPG: isAcquired[0] deviceIndex[0] hDevice[0x0]  pipelineRefCount[0]>
01-24 13:12:28.850  1982 31971 E CamX    : [ERROR][SENSOR ] camxsensorcache.cpp:435 ReleaseAllCache() [SUBDEV_DBG]Camera[9] ReleaseAllCache:hCSLSession0[0x0] hCSLSession1[0x0]refcount[0]<subdeviceSensor: isAcquired[0] deviceIndex[0] hDevice[0x0]  pipelineRefCount[0]><subdeviceCSIPHY: isAcquired[0] deviceIndex[0] hDevice[0x0]  pipelineRefCount[0]><subdeviceOIS: isAcquired[0] deviceIndex[0] hDevice[0x0]  pipelineRefCount[0]><subdeviceActuator: isAcquired[0] deviceIndex[0] hDevice[0x0]  pipelineRefCount[0]><subdeviceFlash: isAcquired[0] deviceIndex[0] hDevice[0x0]  pipelineRefCount[0]><subdeviceTPG: isAcquired[0] deviceIndex[0] hDevice[0x0]  pipelineRefCount[0]>
01-24 13:12:28.850  1982 31971 E CamX    : [ERROR][SENSOR ] camxsensorcache.cpp:435 ReleaseAllCache() [SUBDEV_DBG]Camera[10] ReleaseAllCache:hCSLSession0[0x0] hCSLSession1[0x0]refcount[0]<subdeviceSensor: isAcquired[0] deviceIndex[0] hDevice[0x0]  pipelineRefCount[0]><subdeviceCSIPHY: isAcquired[0] deviceIndex[0] hDevice[0x0]  pipelineRefCount[0]><subdeviceOIS: isAcquired[0] deviceIndex[0] hDevice[0x0]  pipelineRefCount[0]><subdeviceActuator: isAcquired[0] deviceIndex[0] hDevice[0x0]  pipelineRefCount[0]><subdeviceFlash: isAcquired[0] deviceIndex[0] hDevice[0x0]  pipelineRefCount[0]><subdeviceTPG: isAcquired[0] deviceIndex[0] hDevice[0x0]  pipelineRefCount[0]>
01-24 13:12:28.850  1982 31971 E CamX    : [ERROR][SENSOR ] camxsensorcache.cpp:435 ReleaseAllCache() [SUBDEV_DBG]Camera[11] ReleaseAllCache:hCSLSession0[0x0] hCSLSession1[0x0]refcount[0]<subdeviceSensor: isAcquired[0] deviceIndex[0] hDevice[0x0]  pipelineRefCount[0]><subdeviceCSIPHY: isAcquired[0] deviceIndex[0] hDevice[0x0]  pipelineRefCount[0]><subdeviceOIS: isAcquired[0] deviceIndex[0] hDevice[0x0]  pipelineRefCount[0]><subdeviceActuator: isAcquired[0] deviceIndex[0] hDevice[0x0]  pipelineRefCount[0]><subdeviceFlash: isAcquired[0] deviceIndex[0] hDevice[0x0]  pipelineRefCount[0]><subdeviceTPG: isAcquired[0] deviceIndex[0] hDevice[0x0]  pipelineRefCount[0]>
01-24 13:12:28.850  1982 31971 E CamX    : [ERROR][SENSOR ] camxsensorcache.cpp:435 ReleaseAllCache() [SUBDEV_DBG]Camera[12] ReleaseAllCache:hCSLSession0[0x0] hCSLSession1[0x0]refcount[0]<subdeviceSensor: isAcquired[0] deviceIndex[0] hDevice[0x0]  pipelineRefCount[0]><subdeviceCSIPHY: isAcquired[0] deviceIndex[0] hDevice[0x0]  pipelineRefCount[0]><subdeviceOIS: isAcquired[0] deviceIndex[0] hDevice[0x0]  pipelineRefCount[0]><subdeviceActuator: isAcquired[0] deviceIndex[0] hDevice[0x0]  pipelineRefCount[0]><subdeviceFlash: isAcquired[0] deviceIndex[0] hDevice[0x0]  pipelineRefCount[0]><subdeviceTPG: isAcquired[0] deviceIndex[0] hDevice[0x0]  pipelineRefCount[0]>
01-24 13:12:28.850  1982 31971 E CamX    : [ERROR][SENSOR ] camxsensorcache.cpp:435 ReleaseAllCache() [SUBDEV_DBG]Camera[13] ReleaseAllCache:hCSLSession0[0x0] hCSLSession1[0x0]refcount[0]<subdeviceSensor: isAcquired[0] deviceIndex[0] hDevice[0x0]  pipelineRefCount[0]><subdeviceCSIPHY: isAcquired[0] deviceIndex[0] hDevice[0x0]  pipelineRefCount[0]><subdeviceOIS: isAcquired[0] deviceIndex[0] hDevice[0x0]  pipelineRefCount[0]><subdeviceActuator: isAcquired[0] deviceIndex[0] hDevice[0x0]  pipelineRefCount[0]><subdeviceFlash: isAcquired[0] deviceIndex[0] hDevice[0x0]  pipelineRefCount[0]><subdeviceTPG: isAcquired[0] deviceIndex[0] hDevice[0x0]  pipelineRefCount[0]>
01-24 13:12:28.850  1982 31971 E CamX    : [ERROR][SENSOR ] camxsensorcache.cpp:435 ReleaseAllCache() [SUBDEV_DBG]Camera[14] ReleaseAllCache:hCSLSession0[0x0] hCSLSession1[0x0]refcount[0]<subdeviceSensor: isAcquired[0] deviceIndex[0] hDevice[0x0]  pipelineRefCount[0]><subdeviceCSIPHY: isAcquired[0] deviceIndex[0] hDevice[0x0]  pipelineRefCount[0]><subdeviceOIS: isAcquired[0] deviceIndex[0] hDevice[0x0]  pipelineRefCount[0]><subdeviceActuator: isAcquired[0] deviceIndex[0] hDevice[0x0]  pipelineRefCount[0]><subdeviceFlash: isAcquired[0] deviceIndex[0] hDevice[0x0]  pipelineRefCount[0]><subdeviceTPG: isAcquired[0] deviceIndex[0] hDevice[0x0]  pipelineRefCount[0]>
01-24 13:12:28.850  1982 31971 E CamX    : [ERROR][SENSOR ] camxsensorcache.cpp:435 ReleaseAllCache() [SUBDEV_DBG]Camera[15] ReleaseAllCache:hCSLSession0[0x0] hCSLSession1[0x0]refcount[0]<subdeviceSensor: isAcquired[0] deviceIndex[0] hDevice[0x0]  pipelineRefCount[0]><subdeviceCSIPHY: isAcquired[0] deviceIndex[0] hDevice[0x0]  pipelineRefCount[0]><subdeviceOIS: isAcquired[0] deviceIndex[0] hDevice[0x0]  pipelineRefCount[0]><subdeviceActuator: isAcquired[0] deviceIndex[0] hDevice[0x0]  pipelineRefCount[0]><subdeviceFlash: isAcquired[0] deviceIndex[0] hDevice[0x0]  pipelineRefCount[0]><subdeviceTPG: isAcquired[0] deviceIndex[0] hDevice[0x0]  pipelineRefCount[0]>
01-24 13:12:28.850  1982 31971 E CamX    : [ERROR][SENSOR ] camxsensorcache.cpp:449 ReleaseAllCache() [SUBDEV_DBG]Sensor[4]SubDev[0]PipelineRefCount[0]hDevice[3604742]isAcquired[0]
01-24 13:12:28.850  1982 31971 E CamX    : [ERROR][SENSOR ] camxsensorcache.cpp:449 ReleaseAllCache() [SUBDEV_DBG]Sensor[4]SubDev[1]PipelineRefCount[0]hDevice[4915458]isAcquired[0]
01-24 13:12:28.850  1982 31971 E CamX    : [ERROR][SENSOR ] camxsensorcache.cpp:449 ReleaseAllCache() [SUBDEV_DBG]Sensor[4]SubDev[2]PipelineRefCount[0]hDevice[8323335]isAcquired[0]
01-24 13:12:28.850  1982 31971 E CamX    : [ERROR][SENSOR ] camxsensorcache.cpp:449 ReleaseAllCache() [SUBDEV_DBG]Sensor[4]SubDev[3]PipelineRefCount[0]hDevice[7340292]isAcquired[0]
01-24 13:12:28.850  1982 31971 E CamX    : [ERROR][SENSOR ] camxsensorcache.cpp:449 ReleaseAllCache() [SUBDEV_DBG]Sensor[4]SubDev[4]PipelineRefCount[0]hDevice[10944800]isAcquired[0]
01-24 13:12:28.850  1982 31971 E CamX    : [ERROR][SENSOR ] camxsensorcache.cpp:449 ReleaseAllCache() [SUBDEV_DBG]Sensor[4]SubDev[5]PipelineRefCount[0]hDevice[0]isAcquired[0]
01-24 13:12:28.952  2016  3121 E DeviceHalAidl: Function: parseAndSetVendorParameters Line: 414 Failed 
01-24 13:12:28.952  2016  3121 E DeviceHalAidl: Function: parseAndSetVendorParameters Line: 414 Failed 
01-24 13:12:28.997 18671 18671 D DesktopIntegrationScreen: completePairing result: Approved(deviceId=dev_684e7f04244e)
01-24 13:12:28.997 18671 18671 D UnifiedIdentityManager: [QRJoin] Attempting to join sync group: 'sync_A5E74E36-02DD-4C84-A217-734CF048CDB8' with device name: 'Android'
01-24 13:12:28.997 18671 18671 D UnifiedIdentityManager: getUnifiedUserId() called
01-24 13:12:28.997 18671 18671 D UnifiedIdentityManager: Current user: IuRoCBMkk9cqOdykNSjUgyLVmuL2, isAnonymous: true
01-24 13:12:28.997 18671 18671 D UnifiedIdentityManager: Returning user ID: IuRoCBMkk9cqOdykNSjUgyLVmuL2
01-24 13:12:28.997 18671 18671 D UnifiedIdentityManager: [QRJoin] Authenticated as: IuRoCBMkk9cqOdykNSjUgyLVmuL2, proceeding with sync group join
01-24 13:12:29.228 18671 18731 E PhoneStatusService: kotlinx.coroutines.JobCancellationException: StandaloneCoroutine was cancelled; job=StandaloneCoroutine{Cancelling}@ee02c3d
01-24 13:12:30.647  7009  7256 I WM-WorkerWrapper: java.util.concurrent.CancellationException: Task was cancelled.
01-24 13:12:30.647  7009  7256 I WM-WorkerWrapper: 	at androidx.work.impl.utils.futures.AbstractFuture.cancellationExceptionWithCause(AbstractFuture.java:1183)
01-24 13:12:31.104 19845 19845 W System.err: android.app.ActivityManager No method java.lang.NoSuchMethodException: android.app.ActivityManager.getRecentTasksForUser [int, int, int]
01-24 13:12:31.105 19845 19845 W System.err: android.app.ActivityManager No method java.lang.NoSuchMethodException: android.app.ActivityManager.getRecentTasksForUser [int, int, int]
01-24 13:12:31.105 19845 19845 W System.err: android.app.ActivityManager No method java.lang.NoSuchMethodException: android.app.ActivityManager.getRecentTasksForUser [int, int, int]
01-24 13:12:31.106 19845 19845 W System.err: android.app.ActivityManager No method java.lang.NoSuchMethodException: android.app.ActivityManager.getRecentTasksForUser [int, int, int]
01-24 13:12:31.509  9538  9538 W HBD     : java.lang.Exception
01-24 13:12:31.692  1979  7281 W QC2Interface: [hvcD_180] Failed to query parameters
01-24 13:12:31.692  1979  7281 W QC2Interface: [hvcD_180] Failed to query parameters
01-24 13:12:31.696  1979  7279 W QC2Interface: [hvcD_180] Failed to query parameters
01-24 13:12:31.696  1979  7280 W QC2Interface: [hvcD_180] Failed to query parameters
01-24 13:12:31.699  1979  7280 W QC2Interface: [hvcD_180] Failed to query parameters
01-24 13:12:31.699  1979  7279 W QC2Interface: [hvcD_180] Failed to query parameters
01-24 13:12:31.699  1979  7279 W QC2Interface: [hvcD_180] Failed to query parameters
01-24 13:12:31.699  1979  7279 W QC2Interface: [hvcD_180] Failed to query parameters
01-24 13:12:31.700  5529 24599 E .wallpaper.live: Failed to query component interface for required system resources: 6
01-24 13:12:31.753  1979  7279 W QC2Interface: [hvcD_180] Failed to query parameters
01-24 13:12:31.753  1979  7280 W QC2Interface: [hvcD_180] Failed to query parameters
01-24 13:12:31.753  1979  1979 W QC2Interface: [hvcD_180] Failed to query parameters
01-24 13:12:31.753  1979  7279 W QC2Interface: [hvcD_180] Failed to query parameters
01-24 13:12:31.753  1979  1979 W QC2Interface: [hvcD_180] Failed to query parameters
01-24 13:12:31.761  1979  7279 W QC2Interface: [hvcD_180] Failed to query parameters
01-24 13:12:31.969  1926  2056 E minksocket: MinkIPC ERROR: ( 1926:2056 ) MinkIPC_preProcess:272 Client down, but cannot find corresponding minksession
01-24 13:12:31.969  1926  2070 E minksocket: MinkIPC ERROR: ( 1926:2070 ) MinkIPC_preProcess:272 Client down, but cannot find corresponding minksession
01-24 13:12:31.978  5678  5678 D [NFC_SE]NfcOemLogHelper: try to send FLD_ERROR
01-24 13:12:32.014  8754 23431 E NearbyMediums: MEDIUM_ERROR [SYSTEM][WIFI_LAN][START_LISTENING_INCOMING_CONNECTION][ACCEPT_CONNECTION_FAILED][SOCKET_CLOSED], service-id=NearbySharing
01-24 13:12:32.018  8754 23431 I NearbySharing: Failed to log ADVERTISE_DEVICE_PRESENCE_START, due to clearcutLogger is null.
01-24 13:12:32.138  5528  5528 E ActivityThread: Failed to find provider info for com.samsung.systemui.lockstar.data.provider.LockEditorDataProvider
01-24 13:12:32.138  5528  5528 D AodData[8.5.10]:SimpleProviderDao:LockEditorDataProvider@206544539: getValue: Error occurs: java.lang.IllegalArgumentException: Unknown authority com.samsung.systemui.lockstar.data.provider.LockEditorDataProvider
01-24 13:12:32.138  5528  5528 E ActivityThread: Failed to find provider info for com.samsung.systemui.lockstar.data.provider.LockEditorDataProvider
01-24 13:12:32.138  5528  5528 D AodData[8.5.10]:SimpleProviderDao:LockEditorDataProvider@167993873: getValue: Error occurs: java.lang.IllegalArgumentException: Unknown authority com.samsung.systemui.lockstar.data.provider.LockEditorDataProvider
01-24 13:12:32.154  5528  5528 E ClockPackSettingsUtils: isRoamingState: android.provider.Settings$SettingNotFoundException: easy_mode_switch
01-24 13:12:32.157  5528  5528 E ClockPackSettingsUtils: isRoamingState: android.provider.Settings$SettingNotFoundException: easy_mode_switch
01-24 13:12:32.158  5528  5528 E ClockPackSettingsUtils: isRoamingState: android.provider.Settings$SettingNotFoundException: easy_mode_switch
01-24 13:12:32.159  5528  5528 E ClockPackSettingsUtils: isRoamingState: android.provider.Settings$SettingNotFoundException: easy_mode_switch
01-24 13:12:32.160  5528  5528 E ClockPackSettingsUtils: isRoamingState: android.provider.Settings$SettingNotFoundException: easy_mode_switch
01-24 13:12:32.162  1926  2056 E minksocket: MinkIPC ERROR: ( 1926:2056 ) MinkIPC_preProcess:272 Client down, but cannot find corresponding minksession
01-24 13:12:32.162  1926  2070 E minksocket: MinkIPC ERROR: ( 1926:2070 ) MinkIPC_preProcess:272 Client down, but cannot find corresponding minksession
01-24 13:12:32.165  5678  5678 D [NFC_SE]NfcOemLogHelper: try to send FLD_ERROR
01-24 13:12:32.167 19845 19845 W System.err: android.app.ActivityManager No method java.lang.NoSuchMethodException: android.app.ActivityManager.getRecentTasksForUser [int, int, int]
01-24 13:12:32.168 19845 19845 W System.err: android.app.ActivityManager No method java.lang.NoSuchMethodException: android.app.ActivityManager.getRecentTasksForUser [int, int, int]
01-24 13:12:32.176  5678  5678 D [NFC_SE]NfcOemLogHelper: try to send FLD_ERROR
01-24 13:12:32.186 19845 19845 W System.err: android.app.ActivityManager No method java.lang.NoSuchMethodException: android.app.ActivityManager.getRecentTasksForUser [int, int, int]
01-24 13:12:32.208  8754 21830 E LoadedApk: Exception : java.lang.NullPointerException: Attempt to invoke virtual method 'boolean android.os.Looper.isPerfLogEnable()' on a null object reference
01-24 13:12:32.229  8754 23431 E LoadedApk: Exception : java.lang.NullPointerException: Attempt to invoke virtual method 'boolean android.os.Looper.isPerfLogEnable()' on a null object reference
01-24 13:12:32.233  8754 23431 E LoadedApk: Exception : java.lang.NullPointerException: Attempt to invoke virtual method 'boolean android.os.Looper.isPerfLogEnable()' on a null object reference
01-24 13:12:32.238  5528  5528 W Bundle  : java.lang.ClassCastException: java.lang.Integer cannot be cast to java.lang.String
01-24 13:12:32.240  5528  5528 W Bundle  : java.lang.ClassCastException: java.lang.Integer cannot be cast to java.lang.String
01-24 13:12:32.485  8754 23431 I NearbySharing: Failed to advertise because we're already advertising with mode SCREEN_OFF, certificate visibility SELF_SHARE data usage preference ONLINE, and bt advertising false with vendorId 1
01-24 13:12:33.227 18671 18731 E PhoneStatusService: kotlinx.coroutines.JobCancellationException: StandaloneCoroutine was cancelled; job=StandaloneCoroutine{Cancelling}@cde78a9
01-24 13:12:33.792  1979  7280 W QC2Interface: [hvcD_181] Failed to query parameters
01-24 13:12:33.793  1979  7279 W QC2Interface: [hvcD_181] Failed to query parameters
01-24 13:12:33.796  1979  7278 W QC2Interface: [hvcD_181] Failed to query parameters
01-24 13:12:33.797  1979  7278 W QC2Interface: [hvcD_181] Failed to query parameters
01-24 13:12:35.435  2016  3114 E DeviceHalAidl: Function: parseAndSetVendorParameters Line: 414 Failed 
01-24 13:12:35.435  2016  3114 E DeviceHalAidl: Function: parseAndSetVendorParameters Line: 414 Failed 
01-24 13:12:35.435  2016  3114 E DeviceHalAidl: Function: parseAndSetVendorParameters Line: 414 Failed 
01-24 13:12:35.435  2016  3114 E DeviceHalAidl: Function: parseAndSet