01-24 13:12:27.838  1982  3868 E CHIFD   : [ERROR][FD     ] camxchinodefd.cpp:2301 ExecuteProcessRequest() Node[RealtimeDefault1_com.qti.node.fd8_cam0] ReqId[3] ChiFD node publishing FD results
01-24 13:12:27.838  1982  3868 E CHIFD   : [ERROR][FD     ] camxchinodefd.cpp:2388 ExecuteProcessRequest() Processing SW Detection ReqId[3] reqhandle 0 FD type: DLFD
01-24 13:12:27.838  1982 23925 E CHIFD   : [ERROR][FD     ] camxchinodefd.cpp:5265 ExecuteFDResultsProcessing() DL-FD Execution reqid 3
01-24 13:12:27.838  1982  3868 E CHIFD   : [ERROR][FD     ] camxchinodefd.cpp:7995 OnProcessRequest() Node[RealtimeDefault1_com.qti.node.fd8_cam0] ReqId[3] Request Scheduled (Pending frames 0)
01-24 13:12:27.838  1982 23925 E CamX    : [ERROR][FD     ] camxfdengine.cpp:824 FDEngineGetFDRunFlag() Get fd run flag input parameter!-CN_07626430 hFDEHandle 0xb400007566b882c0K, pPerFrameInfo 0x730b090fb0K, pFDRunFlag 0x730b049e34K, pRequiredFrameCyclePeriod 0x730b049e30K
01-24 13:12:27.838  1982 23925 E CamX    : [ERROR][FD     ] camxfdengine.cpp:842 FDEngineGetFDRunFlag() FrameId=3: -CN_07626430 FDRunFlag=1, reqdFrameCyclePeriod=1
01-24 13:12:27.838  1982 24131 E ChiX    : [ERROR][MCXCore] chimcxmflpolicy.cpp:1539 OnUpdateRecommendedSettings() defaultZoomMasterIndex(1) CAMX:Settings.CurrentCameraId(1)
01-24 13:12:27.838  1982 24131 E ChiX    : [ERROR][MCXCore] chimcxmflpolicy.cpp:1668 OnUpdateRecommendedSettings() [SAT_DBG_FB] Unsupport FocusEnhancer - Failed to get adaptiveLensMode Vendor Tag.
01-24 13:12:27.842  1982 23925 E CamX    : [ERROR][FD     ] camxfdengine.cpp:763 FDEngineProcessResult() valid input parameter!-CN_07626430 hFDEHandle 0xb400007566b882c0K, pPerFrameInfo 0x730b090fb0K, pMainResult 0x730b065898K, pOutputResult 0x730b0591fcK, pHeadBodyResult 0x730b04bfe0K, pOutputResultStabilized 0x730b04cb60K, pOutputHeadBodyResult 0x730b04bc94K, pOutputHeadBodyResultStabilized 0x730b04b948K, pPetResult 0x730b04a968K,pOutputPetResult 0x730b04a050K, pOutputPetResultStabilized 0x730b04a4dcK
01-24 13:12:27.842  1982 23925 E CHIFD   : [ERROR][FD     ] camxchinodefd.cpp:9009 FDDLExecution() Node[RealtimeDefault1_com.qti.node.fd8_cam0] ReqId[3] Faces 0
01-24 13:12:27.842  1982 23925 E CHIFD   : [ERROR][FD     ] camxchinodefd.cpp:10518 ProcessRequestDone() Node[RealtimeDefault1_com.qti.node.fd8_cam0] ReqId[3] ProcessRequestDone
01-24 13:12:27.870  1982  3865 E CHIFD   : [ERROR][FD     ] camxchinodefd.cpp:2119 ExecuteProcessRequest() Node[RealtimeDefault1_com.qti.node.fd8_cam0] ReqId[4] EPR-1, bindIOBuffers=0
01-24 13:12:27.870  1982  3865 E CHIFD   : [ERROR][FD     ] camxchinodefd.cpp:2301 ExecuteProcessRequest() Node[RealtimeDefault1_com.qti.node.fd8_cam0] ReqId[4] ChiFD node publishing FD results
01-24 13:12:27.870  1982 24131 E ChiX    : [ERROR][MCXCore] chimcxmflpolicy.cpp:1539 OnUpdateRecommendedSettings() defaultZoomMasterIndex(1) CAMX:Settings.CurrentCameraId(1)
01-24 13:12:27.870  1982 24131 E ChiX    : [ERROR][MCXCore] chimcxmflpolicy.cpp:6346 GetRSDistance() rsDistance NULL !!
01-24 13:12:27.870  1982 24131 E ChiX    : [ERROR][MCXCore] chimcxmflpolicy.cpp:1668 OnUpdateRecommendedSettings() [SAT_DBG_FB] Unsupport FocusEnhancer - Failed to get adaptiveLensMode Vendor Tag.
01-24 13:12:27.876  2016  2121 E DeviceHalAidl: Function: parseAndSetVendorParameters Line: 414 Failed 
01-24 13:12:27.876  2016  2121 E DeviceHalAidl: Function: parseAndSetVendorParameters Line: 414 Failed 
01-24 13:12:27.952  1982 23883 E ChiX    : [ERROR][F2Core ] chifeature2base.cpp:6668 AsyncDestroyCb() Start Session destroy feature Bayer2Yuv session Bayer2Yuv
01-24 13:12:27.952  1982 23883 E CamX    : [ERROR][CORE   ] camxpipeline.cpp:236 Destroy() ZSLSnapshotYUVHAL0_0: Updated m_referenceCount=1
01-24 13:12:27.952  1982 23883 E CamX    : [ERROR][CORE   ] camxpipeline.cpp:236 Destroy() ZSLSnapshotYUVHAL0_0: Updated m_referenceCount=0
01-24 13:12:27.952  1982 23891 E ChiX    : [ERROR][F2Core ] chifeature2base.cpp:6668 AsyncDestroyCb() Start Session destroy feature Bayer2Yuv session Bayer2Yuv
01-24 13:12:27.952  1982 23891 E CamX    : [ERROR][CORE   ] camxpipeline.cpp:236 Destroy() ZSLSnapshotYUVHAL2_0: Updated m_referenceCount=1
01-24 13:12:27.952  1982 23882 E ChiX    : [ERROR][F2Core ] chifeature2base.cpp:6668 AsyncDestroyCb() Start Session destroy feature Bayer2Yuv session Bayer2Yuv
01-24 13:12:27.952  1982  3876 E CamX    : [ERROR][CORE   ] camxpipeline.cpp:4971 NodeDestroy() Destroying node: ZSLSnapshotYUVHAL0_IPE3_cam2
01-24 13:12:27.952  1982  3875 E CamX    : [ERROR][CORE   ] camxpipeline.cpp:4971 NodeDestroy() Destroying node: ZSLSnapshotYUVHAL0_OFE4_cam2
01-24 13:12:27.952  1982 23882 E CamX    : [ERROR][CORE   ] camxpipeline.cpp:236 Destroy() ZSLSnapshotYUVHAL1_0: Updated m_referenceCount=1
01-24 13:12:27.952  1982 23882 E CamX    : [ERROR][CORE   ] camxpipeline.cpp:236 Destroy() ZSLSnapshotYUVHAL1_0: Updated m_referenceCount=0
01-24 13:12:27.952  1982 23891 E CamX    : [ERROR][CORE   ] camxpipeline.cpp:236 Destroy() ZSLSnapshotYUVHAL2_0: Updated m_referenceCount=0
01-24 13:12:27.953  1982  3876 E CamX    : [ERROR][CORE   ] camxpipeline.cpp:4971 NodeDestroy() Destroying node: ZSLSnapshotYUVHAL2_IPE3_cam3
01-24 13:12:27.953  1982  3878 E CamX    : [ERROR][CORE   ] camxpipeline.cpp:4971 NodeDestroy() Destroying node: ZSLSnapshotYUVHAL2_OFE4_cam3
01-24 13:12:27.953  1982  3876 E CamX    : [ERROR][CORE   ] camxpipeline.cpp:4971 NodeDestroy() Destroying node: ZSLSnapshotYUVHAL1_IPE3_cam0
01-24 13:12:27.954  1982 23883 E ChiX    : [ERROR][F2Core ] chifeature2base.cpp:6668 AsyncDestroyCb() Start Session destroy feature Bayer2Yuv session Bayer2Yuv
01-24 13:12:27.954  1982 23883 E CamX    : [ERROR][CORE   ] camxpipeline.cpp:236 Destroy() ZSLSnapshotYUVHAL3_0: Updated m_referenceCount=1
01-24 13:12:27.954  1982  3876 E CamX    : [ERROR][CORE   ] camxpipeline.cpp:4971 NodeDestroy() Destroying node: ZSLSnapshotYUVHAL1_OFE4_cam0
01-24 13:12:27.955  1982 23888 E ChiX    : [ERROR][F2Core ] chifeature2base.cpp:6668 AsyncDestroyCb() Start Session destroy feature MultiCameraReprocessRealtime session MCReprocRT
01-24 13:12:27.955  1982 23888 E CamX    : [ERROR][CORE   ] camxpipeline.cpp:236 Destroy() SATOfflineReprocess0_0: Updated m_referenceCount=1
01-24 13:12:27.955  1982 23888 E ChiX    : [ERROR][F2Core ] chifeature2base.cpp:6688 AsyncDestroyCb() Start Pipeline destroy, feature MultiCameraReprocessRealtime pipeline SATOfflineReprocess
01-24 13:12:27.955  1982 23888 E CamX    : [ERROR][CORE   ] camxpipeline.cpp:236 Destroy() SATOfflineReprocess0_0: Updated m_referenceCount=0
01-24 13:12:27.955  1982 23883 E CamX    : [ERROR][CORE   ] camxpipeline.cpp:236 Destroy() ZSLSnapshotYUVHAL3_0: Updated m_referenceCount=0
01-24 13:12:27.955  1982 23880 E ChiX    : [ERROR][F2Core ] chifeature2base.cpp:6668 AsyncDestroyCb() Start Session destroy feature MMF_PLUS session MFSR
01-24 13:12:27.955  1982  3872 E CamX    : [ERROR][CORE   ] camxpipeline.cpp:4971 NodeDestroy() Destroying node: SATOfflineReprocess0_com.qti.node.gme0_cam2
01-24 13:12:27.955  1982 23880 E CamX    : [ERROR][CORE   ] camxpipeline.cpp:236 Destroy() MfsrPrefilter0_0: Updated m_referenceCount=1
01-24 13:12:27.955  1982 23880 E CamX    : [ERROR][CORE   ] camxpipeline.cpp:236 Destroy() MfsrBlend0_1: Updated m_referenceCount=1
01-24 13:12:27.955  1982 23880 E CamX    : [ERROR][CORE   ] camxpipeline.cpp:236 Destroy() MfsrEqualization0_2: Updated m_referenceCount=1
01-24 13:12:27.955  1982 23880 E CamX    : [ERROR][CORE   ] camxpipeline.cpp:236 Destroy() MfsrPostFilter0_3: Updated m_referenceCount=1
01-24 13:12:27.955  1982 23880 E CamX    : [ERROR][CORE   ] camxpipeline.cpp:236 Destroy() MfsrML0_4: Updated m_referenceCount=1
01-24 13:12:27.955  1982  3873 E CamX    : [ERROR][CORE   ] camxpipeline.cpp:4971 NodeDestroy() Destroying node: SATOfflineReprocess0_com.qti.node.sat1_cam2
01-24 13:12:27.955  1982  3878 E CamX    : [ERROR][CORE   ] camxpipeline.cpp:4971 NodeDestroy() Destroying node: SATOfflineReprocess0_com.qti.node.mctfalign30_cam2
01-24 13:12:27.955  1982  3875 E CamX    : [ERROR][CORE   ] camxpipeline.cpp:4971 NodeDestroy() Destroying node: SATOfflineReprocess0_IPE0_cam2
01-24 13:12:27.955  1982  3879 E CamX    : [ERROR][CORE   ] camxpipeline.cpp:4971 NodeDestroy() Destroying node: SATOfflineReprocess0_OFE1_cam2
01-24 13:12:27.956  1982 23880 E CamX    : [ERROR][CORE   ] camxpipeline.cpp:236 Destroy() MfsrPrefilter0_0: Updated m_referenceCount=0
01-24 13:12:27.956  1982  3880 E CamX    : [ERROR][CORE   ] camxpipeline.cpp:4971 NodeDestroy() Destroying node: MfsrPrefilter0_com.qti.node.mmfalign30_cam2
01-24 13:12:27.956  1982 23891 E ChiX    : [ERROR][F2Core ] chifeature2base.cpp:6668 AsyncDestroyCb() Start Session destroy feature MMF_PLUS session MFSR
01-24 13:12:27.956  1982 23891 E CamX    : [ERROR][CORE   ] camxpipeline.cpp:236 Destroy() MfsrPrefilter1_0: Updated m_referenceCount=1
01-24 13:12:27.956  1982 23891 E CamX    : [ERROR][CORE   ] camxpipeline.cpp:236 Destroy() MfsrBlend1_1: Updated m_referenceCount=1
01-24 13:12:27.956  1982 23891 E CamX    : [ERROR][CORE   ] camxpipeline.cpp:236 Destroy() MfsrEqualization1_2: Updated m_referenceCount=1
01-24 13:12:27.956  1982 23891 E CamX    : [ERROR][CORE   ] camxpipeline.cpp:236 Destroy() MfsrPostFilter1_3: Updated m_referenceCount=1
01-24 13:12:27.956  1982 23891 E CamX    : [ERROR][CORE   ] camxpipeline.cpp:236 Destroy() MfsrML1_4: Updated m_referenceCount=1
01-24 13:12:27.957  1982  3879 E CamX    : [ERROR][CSL    ] camxcslhw.cpp:1474 CSLReleaseDeviceHW() [SUBDEV_DBG] hCSL[0x2d020c] hDevice[0xc1010e] hSession[0x2d020c]
01-24 13:12:27.957  1982  3877 E CamX    : [ERROR][CORE   ] camxpipeline.cpp:4971 NodeDestroy() Destroying node: MfsrPrefilter0_IPE0_cam2
01-24 13:12:27.957  1982  3879 E CamX    : [ERROR][CSL    ] camxcslhw.cpp:1501 CSLReleaseDeviceHW() [SUBDEV_DBG] hDevice[0xc1010e] hAcquired[0xc1010e] hSession[0x2d020c]                                     devName[] deviceIdx[20] deviceType[16] refCount[0] isStreamActive[0] session_name[SATOfflineReprocess0]
01-24 13:12:27.957  1982  3874 E CamX    : [ERROR][CORE   ] camxpipeline.cpp:4971 NodeDestroy() Destroying node: ZSLSnapshotYUVHAL3_IPE3_cam4
01-24 13:12:27.957  1982  3880 E CamX    : [ERROR][CORE   ] camxpipeline.cpp:4971 NodeDestroy() Destroying node: ZSLSnapshotYUVHAL3_OFE4_cam4
01-24 13:12:27.957  1982  3877 E CamX    : [ERROR][CORE   ] camxpipeline.cpp:4971 NodeDestroy() Destroying node: MfsrPrefilter0_OFE4_cam2
01-24 13:12:27.958  1982 23891 E CamX    : [ERROR][CORE   ] camxpipeline.cpp:236 Destroy() MfsrPrefilter1_0: Updated m_referenceCount=0
01-24 13:12:27.959  1982  3874 E CamX    : [ERROR][CORE   ] camxpipeline.cpp:4971 NodeDestroy() Destroying node: MfsrPrefilter1_com.qti.node.mmfalign30_cam0
01-24 13:12:27.959  1982  3874 E CamX    : [ERROR][CORE   ] camxpipeline.cpp:4971 NodeDestroy() Destroying node: MfsrPrefilter1_IPE0_cam0
01-24 13:12:27.959  1982  3874 E CamX    : [ERROR][CORE   ] camxpipeline.cpp:4971 NodeDestroy() Destroying node: MfsrPrefilter1_OFE4_cam0
01-24 13:12:27.960  1982  3875 E CamX    : [ERROR][CSL    ] camxcslhw.cpp:1474 CSLReleaseDeviceHW() [SUBDEV_DBG] hCSL[0x2d020c] hDevice[0x24010d] hSession[0x2d020c]
01-24 13:12:27.960  1982  3875 E CamX    : [ERROR][CSL    ] camxcslhw.cpp:1501 CSLReleaseDeviceHW() [SUBDEV_DBG] hDevice[0x24010d] hAcquired[0x24010d] hSession[0x2d020c]                                     devName[] deviceIdx[19] deviceType[16] refCount[0] isStreamActive[0] session_name[SATOfflineReprocess0]
01-24 13:12:27.960  1982 23883 E ChiX    : [ERROR][F2Core ] chifeature2base.cpp:6668 AsyncDestroyCb() Start Session destroy feature MMF_PLUS session MFSR
01-24 13:12:27.960  1982 23882 E ChiX    : [ERROR][F2Core ] chifeature2base.cpp:6668 AsyncDestroyCb() Start Session destroy feature MMF_PLUS session MFSR
01-24 13:12:27.960  1982 23882 E CamX    : [ERROR][CORE   ] camxpipeline.cpp:236 Destroy() MfsrPrefilter3_0: Updated m_referenceCount=1
01-24 13:12:27.960  1982 23883 E CamX    : [ERROR][CORE   ] camxpipeline.cpp:236 Destroy() MfsrPrefilter2_0: Updated m_referenceCount=1
01-24 13:12:27.960  1982 23882 E CamX    : [ERROR][CORE   ] camxpipeline.cpp:236 Destroy() MfsrBlend3_1: Updated m_referenceCount=1
01-24 13:12:27.960  1982 23883 E CamX    : [ERROR][CORE   ] camxpipeline.cpp:236 Destroy() MfsrBlend2_1: Updated m_referenceCount=1
01-24 13:12:27.960  1982 23882 E CamX    : [ERROR][CORE   ] camxpipeline.cpp:236 Destroy() MfsrEqualization3_2: Updated m_referenceCount=1
01-24 13:12:27.960  1982 23883 E CamX    : [ERROR][CORE   ] camxpipeline.cpp:236 Destroy() MfsrEqualization2_2: Updated m_referenceCount=1
01-24 13:12:27.960  1982 23882 E CamX    : [ERROR][CORE   ] camxpipeline.cpp:236 Destroy() MfsrPostFilter3_3: Updated m_referenceCount=1
01-24 13:12:27.960  1982 23883 E CamX    : [ERROR][CORE   ] camxpipeline.cpp:236 Destroy() MfsrPostFilter2_3: Updated m_referenceCount=1
01-24 13:12:27.960  1982 23882 E CamX    : [ERROR][CORE   ] camxpipeline.cpp:236 Destroy() MfsrML3_4: Updated m_referenceCount=1
01-24 13:12:27.960  1982 23883 E CamX    : [ERROR][CORE   ] camxpipeline.cpp:236 Destroy() MfsrML2_4: Updated m_referenceCount=1
01-24 13:12:27.960  1982 23883 E CamX    : [ERROR][CORE   ] camxpipeline.cpp:236 Destroy() MfsrPrefilter2_0: Updated m_referenceCount=0
01-24 13:12:27.960  1982 23882 E CamX    : [ERROR][CORE   ] camxpipeline.cpp:236 Destroy() MfsrPrefilter3_0: Updated m_referenceCount=0
01-24 13:12:27.960  1982 23892 E ChiX    : [ERROR][F2Core ] chifeature2base.cpp:6668 AsyncDestroyCb() Start Session destroy feature RealTimeMCX session RealTime MCX Session
01-24 13:12:27.960  1982 23892 E CamX    : [ERROR][CORE   ] camxpipeline.cpp:236 Destroy() RealtimeDefault0_0: Updated m_referenceCount=1
01-24 13:12:27.961  1982 23892 E CamX    : [ERROR][CORE   ] camxpipeline.cpp:236 Destroy() RealtimeDefault1_1: Updated m_referenceCount=1
01-24 13:12:27.961  1982 23892 E CamX    : [ERROR][CORE   ] camxpipeline.cpp:236 Destroy() RealtimeDefault2_2: Updated m_referenceCount=1
01-24 13:12:27.961  1982 23892 E CamX    : [ERROR][CORE   ] camxpipeline.cpp:236 Destroy() RealtimeDefault3_3: Updated m_referenceCount=1
01-24 13:12:27.961  1982  3880 E CamX    : [ERROR][CORE   ] camxpipeline.cpp:4971 NodeDestroy() Destroying node: MfsrPrefilter2_com.qti.node.mmfalign30_cam3
01-24 13:12:27.961  1982  3872 E CamX    : [ERROR][CORE   ] camxpipeline.cpp:4971 NodeDestroy() Destroying node: MfsrPrefilter2_IPE0_cam3
01-24 13:12:27.961  1982  3880 E CamX    : [ERROR][CORE   ] camxpipeline.cpp:4971 NodeDestroy() Destroying node: MfsrPrefilter2_OFE4_cam3
01-24 13:12:27.961  1982 23890 E ChiX    : [ERROR][F2Core ] chifeature2base.cpp:6688 AsyncDestroyCb() Start Pipeline destroy, feature RealTimeMCX pipeline RealtimeDefault
01-24 13:12:27.961  1982 23892 E ChiX    : [ERROR][F2Core ] chifeature2base.cpp:6688 AsyncDestroyCb() Start Pipeline destroy, feature RealTimeMCX pipeline RealtimeDefault
01-24 13:12:27.961  1982 23892 E CamX    : [ERROR][CORE   ] camxpipeline.cpp:236 Destroy() RealtimeDefault2_2: Updated m_referenceCount=0
01-24 13:12:27.961  1982 23890 E CamX    : [ERROR][CORE   ] camxpipeline.cpp:236 Destroy() RealtimeDefault3_3: Updated m_referenceCount=0
01-24 13:12:27.962  1982  3876 E CamX    : [ERROR][CORE   ] camxpipeline.cpp:4971 NodeDestroy() Destroying node: RealtimeDefault2_Sensor0_cam3
01-24 13:12:27.962  1982  3872 E CamX    : [ERROR][CORE   ] camxpipeline.cpp:4971 NodeDestroy() Destroying node: MfsrPrefilter3_com.qti.node.mmfalign30_cam4
01-24 13:12:27.962  1982  3878 E CamX    : [ERROR][CORE   ] camxpipeline.cpp:4971 NodeDestroy() Destroying node: MfsrPrefilter3_IPE0_cam4
01-24 13:12:27.963  1982  3872 E CamX    : [ERROR][CORE   ] camxpipeline.cpp:4971 NodeDestroy() Destroying node: MfsrPrefilter3_OFE4_cam4
01-24 13:12:27.963  1982  3878 E CamX    : [ERROR][CORE   ] camxpipeline.cpp:4971 NodeDestroy() Destroying node: RealtimeDefault2_Stats0_cam3
01-24 13:12:27.963  1982  3878 E CamX    : [ERROR][CORE   ] camxpipeline.cpp:4971 NodeDestroy() Destroying node: RealtimeDefault2_AWB0_cam3
01-24 13:12:27.963  1982  3878 E CamX    : [ERROR][CORE   ] camxpipeline.cpp:4971 NodeDestroy() Destroying node: RealtimeDefault2_Tracker0_cam3
01-24 13:12:27.963  1982  3878 E CamX    : [ERROR][CORE   ] camxpipeline.cpp:4971 NodeDestroy() Destroying node: RealtimeDefault2_SALINet0_cam3
01-24 13:12:27.963  1982  3878 E CamX    : [ERROR][CORE   ] camxpipeline.cpp:4971 NodeDestroy() Destroying node: RealtimeDefault2_com.qti.node.evawarp10_cam3
01-24 13:12:27.963  1982  3878 E CamX    : [ERROR][CORE   ] camxpipeline.cpp:4971 NodeDestroy() Destroying node: RealtimeDefault2_com.qti.node.fd8_cam3
01-24 13:12:27.963  1982  3875 E CamX    : [ERROR][CORE   ] camxpipeline.cpp:4971 NodeDestroy() Destroying node: RealtimeDefault2_AutoFocus0_cam3
01-24 13:12:27.963  1982  3875 E CamX    : [ERROR][STATS_AF] pdlib_adaptive_k.cpp:1941 Save() Failed to open the adaptive k data file
01-24 13:12:27.964  1982  3875 E CamX    : [ERROR][CORE   ] camxpipeline.cpp:4971 NodeDestroy() Destroying node: RealtimeDefault2_MCTFE0_cam3
01-24 13:12:27.964  1982  3878 E CamX    : [ERROR][CORE   ] camxpipeline.cpp:4971 NodeDestroy() Destroying node: RealtimeDefault2_StatsParse0_cam3
01-24 13:12:27.964  1982  3878 E CamX    : [ERROR][CORE   ] camxpipeline.cpp:4971 NodeDestroy() Destroying node: RealtimeDefault2_StatsParse1_cam3
01-24 13:12:27.964  1982  3878 E CamX    : [ERROR][CORE   ] camxpipeline.cpp:4971 NodeDestroy() Destroying node: RealtimeDefault3_Sensor0_cam4
01-24 13:12:27.965  1982  3876 E CamX    : [ERROR][CORE   ] camxpipeline.cpp:4971 NodeDestroy() Destroying node: RealtimeDefault3_Stats0_cam4
01-24 13:12:27.965  1982  3876 E CamX    : [ERROR][CORE   ] camxpipeline.cpp:4971 NodeDestroy() Destroying node: RealtimeDefault3_AWB0_cam4
01-24 13:12:27.965  1982  3877 E CamX    : [ERROR][CORE   ] camxpipeline.cpp:4971 NodeDestroy() Destroying node: RealtimeDefault3_Tracker0_cam4
01-24 13:12:27.965  1982  3876 E CamX    : [ERROR][CORE   ] camxpipeline.cpp:4971 NodeDestroy() Destroying node: RealtimeDefault3_SALINet0_cam4
01-24 13:12:27.965  1982 23880 E CamX    : [ERROR][CORE   ] camxpipeline.cpp:236 Destroy() MfsrBlend0_1: Updated m_referenceCount=0
01-24 13:12:27.965  1982  3874 E CamX    : [ERROR][CORE   ] camxpipeline.cpp:4971 NodeDestroy() Destroying node: RealtimeDefault3_com.qti.node.evawarp10_cam4
01-24 13:12:27.965  1982  3874 E CamX    : [ERROR][CORE   ] camxpipeline.cpp:4971 NodeDestroy() Destroying node: RealtimeDefault3_com.qti.node.fd8_cam4
01-24 13:12:27.965  1982  3876 E CamX    : [ERROR][CORE   ] camxpipeline.cpp:4971 NodeDestroy() Destroying node: RealtimeDefault3_AutoFocus0_cam4
01-24 13:12:27.965  1982  3877 E CamX    : [ERROR][CORE   ] camxpipeline.cpp:4971 NodeDestroy() Destroying node: RealtimeDefault3_MCTFE0_cam4
01-24 13:12:27.966  1982  3876 E CamX    : [ERROR][STATS_AF] pdlib_adaptive_k.cpp:1941 Save() Failed to open the adaptive k data file
01-24 13:12:27.966  1982  3875 E CamX    : [ERROR][CORE   ] camxpipeline.cpp:4971 NodeDestroy() Destroying node: RealtimeDefault3_StatsParse0_cam4
01-24 13:12:27.966  1982  3875 E CamX    : [ERROR][CORE   ] camxpipeline.cpp:4971 NodeDestroy() Destroying node: RealtimeDefault3_StatsParse1_cam4
01-24 13:12:27.966  1982 23892 E ChiX    : [ERROR][F2Core ] chifeature2base.cpp:6688 AsyncDestroyCb() Start Pipeline destroy, feature RealTimeMCX pipeline RealtimeDefault
01-24 13:12:27.966  1982 23892 E CamX    : [ERROR][CORE   ] camxpipeline.cpp:236 Destroy() RealtimeDefault1_1: Updated m_referenceCount=0
01-24 13:12:27.966  1982  3876 E CamX    : [ERROR][CORE   ] camxpipeline.cpp:4971 NodeDestroy() Destroying node: MfsrBlend0_com.qti.node.mmfalign30_cam2
01-24 13:12:27.966  1982  3875 E CamX    : [ERROR][CORE   ] camxpipeline.cpp:4971 NodeDestroy() Destroying node: MfsrBlend0_IPE1_cam2
01-24 13:12:27.966  1982 23891 E CamX    : [ERROR][CORE   ] camxpipeline.cpp:236 Destroy() MfsrBlend1_1: Updated m_referenceCount=0
01-24 13:12:27.966  1982  3876 E CamX    : [ERROR][CORE   ] camxpipeline.cpp:4971 NodeDestroy() Destroying node: MfsrBlend0_OFE5_cam2
01-24 13:12:27.966  1982  3875 E CamX    : [ERROR][CORE   ] camxpipeline.cpp:4971 NodeDestroy() Destroying node: RealtimeDefault1_Sensor0_cam0
01-24 13:12:27.967  1982  3874 E CamX    : [ERROR][CORE   ] camxpipeline.cpp:4971 NodeDestroy() Destroying node: RealtimeDefault1_Stats0_cam0
01-24 13:12:27.967  1982  3874 E CamX    : [ERROR][CORE   ] camxpipeline.cpp:4971 NodeDestroy() Destroying node: RealtimeDefault1_AWB0_cam0
01-24 13:12:27.967  1982  3874 E CamX    : [ERROR][CORE   ] camxpipeline.cpp:4971 NodeDestroy() Destroying node: RealtimeDefault1_Tracker0_cam0
01-24 13:12:27.967  1982  3874 E CamX    : [ERROR][CORE   ] camxpipeline.cpp:4971 NodeDestroy() Destroying node: RealtimeDefault1_SALINet0_cam0
01-24 13:12:27.967  1982  3874 E CamX    : [ERROR][CORE   ] camxpipeline.cpp:4971 NodeDestroy() Destroying node: RealtimeDefault1_com.qti.node.evawarp10_cam0
01-24 13:12:27.968  1982  3878 E CamX    : [ERROR][CORE   ] camxpipeline.cpp:4971 NodeDestroy() Destroying node: RealtimeDefault1_com.qti.node.fd8_cam0
01-24 13:12:27.968  1982  3873 E CamX    : [ERROR][CORE   ] camxpipeline.cpp:4971 NodeDestroy() Destroying node: RealtimeDefault1_AutoFocus0_cam0
01-24 13:12:27.968  1982  3873 E CamX    : [ERROR][STATS_AF] pdlib_adaptive_k.cpp:1941 Save() Failed to open the adaptive k data file
01-24 13:12:27.969  1982  3873 E CamX    : [ERROR][CORE   ] camxpipeline.cpp:4971 NodeDestroy() Destroying node: RealtimeDefault1_MCTFE0_cam0
01-24 13:12:27.969  1982  3873 E CamX    : [ERROR][CSL    ] camxcslhw.cpp:1474 CSLReleaseDeviceHW() [SUBDEV_DBG] hCSL[0xab0200] hDevice[0x6b011d] hSession[0xab0200]
01-24 13:12:27.969  1982  3873 E CamX    : [ERROR][CSL    ] camxcslhw.cpp:1501 CSLReleaseDeviceHW() [SUBDEV_DBG] hDevice[0x6b011d] hAcquired[0x6b011d] hSession[0xab0200]                                     devName[] deviceIdx[0] deviceType[23] refCount[0] isStreamActive[0] session_name[FastAECRealtime]
01-24 13:12:27.969  1982  3880 E CamX    : [ERROR][CORE   ] camxpipeline.cpp:4971 NodeDestroy() Destroying node: RealtimeDefault1_StatsParse0_cam0
01-24 13:12:27.969  1982  3880 E CamX    : [ERROR][CORE   ] camxpipeline.cpp:4971 NodeDestroy() Destroying node: RealtimeDefault1_StatsParse1_cam0
01-24 13:12:27.969  1982  3880 E CamX    : [ERROR][CORE   ] camxpipeline.cpp:4971 NodeDestroy() Destroying node: MfsrBlend1_com.qti.node.mmfalign30_cam0
01-24 13:12:27.969  1982  3880 E CamX    : [ERROR][CORE   ] camxpipeline.cpp:4971 NodeDestroy() Destroying node: MfsrBlend1_IPE1_cam0
01-24 13:12:27.969  1982 23883 E CamX    : [ERROR][CORE   ] camxpipeline.cpp:236 Destroy() MfsrBlend2_1: Updated m_referenceCount=0
01-24 13:12:27.969  1982  3880 E CamX    : [ERROR][CORE   ] camxpipeline.cpp:4971 NodeDestroy() Destroying node: MfsrBlend1_OFE5_cam0
01-24 13:12:27.970  1982  3875 E CamX    : [ERROR][CORE   ] camxpipeline.cpp:4971 NodeDestroy() Destroying node: MfsrBlend2_com.qti.node.mmfalign30_cam3
01-24 13:12:27.970  1982  3877 E CamX    : [ERROR][CORE   ] camxpipeline.cpp:4971 NodeDestroy() Destroying node: MfsrBlend2_IPE1_cam3
01-24 13:12:27.970  1982  3875 E CamX    : [ERROR][CORE   ] camxpipeline.cpp:4971 NodeDestroy() Destroying node: MfsrBlend2_OFE5_cam3
01-24 13:12:27.970  1982 23880 E CamX    : [ERROR][CORE   ] camxpipeline.cpp:236 Destroy() MfsrEqualization0_2: Updated m_referenceCount=0
01-24 13:12:27.971  1982 23890 E ChiX    : [ERROR][F2Core ] chifeature2base.cpp:6688 AsyncDestroyCb() Start Pipeline destroy, feature RealTimeMCX pipeline RealtimeDefault
01-24 13:12:27.971  1982 23890 E CamX    : [ERROR][CORE   ] camxpipeline.cpp:236 Destroy() RealtimeDefault0_0: Updated m_referenceCount=0
01-24 13:12:27.972  1982  3877 E CamX    : [ERROR][CORE   ] camxpipeline.cpp:4971 NodeDestroy() Destroying node: MfsrEqualization0_IPE4_cam2
01-24 13:12:27.973  1982 23888 E ChiX    : [ERROR][F2Core ] chifeature2base.cpp:6668 AsyncDestroyCb() Start Session destroy feature FUSION session Fusion
01-24 13:12:27.973  1982 23888 E CamX    : [ERROR][CORE   ] camxpipeline.cpp:236 Destroy() FusionSnapshot0_0: Updated m_referenceCount=1
01-24 13:12:27.973  1982  3879 E CamX    : [ERROR][CORE   ] camxpipeline.cpp:4971 NodeDestroy() Destroying node: RealtimeDefault0_Sensor0_cam2
01-24 13:12:27.973  1982  3874 E CamX    : [ERROR][CORE   ] camxpipeline.cpp:4971 NodeDestroy() Destroying node: RealtimeDefault0_Stats0_cam2
01-24 13:12:27.973  1982  3877 E CamX    : [ERROR][CORE   ] camxpipeline.cpp:4971 NodeDestroy() Destroying node: RealtimeDefault0_AWB0_cam2
01-24 13:12:27.973  1982  3876 E CamX    : [ERROR][CORE   ] camxpipeline.cpp:4971 NodeDestroy() Destroying node: RealtimeDefault0_Tracker0_cam2
01-24 13:12:27.973  1982  3876 E CamX    : [ERROR][CORE   ] camxpipeline.cpp:4971 NodeDestroy() Destroying node: RealtimeDefault0_SALINet0_cam2
01-24 13:12:27.973  1982  3876 E CamX    : [ERROR][CORE   ] camxpipeline.cpp:4971 NodeDestroy() Destroying node: RealtimeDefault0_com.qti.node.evawarp10_cam2
01-24 13:12:27.973  1982  3874 E CamX    : [ERROR][CORE   ] camxpipeline.cpp:4971 NodeDestroy() Destroying node: RealtimeDefault0_com.qti.node.fd8_cam2
01-24 13:12:27.973  1982  3876 E CamX    : [ERROR][CORE   ] camxpipeline.cpp:4971 NodeDestroy() Destroying node: RealtimeDefault0_AutoFocus0_cam2
01-24 13:12:27.973  1982 23880 E CamX    : [ERROR][CORE   ] camxpipeline.cpp:236 Destroy() MfsrPostFilter0_3: Updated m_referenceCount=0
01-24 13:12:27.973  1982 23888 E CamX    : [ERROR][CORE   ] camxpipeline.cpp:236 Destroy() FusionSnapshot0_0: Updated m_referenceCount=0
01-24 13:12:27.974  1982  3877 E CamX    : [ERROR][CORE   ] camxpipeline.cpp:4971 NodeDestroy() Destroying node: RealtimeDefault0_MCTFE0_cam2
01-24 13:12:27.974  1982  3874 E CamX    : [ERROR][CORE   ] camxpipeline.cpp:4971 NodeDestroy() Destroying node: RealtimeDefault0_StatsParse0_cam2
01-24 13:12:27.974  1982  3874 E CamX    : [ERROR][CORE   ] camxpipeline.cpp:4971 NodeDestroy() Destroying node: RealtimeDefault0_StatsParse1_cam2
01-24 13:12:27.974  1982  3874 E CamX    : [ERROR][CORE   ] camxpipeline.cpp:4971 NodeDestroy() Destroying node: MfsrPostFilter0_IPE3_cam2
01-24 13:12:27.974  1982  3872 E CamX    : [ERROR][CORE   ] camxpipeline.cpp:4971 NodeDestroy() Destroying node: FusionSnapshot0_com.qti.node.sat0_cam2
01-24 13:12:27.974  1982 23882 E CamX    : [ERROR][CORE   ] camxpipeline.cpp:236 Destroy() MfsrBlend3_1: Updated m_referenceCount=0
01-24 13:12:27.974  1982  3874 E CamX    : [ERROR][CORE   ] camxpipeline.cpp:4971 NodeDestroy() Destroying node: FusionSnapshot0_IPE0_cam2
01-24 13:12:27.975  1982  3874 E CamX    : [ERROR][CORE   ] camxpipeline.cpp:4971 NodeDestroy() Destroying node: FusionSnapshot0_IPE1_cam2
01-24 13:12:27.975  1982 23880 E CamX    : [ERROR][CORE   ] camxpipeline.cpp:236 Destroy() MfsrML0_4: Updated m_referenceCount=0
01-24 13:12:27.975  1982  3874 E CamX    : [ERROR][CORE   ] camxpipeline.cpp:4971 NodeDestroy() Destroying node: FusionSnapshot0_IPE2_cam2
01-24 13:12:27.976  1982  3874 E CamX    : [ERROR][CORE   ] camxpipeline.cpp:4971 NodeDestroy() Destroying node: FusionSnapshot0_IPE3_cam2
01-24 13:12:27.976  1982  3872 E CamX    : [ERROR][CORE   ] camxpipeline.cpp:4971 NodeDestroy() Destroying node: MfsrBlend3_com.qti.node.mmfalign30_cam4
01-24 13:12:27.976  1982  3874 E CamX    : [ERROR][CORE   ] camxpipeline.cpp:4971 NodeDestroy() Destroying node: MfsrBlend3_IPE1_cam4
01-24 13:12:27.976  1982  3874 E CamX    : [ERROR][CORE   ] camxpipeline.cpp:4971 NodeDestroy() Destroying node: MfsrBlend3_OFE5_cam4
01-24 13:12:27.977  1982  3879 E CamX    : [ERROR][CORE   ] camxpipeline.cpp:4971 NodeDestroy() Destroying node: MfsrML0_com.qti.node.ml0_cam2
01-24 13:12:27.977  1982  3879 E CamX    : [ERROR][CORE   ] camxpipeline.cpp:4971 NodeDestroy() Destroying node: MfsrML0_IPE5_cam2
01-24 13:12:27.977  1982  3872 E CamX    : [ERROR][CORE   ] camxpipeline.cpp:4971 NodeDestroy() Destroying node: MfsrML0_IPE9_cam2
01-24 13:12:27.978  1982 23891 E CamX    : [ERROR][CORE   ] camxpipeline.cpp:236 Destroy() MfsrEqualization1_2: Updated m_referenceCount=0
01-24 13:12:27.978  1982  3876 E CamX    : [ERROR][STATS_AF] pdlib_adaptive_k.cpp:1941 Save() Failed to open the adaptive k data file
01-24 13:12:27.978  1982 23883 E CamX    : [ERROR][CORE   ] camxpipeline.cpp:236 Destroy() MfsrEqualization2_2: Updated m_referenceCount=0
01-24 13:12:27.979  1982  3872 E CamX    : [ERROR][CORE   ] camxpipeline.cpp:4971 NodeDestroy() Destroying node: MfsrEqualization1_IPE4_cam0
01-24 13:12:27.979  1982  3874 E CamX    : [ERROR][CORE   ] camxpipeline.cpp:4971 NodeDestroy() Destroying node: MfsrEqualization2_IPE4_cam3
01-24 13:12:27.979  1982 23882 E CamX    : [ERROR][CORE   ] camxpipeline.cpp:236 Destroy() MfsrEqualization3_2: Updated m_referenceCount=0
01-24 13:12:27.979  1982 23891 E CamX    : [ERROR][CORE   ] camxpipeline.cpp:236 Destroy() MfsrPostFilter1_3: Updated m_referenceCount=0
01-24 13:12:27.980  1982 23883 E CamX    : [ERROR][CORE   ] camxpipeline.cpp:236 Destroy() MfsrPostFilter2_3: Updated m_referenceCount=0
01-24 13:12:27.980  1982  3872 E CamX    : [ERROR][CORE   ] camxpipeline.cpp:4971 NodeDestroy() Destroying node: MfsrEqualization3_IPE4_cam4
01-24 13:12:27.980  1982  3874 E CamX    : [ERROR][CORE   ] camxpipeline.cpp:4971 NodeDestroy() Destroying node: MfsrPostFilter2_IPE3_cam3
01-24 13:12:27.981  1982 23882 E CamX    : [ERROR][CORE   ] camxpipeline.cpp:236 Destroy() MfsrPostFilter3_3: Updated m_referenceCount=0
01-24 13:12:27.981  1982  3874 E CamX    : [ERROR][CORE   ] camxpipeline.cpp:4971 NodeDestroy() Destroying node: MfsrPostFilter1_IPE3_cam0
01-24 13:12:27.981  1982 23883 E CamX    : [ERROR][CORE   ] camxpipeline.cpp:236 Destroy() MfsrML2_4: Updated m_referenceCount=0
01-24 13:12:27.981  1982  3880 E CamX    : [ERROR][CORE   ] camxpipeline.cpp:4971 NodeDestroy() Destroying node: MfsrPostFilter3_IPE3_cam4
01-24 13:12:27.982  1982  3876 E CamX    : [ERROR][CORE   ] camxpipeline.cpp:4971 NodeDestroy() Destroying node: MfsrML2_com.qti.node.ml0_cam3
01-24 13:12:27.982  1982  3880 E CamX    : [ERROR][CORE   ] camxpipeline.cpp:4971 NodeDestroy() Destroying node: MfsrML2_IPE9_cam3
01-24 13:12:27.982  1982  3875 E CamX    : [ERROR][CORE   ] camxpipeline.cpp:4971 NodeDestroy() Destroying node: MfsrML2_IPE5_cam3
01-24 13:12:27.982  1982 23891 E CamX    : [ERROR][CORE   ] camxpipeline.cpp:236 Destroy() MfsrML1_4: Updated m_referenceCount=0
01-24 13:12:27.982  1982  3880 E CamX    : [ERROR][CORE   ] camxpipeline.cpp:4971 NodeDestroy() Destroying node: MfsrML1_com.qti.node.ml0_cam0
01-24 13:12:27.982  1982  3879 E CamX    : [ERROR][CORE   ] camxpipeline.cpp:4971 NodeDestroy() Destroying node: MfsrML1_IPE5_cam0
01-24 13:12:27.983  1982 23882 E CamX    : [ERROR][CORE   ] camxpipeline.cpp:236 Destroy() MfsrML3_4: Updated m_referenceCount=0
01-24 13:12:27.983  1982  3878 E CamX    : [ERROR][CORE   ] camxpipeline.cpp:4971 NodeDestroy() Destroying node: MfsrML1_IPE9_cam0
01-24 13:12:27.983  1982  3878 E CamX    : [ERROR][CORE   ] camxpipeline.cpp:4971 NodeDestroy() Destroying node: MfsrML3_com.qti.node.ml0_cam4
01-24 13:12:27.983  1982  3876 E CamX    : [ERROR][CORE   ] camxpipeline.cpp:4971 NodeDestroy() Destroying node: MfsrML3_IPE5_cam4
01-24 13:12:27.983  1982  3879 E CamX    : [ERROR][CORE   ] camxpipeline.cpp:4971 NodeDestroy() Destroying node: MfsrML3_IPE9_cam4
01-24 13:12:27.996  1982  7586 E CamX    : [ERROR][HAL    ] camxhaldevice.cpp:1533 CHIModuleInitialize() GetCameraId: 4 callback: 0xb40000739b6f7738 cam3Device: 0xb40000739b6f7690
01-24 13:12:28.007  1982  7586 E ChiX    : [ERROR][CORE   ] chxextensionmodule.cpp:2713 SetHALOps() SetHALOps being set for CameraID:4 pHalOps: 0xb40000739b6f7738
01-24 13:12:28.007  1982  7586 E ChiX    : [ERROR][CORE   ] chxextensionmodule.cpp:8514 InitializeOverrideSession() logicalCam: 4 pCamera3Device: 0xb40000739b6f7690
01-24 13:12:28.010  1982 24170 E ChiX    : [ERROR][MCXCore] chimcxmflpolicy.cpp:6264 GetSysfsFallbackState() read failed
01-24 13:12:28.019  1982  7586 E GME     : [ERROR][ChiNode] camxchinodegme.cpp:15009 Check3rdPartyMode() SATOfflineReprocess0_com.qti.node.gme0_cam2 [3RD_PARTY_TUNING] cameraClient(2), check3rdParty(1)
01-24 13:12:28.019  1982  7586 E GME     : [ERROR][ChiNode] camxchinodegme.cpp:15152 GetSSChromatixTuningMode() SATOfflineReprocess0_com.qti.node.gme0_cam2 [3RD_PARTY_TUNING] Third_party_video case
01-24 13:12:28.019  1982  7586 E GME     : [ERROR][ChiNode] camxchinodegme.cpp:15152 GetSSChromatixTuningMode() SATOfflineReprocess0_com.qti.node.gme0_cam2 [3RD_PARTY_TUNING] Third_party_video case
01-24 13:12:28.019  1982  7586 E GME     : [ERROR][ChiNode] camxchinodegme.cpp:15152 GetSSChromatixTuningMode() SATOfflineReprocess0_com.qti.node.gme0_cam2 [3RD_PARTY_TUNING] Third_party_video case
01-24 13:12:28.019  1982  7586 E GME     : [ERROR][ChiNode] camxchinodegme.cpp:15152 GetSSChromatixTuningMode() SATOfflineReprocess0_com.qti.node.gme0_cam2 [3RD_PARTY_TUNING] Third_party_video case
01-24 13:12:28.030  1982 24181 E CHIFD   : [ERROR][FD     ] camxchinodefd.cpp:1867 FillInputBufferRequirments() Node[RealtimeDefault2_com.qti.node.fd8_cam3] ImageRequirements index 0 width 640 height 480 Y stride 640 scanline 480 UV stride 640 scanline 240
01-24 13:12:28.030  1982 24181 E CHIFD   : [ERROR][FD     ] camxchinodefd.cpp:1867 FillInputBufferRequirments() Node[RealtimeDefault2_com.qti.node.fd8_cam3] ImageRequirements index 1 width 640 height 360 Y stride 640 scanline 480 UV stride 640 scanline 240
01-24 13:12:28.030  1982 24181 E CHIFD   : [ERROR][FD     ] camxchinodefd.cpp:1867 FillInputBufferRequirments() Node[RealtimeDefault2_com.qti.node.fd8_cam3] ImageRequirements index 2 width 1280 height 960 Y stride 1280 scanline 960 UV stride 1280 scanline 480
01-24 13:12:28.030  1982 24181 E CHIFD   : [ERROR][FD     ] camxchinodefd.cpp:1966 FillInputBufferRequirments() Dimensions :Base[640x480], Preview [2336x1080], Request [640x294] bufferModeChoosed 1
01-24 13:12:28.030  1982 24181 E CHIFD   : [ERROR][FD     ] camxchinodefd.cpp:1988 FillInputBufferRequirments() PortId 0, Min[640x294], Max[640x294], Optimal[640x294]
01-24 13:12:28.030  1982 24191 E CHIFD   : [ERROR][FD     ] camxchinodefd.cpp:1867 FillInputBufferRequirments() Node[RealtimeDefault1_com.qti.node.fd8_cam0] ImageRequirements index 0 width 640 height 480 Y stride 640 scanline 480 UV stride 640 scanline 240
01-24 13:12:28.030  1982 24191 E CHIFD   : [ERROR][FD     ] camxchinodefd.cpp:1867 FillInputBufferRequirments() Node[RealtimeDefault1_com.qti.node.fd8_cam0] ImageRequirements index 1 width 640 height 360 Y stride 640 scanline 480 UV stride 640 scanline 240
01-24 13:12:28.030  1982 24191 E CHIFD   : [ERROR][FD     ] camxchinodefd.cpp:1867 FillInputBufferRequirments() Node[RealtimeDefault1_com.qti.node.fd8_cam0] ImageRequirements index 2 width 1280 height 960 Y stride 1280 scanline 960 UV stride 1280 scanline 480
01-24 13:12:28.030  1982 24191 E CHIFD   : [ERROR][FD     ] camxchinodefd.cpp:1966 FillInputBufferRequirments() Dimensions :Base[640x480], Preview [2336x1080], Request [640x294] bufferModeChoosed 1
01-24 13:12:28.030  1982 24191 E CHIFD   : [ERROR][FD     ] camxchinodefd.cpp:1988 FillInputBufferRequirments() PortId 0, Min[640x294], Max[640x294], Optimal[640x294]
01-24 13:12:28.031  1982 24176 E CHIFD   : [ERROR][FD     ] camxchinodefd.cpp:1867 FillInputBufferRequirments() Node[RealtimeDefault3_com.qti.node.fd8_cam4] ImageRequirements index 0 width 640 height 480 Y stride 640 scanline 480 UV stride 640 scanline 240
01-24 13:12:28.031  1982 24176 E CHIFD   : [ERROR][FD     ] camxchinodefd.cpp:1867 FillInputBufferRequirments() Node[RealtimeDefault3_com.qti.node.fd8_cam4] ImageRequirements index 1 width 640 height 360 Y stride 640 scanline 480 UV stride 640 scanline 240
01-24 13:12:28.031  1982 24176 E CHIFD   : [ERROR][FD     ] camxchinodefd.cpp:1867 FillInputBufferRequirments() Node[RealtimeDefault3_com.qti.node.fd8_cam4] ImageRequirements index 2 width 1280 height 960 Y stride 1280 scanline 960 UV stride 1280 scanline 480
01-24 13:12:28.031  1982 24176 E CHIFD   : [ERROR][FD     ] camxchinodefd.cpp:1966 FillInputBufferRequirments() Dimensions :Base[640x480], Preview [2336x1080], Request [640x294] bufferModeChoosed 1
01-24 13:12:28.031  1982 24176 E CHIFD   : [ERROR][FD     ] camxchinodefd.cpp:1988 FillInputBufferRequirments() PortId 0, Min[640x294], Max[640x294], Optimal[640x294]
01-24 13:12:28.031  1982 24181 E CHIFD   : [ERROR][FD     ] camxchinodefd.cpp:1867 FillInputBufferRequirments() Node[RealtimeDefault0_com.qti.node.fd8_cam2] ImageRequirements index 0 width 640 height 480 Y stride 640 scanline 480 UV stride 640 scanline 240
01-24 13:12:28.031  1982 24181 E CHIFD   : [ERROR][FD     ] camxchinodefd.cpp:1867 FillInputBufferRequirments() Node[RealtimeDefault0_com.qti.node.fd8_cam2] ImageRequirements index 1 width 640 height 360 Y stride 640 scanline 480 UV stride 640 scanline 240
01-24 13:12:28.031  1982 24181 E CHIFD   : [ERROR][FD     ] camxchinodefd.cpp:1867 FillInputBufferRequirments() Node[RealtimeDefault0_com.qti.node.fd8_cam2] ImageRequirements index 2 width 1280 height 960 Y stride 1280 scanline 960 UV stride 1280 scanline 480
01-24 13:12:28.031  1982 24181 E CHIFD   : [ERROR][FD     ] camxchinodefd.cpp:1966 FillInputBufferRequirments() Dimensions :Base[640x480], Preview [2336x1080], Request [640x294] bufferModeChoosed 1
01-24 13:12:28.031  1982 24181 E CHIFD   : [ERROR][FD     ] camxchinodefd.cpp:1988 FillInputBufferRequirments() PortId 0, Min[640x294], Max[640x294], Optimal[640x294]
01-24 13:12:28.034  1982  3863 E CamX    : [ERROR][SENSOR ] camxsensor.cpp:10233 AcquireDevice() Sensor[0][RealtimeDefault1_Sensor0_cam0] hCSL:0xab0200 hDev:0x890101 devIdx:30 isAcquired:1 pipelineRefCount:0
01-24 13:12:28.034  1982  3863 E CamX    : [ERROR][SENSOR ] camxsensorcache.cpp:117 SetSubDeviceHandle() Device[0][Sensor] refCount:5 hCSL:0xab0200 hDev:0x890101 hCSLCached:0xab0200 isAcquired:1 pipelineRefCount:0
01-24 13:12:28.035  1982  3866 E CamX    : [ERROR][SENSOR ] camxsensor.cpp:10233 AcquireDevice() Sensor[4][RealtimeDefault3_Sensor0_cam4] hCSL:0xab0200 hDev:0x370106 devIdx:34 isAcquired:1 pipelineRefCount:0
01-24 13:12:28.035  1982  3866 E CamX    : [ERROR][SENSOR ] camxsensorcache.cpp:117 SetSubDeviceHandle() Device[4][Sensor] refCount:5 hCSL:0xab0200 hDev:0x370106 hCSLCached:0xab0200 isAcquired:1 pipelineRefCount:0
01-24 13:12:28.035  1982  3866 E CamX    : [ERROR][SENSOR ] camxsensorcache.cpp:117 SetSubDeviceHandle() Device[4][CSIPHY] refCount:5 hCSL:0xab0200 hDev:0x4b0102 hCSLCached:0xab0200 isAcquired:1 pipelineRefCount:0
01-24 13:12:28.035  1982  3863 E CamX    : [ERROR][SENSOR ] camxsensorcache.cpp:117 SetSubDeviceHandle() Device[0][CSIPHY] refCount:5 hCSL:0xab0200 hDev:0x220103 hCSLCached:0xab0200 isAcquired:1 pipelineRefCount:0
01-24 13:12:28.036  1982  3869 E CamX    : [ERROR][SENSOR ] camxsensor.cpp:10233 AcquireDevice() Sensor[3][RealtimeDefault2_Sensor0_cam3] hCSL:0xab0200 hDev:0x580108 devIdx:33 isAcquired:1 pipelineRefCount:0
01-24 13:12:28.036  1982  3869 E CamX    : [ERROR][SENSOR ] camxsensorcache.cpp:117 SetSubDeviceHandle() Device[3][Sensor] refCount:5 hCSL:0xab0200 hDev:0x580108 hCSLCached:0xab0200 isAcquired:1 pipelineRefCount:0
01-24 13:12:28.036  1982  3864 E CamX    : [ERROR][SENSOR ] camxoisbase.cpp:166 AcquireDevice() OIS[4][RealtimeDefault3_Sensor0_cam4] hCSL:0xab0200 hDev:0x7f0107 devIdx:28 isAcquired:1 pipelineRefCount:0
01-24 13:12:28.036  1982  3864 E CamX    : [ERROR][SENSOR ] camxsensorcache.cpp:117 SetSubDeviceHandle() Device[4][OIS] refCount:5 hCSL:0xab0200 hDev:0x7f0107 hCSLCached:0xab0200 isAcquired:1 pipelineRefCount:0
01-24 13:12:28.036  1982  3867 E CamX    : [ERROR][SENSOR ] camxoisbase.cpp:166 AcquireDevice() OIS[0][RealtimeDefault1_Sensor0_cam0] hCSL:0xab0200 hDev:0xef010a devIdx:26 isAcquired:1 pipelineRefCount:0
01-24 13:12:28.036  1982  3865 E CamX    : [ERROR][SENSOR ] camxsensor.cpp:10233 AcquireDevice() Sensor[2][RealtimeDefault0_Sensor0_cam2] hCSL:0xab0200 hDev:0x420105 devIdx:32 isAcquired:1 pipelineRefCount:0
01-24 13:12:28.036  1982  3865 E CamX    : [ERROR][SENSOR ] camxsensorcache.cpp:117 SetSubDeviceHandle() Device[2][Sensor] refCount:4 hCSL:0xab0200 hDev:0x420105 hCSLCached:0xab0200 isAcquired:1 pipelineRefCount:0
01-24 13:12:28.037  1982  3867 E CamX    : [ERROR][SENSOR ] camxsensorcache.cpp:117 SetSubDeviceHandle() Device[0][OIS] refCount:5 hCSL:0xab0200 hDev:0xef010a hCSLCached:0xab0200 isAcquired:1 pipelineRefCount:0
01-24 13:12:28.037  1982  3871 E CamX    : [ERROR][SENSOR ] camxoisbase.cpp:166 AcquireDevice() OIS[3][RealtimeDefault2_Sensor0_cam3] hCSL:0xab0200 hDev:0xb40109 devIdx:27 isAcquired:1 pipelineRefCount:0
01-24 13:12:28.037  1982  3865 E CamX    : [ERROR][SENSOR ] camxsensorcache.cpp:117 SetSubDeviceHandle() Device[2][CSIPHY] refCount:4 hCSL:0xab0200 hDev:0xd4011b hCSLCached:0xab0200 isAcquired:1 pipelineRefCount:0
01-24 13:12:28.038  1982  3871 E CamX    : [ERROR][SENSOR ] camxsensorcache.cpp:117 SetSubDeviceHandle() Device[3][OIS] refCount:5 hCSL:0xab0200 hDev:0xb40109 hCSLCached:0xab0200 isAcquired:1 pipelineRefCount:0
01-24 13:12:28.038  1982  3865 E CamX    : [ERROR][SENSOR ] camxactuator.cpp:148 Initialize() Actuator[2][RealtimeDefault0_Sensor0_cam2] hCSL:0xab0200 hDev:0x45011c devIdx:25 isAcquired:1 pipelineRefCount:0
01-24 13:12:28.038  1982  3865 E CamX    : [ERROR][SENSOR ] camxsensorcache.cpp:117 SetSubDeviceHandle() Device[2][Actuator] refCount:4 hCSL:0xab0200 hDev:0x45011c hCSLCached:0xab0200 isAcquired:1 pipelineRefCount:0
01-24 13:12:28.038  1982  3865 E CamX    : [ERROR][SENSOR ] camxsensorcache.cpp:117 SetSubDeviceHandle() Device[2][Flash] refCount:4 hCSL:0xab0200 hDev:0x121 hCSLCached:0xab0200 isAcquired:1 pipelineRefCount:0
01-24 13:12:28.038  1982  3869 E CamX    : [ERROR][SENSOR ] camxsensorcache.cpp:117 SetSubDeviceHandle() Device[3][CSIPHY] refCount:5 hCSL:0xab0200 hDev:0x1d0119 hCSLCached:0xab0200 isAcquired:1 pipelineRefCount:0
01-24 13:12:28.038  1982  3869 E CamX    : [ERROR][SENSOR ] camxactuator.cpp:148 Initialize() Actuator[3][RealtimeDefault2_Sensor0_cam3] hCSL:0xab0200 hDev:0x90011a devIdx:22 isAcquired:1 pipelineRefCount:0
01-24 13:12:28.038  1982  3869 E CamX    : [ERROR][SENSOR ] camxsensorcache.cpp:117 SetSubDeviceHandle() Device[3][Actuator] refCount:5 hCSL:0xab0200 hDev:0x90011a hCSLCached:0xab0200 isAcquired:1 pipelineRefCount:0
01-24 13:12:28.038  1982  3869 E CamX    : [ERROR][SENSOR ] camxsensorcache.cpp:117 SetSubDeviceHandle() Device[3][Flash] refCount:5 hCSL:0xab0200 hDev:0xe6011f hCSLCached:0xab0200 isAcquired:1 pipelineRefCount:0
01-24 13:12:28.038  1982  3863 E CamX    : [ERROR][SENSOR ] camxactuator.cpp:148 Initialize() Actuator[0][RealtimeDefault1_Sensor0_cam0] hCSL:0xab0200 hDev:0x56010b devIdx:7 isAcquired:1 pipelineRefCount:0
01-24 13:12:28.038  1982  3863 E CamX    : [ERROR][SENSOR ] camxsensorcache.cpp:117 SetSubDeviceHandle() Device[0][Actuator] refCount:5 hCSL:0xab0200 hDev:0x56010b hCSLCached:0xab0200 isAcquired:1 pipelineRefCount:0
01-24 13:12:28.039  1982  3863 E CamX    : [ERROR][SENSOR ] camxsensorcache.cpp:117 SetSubDeviceHandle() Device[0][Flash] refCount:5 hCSL:0xab0200 hDev:0x40114 hCSLCached:0xab0200 isAcquired:1 pipelineRefCount:0
01-24 13:12:28.039  1982  3866 E CamX    : [ERROR][SENSOR ] camxactuator.cpp:148 Initialize() Actuator[4][RealtimeDefault3_Sensor0_cam4] hCSL:0xab0200 hDev:0x700104 devIdx:24 isAcquired:1 pipelineRefCount:0
01-24 13:12:28.039  1982  3866 E CamX    : [ERROR][SENSOR ] camxsensorcache.cpp:117 SetSubDeviceHandle() Device[4][Actuator] refCount:5 hCSL:0xab0200 hDev:0x700104 hCSLCached:0xab0200 isAcquired:1 pipelineRefCount:0
01-24 13:12:28.039  1982  3866 E CamX    : [ERROR][SENSOR ] camxsensorcache.cpp:117 SetSubDeviceHandle() Device[4][Flash] refCount:5 hCSL:0xab0200 hDev:0xa70120 hCSLCached:0xab0200 isAcquired:1 pipelineRefCount:0
01-24 13:12:28.039  1982 24212 E CamX    : [ERROR][ISP    ] camxmctfenode.cpp:5449 ConfigureInputResolution() RealtimeDefault1_MCTFE0_cam0: IPP Input Resolution WxH = [4000 x 3000], RDI Resolution WxH = [4000 x 3000]binningFactor 1, CSIDBinning Enabled 0, bIsXCFANonRemosaicData: 0 SensorMode Index 5,isQPDMode:0
01-24 13:12:28.039  1982 24212 E CamX    : [ERROR][ISP    ] camxmctfenode.cpp:5449 ConfigureInputResolution() RealtimeDefault1_MCTFE0_cam0: IPP Input Resolution WxH = [4000 x 3000], RDI Resolution WxH = [4000 x 3000]binningFactor 1, CSIDBinning Enabled 0, bIsXCFANonRemosaicData: 0 SensorMode Index 21,isQPDMode:0
01-24 13:12:28.039  1982 24212 E CamX    : [ERROR][ISP    ] camxmctfenode.cpp:5449 ConfigureInputResolution() RealtimeDefault1_MCTFE0_cam0: IPP Input Resolution WxH = [4000 x 3000], RDI Resolution WxH = [4000 x 3000]binningFactor 1, CSIDBinning Enabled 0, bIsXCFANonRemosaicData: 0 SensorMode Index 23,isQPDMode:0
01-24 13:12:28.039  1982 24212 E CamX    : [ERROR][ISP    ] camxmctfenode.cpp:5449 ConfigureInputResolution() RealtimeDefault1_MCTFE0_cam0: IPP Input Resolution WxH = [4000 x 3000], RDI Resolution WxH = [4000 x 3000]binningFactor 1, CSIDBinning Enabled 0, bIsXCFANonRemosaicData: 0 SensorMode Index 24,isQPDMode:0
01-24 13:12:28.040  1982 24212 E CamX    : [ERROR][ISP    ] camxmctfenode.cpp:5449 ConfigureInputResolution() RealtimeDefault1_MCTFE0_cam0: IPP Input Resolution WxH = [4000 x 3000], RDI Resolution WxH = [4000 x 3000]binningFactor 1, CSIDBinning Enabled 0, bIsXCFANonRemosaicData: 0 SensorMode Index 25,isQPDMode:0
01-24 13:12:28.040  1982 24212 E CamX    : [ERROR][ISP    ] camxmctfenode.cpp:5449 ConfigureInputResolution() RealtimeDefault1_MCTFE0_cam0: IPP Input Resolution WxH = [4000 x 3000], RDI Resolution WxH = [4000 x 3000]binningFactor 1, CSIDBinning Enabled 0, bIsXCFANonRemosaicData: 0 SensorMode Index 26,isQPDMode:0
01-24 13:12:28.040  1982 24212 E CamX    : [ERROR][ISP    ] camxmctfenode.cpp:5449 ConfigureInputResolution() RealtimeDefault1_MCTFE0_cam0: IPP Input Resolution WxH = [4000 x 3000], RDI Resolution WxH = [4000 x 3000]binningFactor 1, CSIDBinning Enabled 0, bIsXCFANonRemosaicData: 0 SensorMode Index 32,isQPDMode:0
01-24 13:12:28.040  1982 24212 E CamX    : [ERROR][ISP    ] camxmctfenode.cpp:5449 ConfigureInputResolution() RealtimeDefault1_MCTFE0_cam0: IPP Input Resolution WxH = [4000 x 3000], RDI Resolution WxH = [4000 x 3000]binningFactor 1, CSIDBinning Enabled 0, bIsXCFANonRemosaicData: 0 SensorMode Index 27,isQPDMode:0
01-24 13:12:28.040  1982 24212 E CamX    : [ERROR][ISP    ] camxmctfenode.cpp:5449 ConfigureInputResolution() RealtimeDefault1_MCTFE0_cam0: IPP Input Resolution WxH = [4000 x 3000], RDI Resolution WxH = [4000 x 3000]binningFactor 1, CSIDBinning Enabled 0, bIsXCFANonRemosaicData: 0 SensorMode Index 10,isQPDMode:0
01-24 13:12:28.040  1982 24212 E CamX    : [ERROR][ISP    ] camxmctfenode.cpp:4218 PostUsecaseMetadata() RealtimeDefault1_MCTFE0_cam0: IPP Resolution WxH = [4000 x 3000], RDI Resolution WxH = [4000 x 3000] SensorMode Index 10
01-24 13:12:28.040  1982 24215 E CamX    : [ERROR][ISP    ] camxmctfenode.cpp:5449 ConfigureInputResolution() RealtimeDefault3_MCTFE0_cam4: IPP Input Resolution WxH = [4080 x 3060], RDI Resolution WxH = [4080 x 3060]binningFactor 1, CSIDBinning Enabled 0, bIsXCFANonRemosaicData: 0 SensorMode Index 4,isQPDMode:0
01-24 13:12:28.040  1982 24215 E CamX    : [ERROR][ISP    ] camxmctfenode.cpp:5449 ConfigureInputResolution() RealtimeDefault3_MCTFE0_cam4: IPP Input Resolution WxH = [4080 x 3060], RDI Resolution WxH = [4080 x 3060]binningFactor 1, CSIDBinning Enabled 0, bIsXCFANonRemosaicData: 0 SensorMode Index 8,isQPDMode:0
01-24 13:12:28.040  1982 24215 E CamX    : [ERROR][ISP    ] camxmctfenode.cpp:5449 ConfigureInputResolution() RealtimeDefault3_MCTFE0_cam4: IPP Input Resolution WxH = [4080 x 3060], RDI Resolution WxH = [4080 x 3060]binningFactor 1, CSIDBinning Enabled 0, bIsXCFANonRemosaicData: 0 SensorMode Index 16,isQPDMode:0
01-24 13:12:28.040  1982 24215 E CamX    : [ERROR][ISP    ] camxmctfenode.cpp:4218 PostUsecaseMetadata() RealtimeDefault3_MCTFE0_cam4: IPP Resolution WxH = [4080 x 3060], RDI Resolution WxH = [4080 x 3060] SensorMode Index 16
01-24 13:12:28.040  1982 24211 E CamX    : [ERROR][ISP    ] camxmctfenode.cpp:5449 ConfigureInputResolution() RealtimeDefault0_MCTFE0_cam2: IPP Input Resolution WxH = [4080 x 3060], RDI Resolution WxH = [4080 x 3060]binningFactor 1, CSIDBinning Enabled 0, bIsXCFANonRemosaicData: 0 SensorMode Index 0,isQPDMode:0
01-24 13:12:28.040  1982 24211 E CamX    : [ERROR][ISP    ] camxmctfenode.cpp:4218 PostUsecaseMetadata() RealtimeDefault0_MCTFE0_cam2: IPP Resolution WxH = [4080 x 3060], RDI Resolution WxH = [4080 x 3060] SensorMode Index 0
01-24 13:12:28.040  1982 24214 E CamX    : [ERROR][ISP    ] camxmctfenode.cpp:5449 ConfigureInputResolution() RealtimeDefault2_MCTFE0_cam3: IPP Input Resolution WxH = [3648 x 2736], RDI Resolution WxH = [3648 x 2736]binningFactor 1, CSIDBinning Enabled 0, bIsXCFANonRemosaicData: 0 SensorMode Index 0,isQPDMode:0
01-24 13:12:28.040  1982 24214 E CamX    : [ERROR][ISP    ] camxmctfenode.cpp:5449 ConfigureInputResolution() RealtimeDefault2_MCTFE0_cam3: IPP Input Resolution WxH = [3648 x 2736], RDI Resolution WxH = [3648 x 2736]binningFactor 1, CSIDBinning Enabled 0, bIsXCFANonRemosaicData: 0 SensorMode Index 5,isQPDMode:0
01-24 13:12:28.040  1982 24214 E CamX    : [ERROR][ISP    ] camxmctfenode.cpp:5449 ConfigureInputResolution() RealtimeDefault2_MCTFE0_cam3: IPP Input Resolution WxH = [3648 x 2736], RDI Resolution WxH = [3648 x 2736]binningFactor 1, CSIDBinning Enabled 0, bIsXCFANonRemosaicData: 0 SensorMode Index 1,isQPDMode:0
01-24 13:12:28.040  1982 24214 E CamX    : [ERROR][ISP    ] camxmctfenode.cpp:4218 PostUsecaseMetadata() RealtimeDefault2_MCTFE0_cam3: IPP Resolution WxH = [3648 x 2736], RDI Resolution WxH = [3648 x 2736] SensorMode Index 1
01-24 13:12:28.042  1982 24246 E GME     : [ERROR][ChiNode] camxchinodegme.cpp:15009 Check3rdPartyMode() SATOfflineReprocess0_com.qti.node.gme0_cam2 [3RD_PARTY_TUNING] cameraClient(2), check3rdParty(1)
