01-24 13:12:23.218  5528  5528 E NowBarCardStackView: updateCardAlpha java.lang.NullPointerException: Attempt to invoke virtual method 'void android.graphics.drawable.Drawable.setAlpha(int)' on a null object reference
01-24 13:12:23.226  5528  5528 E NowBarCardStackView: updateCardAlpha java.lang.NullPointerException: Attempt to invoke virtual method 'void android.graphics.drawable.Drawable.setAlpha(int)' on a null object reference
01-24 13:12:23.235  5528  5528 E NowBarCardStackView: updateCardAlpha java.lang.NullPointerException: Attempt to invoke virtual method 'void android.graphics.drawable.Drawable.setAlpha(int)' on a null object reference
01-24 13:12:23.243  5528  5528 E NowBarCardStackView: updateCardAlpha java.lang.NullPointerException: Attempt to invoke virtual method 'void android.graphics.drawable.Drawable.setAlpha(int)' on a null object reference
01-24 13:12:23.251  5528  5528 E NowBarCardStackView: updateCardAlpha java.lang.NullPointerException: Attempt to invoke virtual method 'void android.graphics.drawable.Drawable.setAlpha(int)' on a null object reference
01-24 13:12:23.260  5528  5528 E NowBarCardStackView: updateCardAlpha java.lang.NullPointerException: Attempt to invoke virtual method 'void android.graphics.drawable.Drawable.setAlpha(int)' on a null object reference
01-24 13:12:23.268  5528  5528 E NowBarCardStackView: updateCardAlpha java.lang.NullPointerException: Attempt to invoke virtual method 'void android.graphics.drawable.Drawable.setAlpha(int)' on a null object reference
01-24 13:12:23.276  5528  5528 E NowBarCardStackView: updateCardAlpha java.lang.NullPointerException: Attempt to invoke virtual method 'void android.graphics.drawable.Drawable.setAlpha(int)' on a null object reference
01-24 13:12:23.285  5528  5528 E NowBarCardStackView: updateCardAlpha java.lang.NullPointerException: Attempt to invoke virtual method 'void android.graphics.drawable.Drawable.setAlpha(int)' on a null object reference
01-24 13:12:23.293  5528  5528 E NowBarCardStackView: updateCardAlpha java.lang.NullPointerException: Attempt to invoke virtual method 'void android.graphics.drawable.Drawable.setAlpha(int)' on a null object reference
01-24 13:12:23.301  5528  5528 E NowBarCardStackView: updateCardAlpha java.lang.NullPointerException: Attempt to invoke virtual method 'void android.graphics.drawable.Drawable.setAlpha(int)' on a null object reference
01-24 13:12:23.309  5528  5528 E NowBarCardStackView: updateCardAlpha java.lang.NullPointerException: Attempt to invoke virtual method 'void android.graphics.drawable.Drawable.setAlpha(int)' on a null object reference
01-24 13:12:23.318  5528  5528 E NowBarCardStackView: updateCardAlpha java.lang.NullPointerException: Attempt to invoke virtual method 'void android.graphics.drawable.Drawable.setAlpha(int)' on a null object reference
01-24 13:12:23.326  5528  5528 E NowBarCardStackView: updateCardAlpha java.lang.NullPointerException: Attempt to invoke virtual method 'void android.graphics.drawable.Drawable.setAlpha(int)' on a null object reference
01-24 13:12:23.334  5528  5528 E NowBarCardStackView: updateCardAlpha java.lang.NullPointerException: Attempt to invoke virtual method 'void android.graphics.drawable.Drawable.setAlpha(int)' on a null object reference
01-24 13:12:23.343  5528  5528 E NowBarCardStackView: updateCardAlpha java.lang.NullPointerException: Attempt to invoke virtual method 'void android.graphics.drawable.Drawable.setAlpha(int)' on a null object reference
01-24 13:12:23.351  5528  5528 E NowBarCardStackView: updateCardAlpha java.lang.NullPointerException: Attempt to invoke virtual method 'void android.graphics.drawable.Drawable.setAlpha(int)' on a null object reference
01-24 13:12:23.360  5528  5528 E NowBarCardStackView: updateCardAlpha java.lang.NullPointerException: Attempt to invoke virtual method 'void android.graphics.drawable.Drawable.setAlpha(int)' on a null object reference
01-24 13:12:23.369  5528  5528 E NowBarCardStackView: updateCardAlpha java.lang.NullPointerException: Attempt to invoke virtual method 'void android.graphics.drawable.Drawable.setAlpha(int)' on a null object reference
01-24 13:12:23.377  5528  5528 E NowBarCardStackView: updateCardAlpha java.lang.NullPointerException: Attempt to invoke virtual method 'void android.graphics.drawable.Drawable.setAlpha(int)' on a null object reference
01-24 13:12:23.384  5528  5528 E NowBarCardStackView: updateCardAlpha java.lang.NullPointerException: Attempt to invoke virtual method 'void android.graphics.drawable.Drawable.setAlpha(int)' on a null object reference
01-24 13:12:23.393  5528  5528 E NowBarCardStackView: updateCardAlpha java.lang.NullPointerException: Attempt to invoke virtual method 'void android.graphics.drawable.Drawable.setAlpha(int)' on a null object reference
01-24 13:12:23.402  5528  5528 E NowBarCardStackView: updateCardAlpha java.lang.NullPointerException: Attempt to invoke virtual method 'void android.graphics.drawable.Drawable.setAlpha(int)' on a null object reference
01-24 13:12:23.410  5528  5528 E NowBarCardStackView: updateCardAlpha java.lang.NullPointerException: Attempt to invoke virtual method 'void android.graphics.drawable.Drawable.setAlpha(int)' on a null object reference
01-24 13:12:23.418  5528  5528 E NowBarCardStackView: updateCardAlpha java.lang.NullPointerException: Attempt to invoke virtual method 'void android.graphics.drawable.Drawable.setAlpha(int)' on a null object reference
01-24 13:12:23.426  5528  5528 E NowBarCardStackView: updateCardAlpha java.lang.NullPointerException: Attempt to invoke virtual method 'void android.graphics.drawable.Drawable.setAlpha(int)' on a null object reference
01-24 13:12:23.494  5528  5528 E NowBarCardStackView: updateCardAlpha java.lang.NullPointerException: Attempt to invoke virtual method 'void android.graphics.drawable.Drawable.setAlpha(int)' on a null object reference
01-24 13:12:23.514 18671 18745 W PhoneStatusService: java.lang.SecurityException: WifiService: Neither user 10798 nor current process has android.permission.ACCESS_WIFI_STATE.
01-24 13:12:23.514 18671 18745 W PhoneStatusService: 	at android.os.Parcel.createExceptionOrNull(Parcel.java:3388)
01-24 13:12:23.514 18671 18745 W PhoneStatusService: 	at android.os.Parcel.createException(Parcel.java:3372)
01-24 13:12:23.514 18671 18745 W PhoneStatusService: 	at android.os.Parcel.readException(Parcel.java:3355)
01-24 13:12:23.514 18671 18745 W PhoneStatusService: 	at android.os.Parcel.readException(Parcel.java:3297)
01-24 13:12:23.515 18671 18745 W PhoneStatusService: java.lang.SecurityException: WifiService: Neither user 10798 nor current process has android.permission.ACCESS_WIFI_STATE.
01-24 13:12:23.515 18671 18745 W PhoneStatusService: 	at android.os.Parcel.createExceptionOrNull(Parcel.java:3388)
01-24 13:12:23.515 18671 18745 W PhoneStatusService: 	at android.os.Parcel.createException(Parcel.java:3372)
01-24 13:12:23.515 18671 18745 W PhoneStatusService: 	at android.os.Parcel.readException(Parcel.java:3355)
01-24 13:12:23.515 18671 18745 W PhoneStatusService: 	at android.os.Parcel.readException(Parcel.java:3297)
01-24 13:12:23.516 18671 18671 W PhoneStatusService: java.lang.SecurityException: WifiService: Neither user 10798 nor current process has android.permission.ACCESS_WIFI_STATE.
01-24 13:12:23.516 18671 18671 W PhoneStatusService: 	at android.os.Parcel.createExceptionOrNull(Parcel.java:3388)
01-24 13:12:23.516 18671 18671 W PhoneStatusService: 	at android.os.Parcel.createException(Parcel.java:3372)
01-24 13:12:23.516 18671 18671 W PhoneStatusService: 	at android.os.Parcel.readException(Parcel.java:3355)
01-24 13:12:23.516 18671 18671 W PhoneStatusService: 	at android.os.Parcel.readException(Parcel.java:3297)
01-24 13:12:23.516 18671 18671 W PhoneStatusService: Caused by: android.os.RemoteException: Remote stack trace:
01-24 13:12:23.544 18671 18671 D DesktopIntegrationScreen: Settings refreshed - Background: false, Notification: false, Permission: false
01-24 13:12:23.549  5678  5678 D [NFC_SE]NfcOemLogHelper: try to send FLD_ERROR
01-24 13:12:23.590  9538  9538 W HBD     : java.lang.Exception
01-24 13:12:23.610  8754 23617 I NearbySharing: Failed to log test code 11, due to clearcutLogger is null.
01-24 13:12:24.349 19845 19845 W System.err: android.app.ActivityManager No method java.lang.NoSuchMethodException: android.app.ActivityManager.getRecentTasksForUser [int, int, int]
01-24 13:12:24.457  8754 23373 I NearbySharing: Failed to log ADVERTISE_DEVICE_PRESENCE_START, due to clearcutLogger is null.
01-24 13:12:24.707 23644 23644 I MAMInfo : MAMInfo initialized. Debug=false, Agent=PRODUCTION, ManagedDialogDisabled=false, PolicyRequired=false, MultiIdentityEnabled=true, FullBackupContent=true, DataExtractionRules=true, UseDefaultEnrollment=false, ExceptionOnInit=false, Debuggable=false, IsolatedProcessesAllowed=false
01-24 13:12:24.926 23644 23684 I NativeHockeyExceptionHandler: JNI_OnLoad()
01-24 13:12:25.148 23644 23765 I NativeHockeyExceptionHandler: Log file path: '/data/user/0/com.microsoft.office.outlook/files/error/minidump/new/f736d131-27a4-40a9-a194-c2d2a3a4dff5/log.txt'
01-24 13:12:25.400  2016  2121 E DeviceHalAidl: Function: parseAndSetVendorParameters Line: 414 Failed 
01-24 13:12:25.400  2016  2121 E DeviceHalAidl: Function: parseAndSetVendorParameters Line: 414 Failed 
01-24 13:12:25.402  2016  2121 E DeviceHalAidl: Function: parseAndSetVendorParameters Line: 414 Failed 
01-24 13:12:25.402  2016  2121 E DeviceHalAidl: Function: parseAndSetVendorParameters Line: 414 Failed 
01-24 13:12:26.441 18671 18671 E DesktopSyncService: androidx.compose.runtime.LeftCompositionCancellationException: The coroutine scope left the composition
01-24 13:12:26.441 18671 18671 D DesktopIntegrationScreen: Loaded 0 paired devices
01-24 13:12:26.442 18671 18671 D DesktopIntegrationScreen: Settings refreshed - Background: false, Notification: false, Permission: false
01-24 13:12:26.442 18671 18671 E SyncGroupManager: androidx.compose.runtime.LeftCompositionCancellationException: The coroutine scope left the composition
01-24 13:12:26.442 18671 18671 D UnifiedIdentityManager: [QRJoin] syncGroupManager.joinSyncGroup result: success=false
01-24 13:12:26.442 18671 18671 E UnifiedIdentityManager: Failed to join sync group: The coroutine scope left the composition
01-24 13:12:27.270 18671 18671 D DesktopIntegrationScreen: Settings refreshed - Background: false, Notification: false, Permission: false
01-24 13:12:27.395  2016  2121 E DeviceHalAidl: Function: parseAndSetVendorParameters Line: 414 Failed 
01-24 13:12:27.395  2016  2121 E DeviceHalAidl: Function: parseAndSetVendorParameters Line: 414 Failed 
01-24 13:12:27.421  1982 23834 E CamX    : [ERROR][HAL    ] camxhal3.cpp:1962 LoadLibFadvise() Open failed for /vendor/lib64/libarcsoft_triple_sat.so, error : No such file or directory
01-24 13:12:27.421  1982 23834 E CamX    : [ERROR][HAL    ] camxhal3.cpp:1962 LoadLibFadvise() Open failed for /vendor/lib64/libarcsoft_triple_fusion.so, error : No such file or directory
01-24 13:12:27.422  1982 31971 E ChiX    : [ERROR][CORE   ] chxextensionmodule.cpp:19251 InitializeSensorSession() Skip SensorInit on CAM_AUTO_NORMAL_UW_W_T_MCX(logicalCameraId:4)
01-24 13:12:27.423  1982 31971 E CamX    : [ERROR][HAL    ] camxhal3.cpp:1990 initialize() initialize(): 0xb40000739b6f7690, 0xb4000075b6cab490
01-24 13:12:27.423  1982 31971 E CamX    : [ERROR][HAL    ] camxhal3.cpp:1999 initialize() haldevice: 0xb40000739b6f7680
01-24 13:12:27.424  1982 31971 E CamX    : [ERROR][HAL    ] camxhaldevice.h:200 SetCallbackOps() device: 0xb40000739b6f7680 callback: 0xb4000075b6cab490
01-24 13:12:27.425  1982 23846 E ChiX    : [ERROR][CORE   ] chxextensionmodule.cpp:2713 SetHALOps() SetHALOps being set for CameraID:4 pHalOps: 0x0
01-24 13:12:27.425  1982 23846 E ChiX    : [ERROR][CORE   ] chxextensionmodule.cpp:8514 InitializeOverrideSession() logicalCam: 4 pCamera3Device: 0xb400007426ba52c0
01-24 13:12:27.429  1982 31971 E CamX    : [ERROR][HAL    ] camxhaldevice.cpp:1533 CHIModuleInitialize() GetCameraId: 4 callback: 0xb40000739b6f7738 cam3Device: 0xb40000739b6f7690
01-24 13:12:27.430  9538  9538 W HBD     : java.lang.Exception
01-24 13:12:27.435  1926  2070 E minksocket: MinkIPC ERROR: ( 1926:2070 ) MinkIPC_preProcess:272 Client down, but cannot find corresponding minksession
01-24 13:12:27.435  1926  2070 E minksocket: MinkIPC ERROR: ( 1926:2070 ) MinkIPC_preProcess:272 Client down, but cannot find corresponding minksession
01-24 13:12:27.435  1926  2056 E minksocket: MinkIPC ERROR: ( 1926:2056 ) MinkIPC_preProcess:272 Client down, but cannot find corresponding minksession
01-24 13:12:27.435  1926  2056 E minksocket: MinkIPC ERROR: ( 1926:2056 ) MinkIPC_preProcess:272 Client down, but cannot find corresponding minksession
01-24 13:12:27.436  1982  3871 E CamX    : [ERROR][SENSOR ] camxsensornode.cpp:1779 SensorThreadJobCallback() Sensor[0][FastAECRealtime_Sensor0_cam0] currConfigStatus:1
01-24 13:12:27.436  1982  3871 E CamX    : [ERROR][SENSOR ] camxsensor.cpp:10233 AcquireDevice() Sensor[0][FastAECRealtime_Sensor0_cam0] hCSL:0xab0200 hDev:0x970101 devIdx:30 isAcquired:0 pipelineRefCount:0
01-24 13:12:27.436  1982 23856 E CamX    : [ERROR][ISP    ] camxmctfenode.cpp:5449 ConfigureInputResolution() FastAECRealtime_MCTFE0_cam0: IPP Input Resolution WxH = [2040 x 1532], RDI Resolution WxH = [2040 x 1532]binningFactor 1, CSIDBinning Enabled 0, bIsXCFANonRemosaicData: 0 SensorMode Index 16,isQPDMode:0
01-24 13:12:27.436  1982 23856 E CamX    : [ERROR][ISP    ] camxmctfenode.cpp:4218 PostUsecaseMetadata() FastAECRealtime_MCTFE0_cam0: IPP Resolution WxH = [2040 x 1532], RDI Resolution WxH = [2040 x 1532] SensorMode Index 16
01-24 13:12:27.436  1926  2070 E minksocket: MinkIPC ERROR: ( 1926:2070 ) MinkIPC_preProcess:272 Client down, but cannot find corresponding minksession
01-24 13:12:27.436  1926  2056 E minksocket: MinkIPC ERROR: ( 1926:2056 ) MinkIPC_preProcess:272 Client down, but cannot find corresponding minksession
01-24 13:12:27.437  1926  2056 E minksocket: MinkIPC ERROR: ( 1926:2056 ) MinkIPC_preProcess:272 Client down, but cannot find corresponding minksession
01-24 13:12:27.437  1926  2070 E minksocket: MinkIPC ERROR: ( 1926:2070 ) MinkIPC_preProcess:272 Client down, but cannot find corresponding minksession
01-24 13:12:27.441  1926  2056 E minksocket: MinkIPC ERROR: ( 1926:2056 ) MinkIPC_preProcess:272 Client down, but cannot find corresponding minksession
01-24 13:12:27.441  1926  2070 E minksocket: MinkIPC ERROR: ( 1926:2070 ) MinkIPC_preProcess:272 Client down, but cannot find corresponding minksession
01-24 13:12:27.442  1926  2056 E minksocket: MinkIPC ERROR: ( 1926:2056 ) MinkIPC_preProcess:272 Client down, but cannot find corresponding minksession
01-24 13:12:27.442  1926  2070 E minksocket: MinkIPC ERROR: ( 1926:2070 ) MinkIPC_preProcess:272 Client down, but cannot find corresponding minksession
01-24 13:12:27.443  1926  2056 E minksocket: MinkIPC ERROR: ( 1926:2056 ) MinkIPC_preProcess:272 Client down, but cannot find corresponding minksession
01-24 13:12:27.443  1926  2070 E minksocket: MinkIPC ERROR: ( 1926:2070 ) MinkIPC_preProcess:272 Client down, but cannot find corresponding minksession
01-24 13:12:27.443  1926  2070 E minksocket: MinkIPC ERROR: ( 1926:2070 ) MinkIPC_preProcess:272 Client down, but cannot find corresponding minksession
01-24 13:12:27.443  1926  2056 E minksocket: MinkIPC ERROR: ( 1926:2056 ) MinkIPC_preProcess:272 Client down, but cannot find corresponding minksession
01-24 13:12:27.444  1982 23864 E CamX    : [ERROR][STATS_AEC] camxcaecstatsprocessor.cpp:7084 GetCropWindow() Wrong input: HALCropWindow left(0),top(0) width,height = 0x0
01-24 13:12:27.449  1982 23871 E CamX    : [ERROR][ISP    ] camxmctfenode.cpp:1815 PostPipelineCreate() FastAECRealtime_MCTFE0_cam0: numProcessingExposures 1  usecaseNumExposures 1
01-24 13:12:27.450  1982 23846 E CamX    : [ERROR][META   ] camxmetabuffer.cpp:4183 SetTag() Cannot set org.quic.camera2.streamconfigs.HDRVideoMode(80830000) size 4 max 1
01-24 13:12:27.492  1982  3871 E CamX    : [ERROR][SENSOR ] camxsensorcache.cpp:117 SetSubDeviceHandle() Device[0][Sensor] refCount:0 hCSL:0xab0200 hDev:0x890101 hCSLCached:0xba0200 isAcquired:0 pipelineRefCount:0
01-24 13:12:27.498  1982  3871 E CamX    : [ERROR][SENSOR ] camxsensornode.cpp:1794 SensorThreadJobCallback() Sensor[0][FastAECRealtime_Sensor0_cam0] currConfigStatus:2
01-24 13:12:27.498  1982  3871 E CamX    : [ERROR][SENSOR ] camxsensorcache.cpp:117 SetSubDeviceHandle() Device[0][CSIPHY] refCount:1 hCSL:0xab0200 hDev:0x220103 hCSLCached:0xab0200 isAcquired:0 pipelineRefCount:0
01-24 13:12:27.498  1982  3871 E CamX    : [ERROR][SENSOR ] camxsensornode.cpp:2075 SensorThreadJobCallback() Sensor[0][FastAECRealtime_Sensor0_cam0] ConfigureSensor: start, Config_status:2
01-24 13:12:27.498  1982  3871 E CamX    : [ERROR][SENSOR ] camxsensornode.cpp:2114 SensorThreadJobCallback() Sensor[0][FastAECRealtime_Sensor0_cam0] currConfigStatus:4
01-24 13:12:27.502  1982 23846 E CamX    : [ERROR][SENSOR ] camxsensornode.cpp:656 PrepareStreamOn() Sensor[0][FastAECRealtime_Sensor0_cam0] currConfigStatus:5
01-24 13:12:27.503  1982  3863 E SS_3A   : ERROR: AEC: TsAecProcessSetBGconfig: 3020: BGconfig error (0,0,0,0)
01-24 13:12:27.503  1982  3863 E SS_3A   : ERROR: AEC: TsAecProcessSetBGconfig: 3020: BGconfig error (0,0,0,0)
01-24 13:12:27.503  1982  3863 E SS_3A   : ERROR: AEC: TsAecProcessSetBGconfig: 3020: BGconfig error (0,0,0,0)
01-24 13:12:27.503  1982  3863 E SS_3A   : ERROR: AEC: TsAecProcessSetBGconfig: 3020: BGconfig error (0,0,0,0)
01-24 13:12:27.503  1982  3863 E SS_3A   : ERROR: AEC: TsAecProcessSetBGconfig: 3020: BGconfig error (0,0,0,0)
01-24 13:12:27.511  1982 23846 E CamX    : [ERROR][META   ] camxmetabuffer.cpp:4183 SetTag() Cannot set org.quic.camera2.streamconfigs.HDRVideoMode(80830000) size 4 max 1
01-24 13:12:27.511  1982 31971 E ChiX    : [ERROR][CORE   ] chxextensionmodule.cpp:2713 SetHALOps() SetHALOps being set for CameraID:4 pHalOps: 0xb40000739b6f7738
01-24 13:12:27.511  1982 31971 E ChiX    : [ERROR][CORE   ] chxextensionmodule.cpp:8514 InitializeOverrideSession() logicalCam: 4 pCamera3Device: 0xb40000739b6f7690
01-24 13:12:27.511  1982 23846 E CamX    : [ERROR][META   ] camxmetabuffer.cpp:4183 SetTag() Cannot set org.quic.camera2.streamconfigs.HDRVideoMode(80830000) size 4 max 1
01-24 13:12:27.512  1982 23846 E CamX    : [ERROR][META   ] camxmetabuffer.cpp:4183 SetTag() Cannot set org.quic.camera2.streamconfigs.HDRVideoMode(80830000) size 4 max 1
01-24 13:12:27.512  1982 23846 E CamX    : [ERROR][META   ] camxmetabuffer.cpp:4183 SetTag() Cannot set org.quic.camera2.streamconfigs.HDRVideoMode(80830000) size 4 max 1
01-24 13:12:27.512  1982 23846 E CamX    : [ERROR][META   ] camxmetabuffer.cpp:4183 SetTag() Cannot set org.quic.camera2.streamconfigs.HDRVideoMode(80830000) size 4 max 1
01-24 13:12:27.513  1982 23846 E CamX    : [ERROR][META   ] camxmetabuffer.cpp:4183 SetTag() Cannot set org.quic.camera2.streamconfigs.HDRVideoMode(80830000) size 4 max 1
01-24 13:12:27.513  1982 23846 E CamX    : [ERROR][META   ] camxmetabuffer.cpp:4183 SetTag() Cannot set org.quic.camera2.streamconfigs.HDRVideoMode(80830000) size 4 max 1
01-24 13:12:27.523  1982 23877 E ChiX    : [ERROR][MCXCore] chimcxmflpolicy.cpp:6264 GetSysfsFallbackState() read failed
01-24 13:12:27.529  1982 31971 E GME     : [ERROR][ChiNode] camxchinodegme.cpp:15009 Check3rdPartyMode() SATOfflineReprocess0_com.qti.node.gme0_cam2 [3RD_PARTY_TUNING] cameraClient(2), check3rdParty(1)
01-24 13:12:27.529  1982 31971 E GME     : [ERROR][ChiNode] camxchinodegme.cpp:15152 GetSSChromatixTuningMode() SATOfflineReprocess0_com.qti.node.gme0_cam2 [3RD_PARTY_TUNING] Third_party_video case
01-24 13:12:27.529  1982 31971 E GME     : [ERROR][ChiNode] camxchinodegme.cpp:15152 GetSSChromatixTuningMode() SATOfflineReprocess0_com.qti.node.gme0_cam2 [3RD_PARTY_TUNING] Third_party_video case
01-24 13:12:27.529  1982 31971 E GME     : [ERROR][ChiNode] camxchinodegme.cpp:15152 GetSSChromatixTuningMode() SATOfflineReprocess0_com.qti.node.gme0_cam2 [3RD_PARTY_TUNING] Third_party_video case
01-24 13:12:27.529  1982 31971 E GME     : [ERROR][ChiNode] camxchinodegme.cpp:15152 GetSSChromatixTuningMode() SATOfflineReprocess0_com.qti.node.gme0_cam2 [3RD_PARTY_TUNING] Third_party_video case
01-24 13:12:27.541  1982 23889 E CHIFD   : [ERROR][FD     ] camxchinodefd.cpp:1867 FillInputBufferRequirments() Node[RealtimeDefault2_com.qti.node.fd8_cam3] ImageRequirements index 0 width 640 height 480 Y stride 640 scanline 480 UV stride 640 scanline 240
01-24 13:12:27.541  1982 23889 E CHIFD   : [ERROR][FD     ] camxchinodefd.cpp:1867 FillInputBufferRequirments() Node[RealtimeDefault2_com.qti.node.fd8_cam3] ImageRequirements index 1 width 640 height 360 Y stride 640 scanline 480 UV stride 640 scanline 240
01-24 13:12:27.541  1982 23889 E CHIFD   : [ERROR][FD     ] camxchinodefd.cpp:1867 FillInputBufferRequirments() Node[RealtimeDefault2_com.qti.node.fd8_cam3] ImageRequirements index 2 width 1280 height 960 Y stride 1280 scanline 960 UV stride 1280 scanline 480
01-24 13:12:27.541  1982 23889 E CHIFD   : [ERROR][FD     ] camxchinodefd.cpp:1966 FillInputBufferRequirments() Dimensions :Base[640x480], Preview [2336x1080], Request [640x294] bufferModeChoosed 1
01-24 13:12:27.541  1982 23889 E CHIFD   : [ERROR][FD     ] camxchinodefd.cpp:1988 FillInputBufferRequirments() PortId 0, Min[640x294], Max[640x294], Optimal[640x294]
01-24 13:12:27.542  1982 23879 E CHIFD   : [ERROR][FD     ] camxchinodefd.cpp:1867 FillInputBufferRequirments() Node[RealtimeDefault3_com.qti.node.fd8_cam4] ImageRequirements index 0 width 640 height 480 Y stride 640 scanline 480 UV stride 640 scanline 240
01-24 13:12:27.542  1982 23879 E CHIFD   : [ERROR][FD     ] camxchinodefd.cpp:1867 FillInputBufferRequirments() Node[RealtimeDefault3_com.qti.node.fd8_cam4] ImageRequirements index 1 width 640 height 360 Y stride 640 scanline 480 UV stride 640 scanline 240
01-24 13:12:27.542  1982 23879 E CHIFD   : [ERROR][FD     ] camxchinodefd.cpp:1867 FillInputBufferRequirments() Node[RealtimeDefault3_com.qti.node.fd8_cam4] ImageRequirements index 2 width 1280 height 960 Y stride 1280 scanline 960 UV stride 1280 scanline 480
01-24 13:12:27.542  1982 23879 E CHIFD   : [ERROR][FD     ] camxchinodefd.cpp:1966 FillInputBufferRequirments() Dimensions :Base[640x480], Preview [2336x1080], Request [640x294] bufferModeChoosed 1
01-24 13:12:27.542  1982 23879 E CHIFD   : [ERROR][FD     ] camxchinodefd.cpp:1988 FillInputBufferRequirments() PortId 0, Min[640x294], Max[640x294], Optimal[640x294]
01-24 13:12:27.542  1982 23889 E CHIFD   : [ERROR][FD     ] camxchinodefd.cpp:1867 FillInputBufferRequirments() Node[RealtimeDefault1_com.qti.node.fd8_cam0] ImageRequirements index 0 width 640 height 480 Y stride 640 scanline 480 UV stride 640 scanline 240
01-24 13:12:27.542  1982 23889 E CHIFD   : [ERROR][FD     ] camxchinodefd.cpp:1867 FillInputBufferRequirments() Node[RealtimeDefault1_com.qti.node.fd8_cam0] ImageRequirements index 1 width 640 height 360 Y stride 640 scanline 480 UV stride 640 scanline 240
01-24 13:12:27.542  1982 23889 E CHIFD   : [ERROR][FD     ] camxchinodefd.cpp:1867 FillInputBufferRequirments() Node[RealtimeDefault1_com.qti.node.fd8_cam0] ImageRequirements index 2 width 1280 height 960 Y stride 1280 scanline 960 UV stride 1280 scanline 480
01-24 13:12:27.542  1982 23889 E CHIFD   : [ERROR][FD     ] camxchinodefd.cpp:1966 FillInputBufferRequirments() Dimensions :Base[640x480], Preview [2336x1080], Request [640x294] bufferModeChoosed 1
01-24 13:12:27.542  1982 23889 E CHIFD   : [ERROR][FD     ] camxchinodefd.cpp:1988 FillInputBufferRequirments() PortId 0, Min[640x294], Max[640x294], Optimal[640x294]
01-24 13:12:27.543  1982 23879 E CHIFD   : [ERROR][FD     ] camxchinodefd.cpp:1867 FillInputBufferRequirments() Node[RealtimeDefault0_com.qti.node.fd8_cam2] ImageRequirements index 0 width 640 height 480 Y stride 640 scanline 480 UV stride 640 scanline 240
01-24 13:12:27.543  1982 23879 E CHIFD   : [ERROR][FD     ] camxchinodefd.cpp:1867 FillInputBufferRequirments() Node[RealtimeDefault0_com.qti.node.fd8_cam2] ImageRequirements index 1 width 640 height 360 Y stride 640 scanline 480 UV stride 640 scanline 240
01-24 13:12:27.543  1982 23879 E CHIFD   : [ERROR][FD     ] camxchinodefd.cpp:1867 FillInputBufferRequirments() Node[RealtimeDefault0_com.qti.node.fd8_cam2] ImageRequirements index 2 width 1280 height 960 Y stride 1280 scanline 960 UV stride 1280 scanline 480
01-24 13:12:27.543  1982 23879 E CHIFD   : [ERROR][FD     ] camxchinodefd.cpp:1966 FillInputBufferRequirments() Dimensions :Base[640x480], Preview [2336x1080], Request [640x294] bufferModeChoosed 1
01-24 13:12:27.543  1982 23879 E CHIFD   : [ERROR][FD     ] camxchinodefd.cpp:1988 FillInputBufferRequirments() PortId 0, Min[640x294], Max[640x294], Optimal[640x294]
01-24 13:12:27.546  1982  3871 E CamX    : [ERROR][SENSOR ] camxsensornode.cpp:1779 SensorThreadJobCallback() Sensor[2][RealtimeDefault0_Sensor0_cam2] currConfigStatus:1
01-24 13:12:27.546  1982  3871 E CamX    : [ERROR][SENSOR ] camxsensor.cpp:10233 AcquireDevice() Sensor[2][RealtimeDefault0_Sensor0_cam2] hCSL:0xab0200 hDev:0xa60105 devIdx:32 isAcquired:0 pipelineRefCount:0
01-24 13:12:27.546  1982  3863 E CamX    : [ERROR][SENSOR ] camxsensornode.cpp:1779 SensorThreadJobCallback() Sensor[4][RealtimeDefault3_Sensor0_cam4] currConfigStatus:1
01-24 13:12:27.546  1982  3863 E CamX    : [ERROR][SENSOR ] camxsensor.cpp:10233 AcquireDevice() Sensor[4][RealtimeDefault3_Sensor0_cam4] hCSL:0xab0200 hDev:0xa90109 devIdx:34 isAcquired:0 pipelineRefCount:0
01-24 13:12:27.547  1982  3869 E CamX    : [ERROR][SENSOR ] camxoisbase.cpp:166 AcquireDevice() OIS[4][RealtimeDefault3_Sensor0_cam4] hCSL:0xab0200 hDev:0x42010a devIdx:28 isAcquired:0 pipelineRefCount:0
01-24 13:12:27.548  1982  3864 E CamX    : [ERROR][SENSOR ] camxsensornode.cpp:1779 SensorThreadJobCallback() Sensor[3][RealtimeDefault2_Sensor0_cam3] currConfigStatus:1
01-24 13:12:27.548  1982  3864 E CamX    : [ERROR][SENSOR ] camxsensor.cpp:10233 AcquireDevice() Sensor[3][RealtimeDefault2_Sensor0_cam3] hCSL:0xab0200 hDev:0xf20107 devIdx:33 isAcquired:0 pipelineRefCount:0
01-24 13:12:27.548  1982  3870 E CamX    : [ERROR][SENSOR ] camxsensor.cpp:10233 AcquireDevice() Sensor[0][RealtimeDefault1_Sensor0_cam0] hCSL:0xab0200 hDev:0x890101 devIdx:30 isAcquired:1 pipelineRefCount:1
01-24 13:12:27.548  1982  3870 E CamX    : [ERROR][SENSOR ] camxsensorcache.cpp:117 SetSubDeviceHandle() Device[0][Sensor] refCount:2 hCSL:0xab0200 hDev:0x890101 hCSLCached:0xab0200 isAcquired:1 pipelineRefCount:1
01-24 13:12:27.549  1982  3868 E CamX    : [ERROR][SENSOR ] camxoisbase.cpp:166 AcquireDevice() OIS[3][RealtimeDefault2_Sensor0_cam3] hCSL:0xab0200 hDev:0x470106 devIdx:27 isAcquired:0 pipelineRefCount:0
01-24 13:12:27.549  1982  3870 E CamX    : [ERROR][SENSOR ] camxsensorcache.cpp:117 SetSubDeviceHandle() Device[0][CSIPHY] refCount:2 hCSL:0xab0200 hDev:0x220103 hCSLCached:0xab0200 isAcquired:1 pipelineRefCount:1
01-24 13:12:27.549  1982  3867 E CamX    : [ERROR][SENSOR ] camxoisbase.cpp:166 AcquireDevice() OIS[0][RealtimeDefault1_Sensor0_cam0] hCSL:0xab0200 hDev:0xe00108 devIdx:26 isAcquired:0 pipelineRefCount:0
01-24 13:12:27.549  1982  3870 E CamX    : [ERROR][SENSOR ] camxactuator.cpp:148 Initialize() Actuator[0][RealtimeDefault1_Sensor0_cam0] hCSL:0xab0200 hDev:0xc010b devIdx:7 isAcquired:0 pipelineRefCount:0
01-24 13:12:27.550  1982 23914 E CamX    : [ERROR][ISP    ] camxmctfenode.cpp:5449 ConfigureInputResolution() RealtimeDefault0_MCTFE0_cam2: IPP Input Resolution WxH = [4080 x 3060], RDI Resolution WxH = [4080 x 3060]binningFactor 1, CSIDBinning Enabled 0, bIsXCFANonRemosaicData: 0 SensorMode Index 0,isQPDMode:0
01-24 13:12:27.550  1982 23914 E CamX    : [ERROR][ISP    ] camxmctfenode.cpp:4218 PostUsecaseMetadata() RealtimeDefault0_MCTFE0_cam2: IPP Resolution WxH = [4080 x 3060], RDI Resolution WxH = [4080 x 3060] SensorMode Index 0
01-24 13:12:27.551  1982 23917 E CamX    : [ERROR][ISP    ] camxmctfenode.cpp:5449 ConfigureInputResolution() RealtimeDefault3_MCTFE0_cam4: IPP Input Resolution WxH = [4080 x 3060], RDI Resolution WxH = [4080 x 3060]binningFactor 1, CSIDBinning Enabled 0, bIsXCFANonRemosaicData: 0 SensorMode Index 4,isQPDMode:0
01-24 13:12:27.551  1982 23917 E CamX    : [ERROR][ISP    ] camxmctfenode.cpp:5449 ConfigureInputResolution() RealtimeDefault3_MCTFE0_cam4: IPP Input Resolution WxH = [4080 x 3060], RDI Resolution WxH = [4080 x 3060]binningFactor 1, CSIDBinning Enabled 0, bIsXCFANonRemosaicData: 0 SensorMode Index 8,isQPDMode:0
01-24 13:12:27.551  1982 23917 E CamX    : [ERROR][ISP    ] camxmctfenode.cpp:5449 ConfigureInputResolution() RealtimeDefault3_MCTFE0_cam4: IPP Input Resolution WxH = [4080 x 3060], RDI Resolution WxH = [4080 x 3060]binningFactor 1, CSIDBinning Enabled 0, bIsXCFANonRemosaicData: 0 SensorMode Index 16,isQPDMode:0
01-24 13:12:27.551  1982 23917 E CamX    : [ERROR][ISP    ] camxmctfenode.cpp:4218 PostUsecaseMetadata() RealtimeDefault3_MCTFE0_cam4: IPP Resolution WxH = [4080 x 3060], RDI Resolution WxH = [4080 x 3060] SensorMode Index 16
01-24 13:12:27.551  1982 23915 E CamX    : [ERROR][ISP    ] camxmctfenode.cpp:5449 ConfigureInputResolution() RealtimeDefault1_MCTFE0_cam0: IPP Input Resolution WxH = [4000 x 3000], RDI Resolution WxH = [4000 x 3000]binningFactor 1, CSIDBinning Enabled 0, bIsXCFANonRemosaicData: 0 SensorMode Index 5,isQPDMode:0
01-24 13:12:27.551  1982 23915 E CamX    : [ERROR][ISP    ] camxmctfenode.cpp:5449 ConfigureInputResolution() RealtimeDefault1_MCTFE0_cam0: IPP Input Resolution WxH = [4000 x 3000], RDI Resolution WxH = [4000 x 3000]binningFactor 1, CSIDBinning Enabled 0, bIsXCFANonRemosaicData: 0 SensorMode Index 21,isQPDMode:0
01-24 13:12:27.551  1982 23915 E CamX    : [ERROR][ISP    ] camxmctfenode.cpp:5449 ConfigureInputResolution() RealtimeDefault1_MCTFE0_cam0: IPP Input Resolution WxH = [4000 x 3000], RDI Resolution WxH = [4000 x 3000]binningFactor 1, CSIDBinning Enabled 0, bIsXCFANonRemosaicData: 0 SensorMode Index 23,isQPDMode:0
01-24 13:12:27.551  1982 23915 E CamX    : [ERROR][ISP    ] camxmctfenode.cpp:5449 ConfigureInputResolution() RealtimeDefault1_MCTFE0_cam0: IPP Input Resolution WxH = [4000 x 3000], RDI Resolution WxH = [4000 x 3000]binningFactor 1, CSIDBinning Enabled 0, bIsXCFANonRemosaicData: 0 SensorMode Index 24,isQPDMode:0
01-24 13:12:27.551  1982 23916 E CamX    : [ERROR][ISP    ] camxmctfenode.cpp:5449 ConfigureInputResolution() RealtimeDefault2_MCTFE0_cam3: IPP Input Resolution WxH = [3648 x 2736], RDI Resolution WxH = [3648 x 2736]binningFactor 1, CSIDBinning Enabled 0, bIsXCFANonRemosaicData: 0 SensorMode Index 0,isQPDMode:0
01-24 13:12:27.551  1982 23915 E CamX    : [ERROR][ISP    ] camxmctfenode.cpp:5449 ConfigureInputResolution() RealtimeDefault1_MCTFE0_cam0: IPP Input Resolution WxH = [4000 x 3000], RDI Resolution WxH = [4000 x 3000]binningFactor 1, CSIDBinning Enabled 0, bIsXCFANonRemosaicData: 0 SensorMode Index 25,isQPDMode:0
01-24 13:12:27.551  1982 23916 E CamX    : [ERROR][ISP    ] camxmctfenode.cpp:5449 ConfigureInputResolution() RealtimeDefault2_MCTFE0_cam3: IPP Input Resolution WxH = [3648 x 2736], RDI Resolution WxH = [3648 x 2736]binningFactor 1, CSIDBinning Enabled 0, bIsXCFANonRemosaicData: 0 SensorMode Index 5,isQPDMode:0
01-24 13:12:27.551  1982 23915 E CamX    : [ERROR][ISP    ] camxmctfenode.cpp:5449 ConfigureInputResolution() RealtimeDefault1_MCTFE0_cam0: IPP Input Resolution WxH = [4000 x 3000], RDI Resolution WxH = [4000 x 3000]binningFactor 1, CSIDBinning Enabled 0, bIsXCFANonRemosaicData: 0 SensorMode Index 26,isQPDMode:0
01-24 13:12:27.551  1982 23916 E CamX    : [ERROR][ISP    ] camxmctfenode.cpp:5449 ConfigureInputResolution() RealtimeDefault2_MCTFE0_cam3: IPP Input Resolution WxH = [3648 x 2736], RDI Resolution WxH = [3648 x 2736]binningFactor 1, CSIDBinning Enabled 0, bIsXCFANonRemosaicData: 0 SensorMode Index 1,isQPDMode:0
01-24 13:12:27.551  1982 23915 E CamX    : [ERROR][ISP    ] camxmctfenode.cpp:5449 ConfigureInputResolution() RealtimeDefault1_MCTFE0_cam0: IPP Input Resolution WxH = [4000 x 3000], RDI Resolution WxH = [4000 x 3000]binningFactor 1, CSIDBinning Enabled 0, bIsXCFANonRemosaicData: 0 SensorMode Index 32,isQPDMode:0
01-24 13:12:27.551  1982 23916 E CamX    : [ERROR][ISP    ] camxmctfenode.cpp:4218 PostUsecaseMetadata() RealtimeDefault2_MCTFE0_cam3: IPP Resolution WxH = [3648 x 2736], RDI Resolution WxH = [3648 x 2736] SensorMode Index 1
01-24 13:12:27.551  1982 23915 E CamX    : [ERROR][ISP    ] camxmctfenode.cpp:5449 ConfigureInputResolution() RealtimeDefault1_MCTFE0_cam0: IPP Input Resolution WxH = [4000 x 3000], RDI Resolution WxH = [4000 x 3000]binningFactor 1, CSIDBinning Enabled 0, bIsXCFANonRemosaicData: 0 SensorMode Index 27,isQPDMode:0
01-24 13:12:27.551  1982 23915 E CamX    : [ERROR][ISP    ] camxmctfenode.cpp:5449 ConfigureInputResolution() RealtimeDefault1_MCTFE0_cam0: IPP Input Resolution WxH = [4000 x 3000], RDI Resolution WxH = [4000 x 3000]binningFactor 1, CSIDBinning Enabled 0, bIsXCFANonRemosaicData: 0 SensorMode Index 10,isQPDMode:0
01-24 13:12:27.551  1982 23915 E CamX    : [ERROR][ISP    ] camxmctfenode.cpp:4218 PostUsecaseMetadata() RealtimeDefault1_MCTFE0_cam0: IPP Resolution WxH = [4000 x 3000], RDI Resolution WxH = [4000 x 3000] SensorMode Index 10
01-24 13:12:27.554  1982 23937 E GME     : [ERROR][ChiNode] camxchinodegme.cpp:15009 Check3rdPartyMode() SATOfflineReprocess0_com.qti.node.gme0_cam2 [3RD_PARTY_TUNING] cameraClient(2), check3rdParty(1)
01-24 13:12:27.554  1982 23937 E GME     : [ERROR][ChiNode] camxchinodegme.cpp:15152 GetSSChromatixTuningMode() SATOfflineReprocess0_com.qti.node.gme0_cam2 [3RD_PARTY_TUNING] Third_party_video case
01-24 13:12:27.554  1982 23937 E GME     : [ERROR][ChiNode] camxchinodegme.cpp:15152 GetSSChromatixTuningMode() SATOfflineReprocess0_com.qti.node.gme0_cam2 [3RD_PARTY_TUNING] Third_party_video case
01-24 13:12:27.554  1982 23937 E GME     : [ERROR][ChiNode] camxchinodegme.cpp:15152 GetSSChromatixTuningMode() SATOfflineReprocess0_com.qti.node.gme0_cam2 [3RD_PARTY_TUNING] Third_party_video case
01-24 13:12:27.554  1982 23937 E GME     : [ERROR][ChiNode] camxchinodegme.cpp:15152 GetSSChromatixTuningMode() SATOfflineReprocess0_com.qti.node.gme0_cam2 [3RD_PARTY_TUNING] Third_party_video case
01-24 13:12:27.558  1982 23940 E CamX    : [ERROR][STATS_AF] pdlib_adaptive_k.cpp:1941 Save() Failed to open the adaptive k data file
01-24 13:12:27.558  1982 23939 E CamX    : [ERROR][STATS_AF] pdlib_adaptive_k.cpp:1941 Save() Failed to open the adaptive k data file
01-24 13:12:27.558  1982 23938 E CamX    : [ERROR][STATS_AF] pdlib_adaptive_k.cpp:1941 Save() Failed to open the adaptive k data file
01-24 13:12:27.558  1982 23936 E CamX    : [ERROR][STATS_AF] pdlib_adaptive_k.cpp:1941 Save() Failed to open the adaptive k data file
01-24 13:12:27.560  1982 23893 W SnapAlloc: GetStrideInBytes: Failed to get the stride in bytes. Error code: 1
01-24 13:12:27.561  1982 23940 E SS_3A   : ERROR:  AF: TsAf_Range_check_connect: 3925: [TsAf_Range] SingleTone Count is not zero. Count : 2, Flag : 1
01-24 13:12:27.562  1982 23936 E SS_3A   : ERROR:  AF: TsAf_Range_check_connect: 3925: [TsAf_Range] SingleTone Count is not zero. Count : 3, Flag : 1
01-24 13:12:27.563  1982 23938 E SS_3A   : ERROR:  AF: TsAf_Range_check_connect: 3925: [TsAf_Range] SingleTone Count is not zero. Count : 4, Flag : 1
01-24 13:12:27.564  1982 23893 W SnapAlloc: GetStrideInBytes: Failed to get the stride in bytes. Error code: 1
01-24 13:12:27.566  1982 23938 E CamX    : [ERROR][STATS_AEC] camxcaecstatsprocessor.cpp:7084 GetCropWindow() Wrong input: HALCropWindow left(0),top(0) width,height = 0x0
01-24 13:12:27.566  1982 23939 E CamX    : [ERROR][STATS_AEC] camxcaecstatsprocessor.cpp:7084 GetCropWindow() Wrong input: HALCropWindow left(0),top(0) width,height = 0x0
01-24 13:12:27.566  1982 23940 E CamX    : [ERROR][STATS_AEC] camxcaecstatsprocessor.cpp:7084 GetCropWindow() Wrong input: HALCropWindow left(0),top(0) width,height = 0x0
01-24 13:12:27.566  1982 23936 E CamX    : [ERROR][STATS_AEC] camxcaecstatsprocessor.cpp:7084 GetCropWindow() Wrong input: HALCropWindow left(0),top(0) width,height = 0x0
01-24 13:12:27.592  1982  3870 E CamX    : [ERROR][SENSOR ] camxsensorcache.cpp:117 SetSubDeviceHandle() Device[0][Actuator] refCount:2 hCSL:0xab0200 hDev:0x56010b hCSLCached:0xab0200 isAcquired:0 pipelineRefCount:0
01-24 13:12:27.592  1982  3870 E CamX    : [ERROR][SENSOR ] camxsensorcache.cpp:117 SetSubDeviceHandle() Device[0][Flash] refCount:3 hCSL:0xab0200 hDev:0x40114 hCSLCached:0xab0200 isAcquired:0 pipelineRefCount:0
01-24 13:12:27.596  1982  3869 E CamX    : [ERROR][NCS    ] camxncsoischannelapi.cpp:155 Initialize() [OIS Channel DBG] Start to open OIS PD handle
01-24 13:12:27.596  1982  3869 E CamX    : [ERROR][NCS    ] camxncsoischannelapi.cpp:161 Initialize() [OIS Channel DBG] Success to open OIS PD handle, handle: 0x100
01-24 13:12:27.611  1982  3864 E CamX    : [ERROR][SENSOR ] camxsensorcache.cpp:117 SetSubDeviceHandle() Device[3][Sensor] refCount:0 hCSL:0xab0200 hDev:0x580108 hCSLCached:0xba0200 isAcquired:0 pipelineRefCount:0
01-24 13:12:27.611  1982 23846 E CamX    : [ERROR][CORE   ] camxpipeline.cpp:236 Destroy() FastAECRealtime_0: Updated m_referenceCount=1
01-24 13:12:27.612  1982 23846 E CamX    : [ERROR][CORE   ] camxpipeline.cpp:236 Destroy() FastAECRealtime_0: Updated m_referenceCount=0
01-24 13:12:27.612  1982  3874 E CamX    : [ERROR][CORE   ] camxpipeline.cpp:4971 NodeDestroy() Destroying node: FastAECRealtime_Sensor0_cam0
01-24 13:12:27.612  1982  3872 E CamX    : [ERROR][CORE   ] camxpipeline.cpp:4971 NodeDestroy() Destroying node: FastAECRealtime_Stats0_cam0
01-24 13:12:27.612  1982  3873 E CamX    : [ERROR][CORE   ] camxpipeline.cpp:4971 NodeDestroy() Destroying node: FastAECRealtime_AWB0_cam0
01-24 13:12:27.612  1982  3880 E CamX    : [ERROR][CORE   ] camxpipeline.cpp:4971 NodeDestroy() Destroying node: FastAECRealtime_MCTFE0_cam0
01-24 13:12:27.612  1982  3880 E CamX    : [ERROR][CSL    ] camxcslhw.cpp:1474 CSLReleaseDeviceHW() [SUBDEV_DBG] hCSL[0xab0200] hDevice[0xe70102] hSession[0xab0200]
01-24 13:12:27.612  1982  3880 E CamX    : [ERROR][CSL    ] camxcslhw.cpp:1501 CSLReleaseDeviceHW() [SUBDEV_DBG] hDevice[0xe70102] hAcquired[0xe70102] hSession[0xab0200]                                     devName[] deviceIdx[0] deviceType[23] refCount[0] isStreamActive[0] session_name[FastAECRealtime]
01-24 13:12:27.612  1982  3873 E CamX    : [ERROR][CORE   ] camxpipeline.cpp:4971 NodeDestroy() Destroying node: FastAECRealtime_StatsParse0_cam0
01-24 13:12:27.619  1982  3869 E CamX    : [ERROR][SENSOR ] camxsensorcache.cpp:117 SetSubDeviceHandle() Device[4][OIS] refCount:0 hCSL:0xab0200 hDev:0x7f0107 hCSLCached:0xba0200 isAcquired:0 pipelineRefCount:0
01-24 13:12:27.627  1982  3868 E CamX    : [ERROR][SENSOR ] camxsensorcache.cpp:117 SetSubDeviceHandle() Device[3][OIS] refCount:1 hCSL:0xab0200 hDev:0xb40109 hCSLCached:0xab0200 isAcquired:0 pipelineRefCount:0
01-24 13:12:27.633  1982  3863 E CamX    : [ERROR][SENSOR ] camxsensorcache.cpp:117 SetSubDeviceHandle() Device[4][Sensor] refCount:1 hCSL:0xab0200 hDev:0x370106 hCSLCached:0xab0200 isAcquired:0 pipelineRefCount:0
01-24 13:12:27.634  1982  3863 E CamX    : [ERROR][SENSOR ] camxsensornode.cpp:1794 SensorThreadJobCallback() Sensor[4][RealtimeDefault3_Sensor0_cam4] currConfigStatus:2
01-24 13:12:27.634  1982  3863 E CamX    : [ERROR][SENSOR ] camxsensorcache.cpp:117 SetSubDeviceHandle() Device[4][CSIPHY] refCount:2 hCSL:0xab0200 hDev:0x4b0102 hCSLCached:0xab0200 isAcquired:0 pipelineRefCount:0
01-24 13:12:27.634  1982  3867 E CamX    : [ERROR][SENSOR ] camxsensorcache.cpp:117 SetSubDeviceHandle() Device[0][OIS] refCount:4 hCSL:0xab0200 hDev:0xef010a hCSLCached:0xab0200 isAcquired:0 pipelineRefCount:0
01-24 13:12:27.634  1982  3863 E CamX    : [ERROR][SENSOR ] camxactuator.cpp:148 Initialize() Actuator[4][RealtimeDefault3_Sensor0_cam4] hCSL:0xab0200 hDev:0x15011a devIdx:24 isAcquired:0 pipelineRefCount:0
01-24 13:12:27.636  1982  3864 E CamX    : [ERROR][SENSOR ] camxsensornode.cpp:1794 SensorThreadJobCallback() Sensor[3][RealtimeDefault2_Sensor0_cam3] currConfigStatus:2
01-24 13:12:27.637  1982  3864 E CamX    : [ERROR][SENSOR ] camxsensorcache.cpp:117 SetSubDeviceHandle() Device[3][CSIPHY] refCount:2 hCSL:0xab0200 hDev:0x1d0119 hCSLCached:0xab0200 isAcquired:0 pipelineRefCount:0
01-24 13:12:27.637  1982  3864 E CamX    : [ERROR][SENSOR ] camxactuator.cpp:148 Initialize() Actuator[3][RealtimeDefault2_Sensor0_cam3] hCSL:0xab0200 hDev:0xa70119 devIdx:22 isAcquired:0 pipelineRefCount:0
01-24 13:12:27.640  1974  2160 W SnapAlloc: GetStrideInBytes: Failed to get the stride in bytes. Error code: 1
01-24 13:12:27.640  1982  3865 E CamX    : [ERROR][SENSOR ] camxsensornode.cpp:2075 SensorThreadJobCallback() Sensor[0][RealtimeDefault1_Sensor0_cam0] ConfigureSensor: start, Config_status:5
01-24 13:12:27.640  1982  3865 E CamX    : [ERROR][SENSOR ] camxsensornode.cpp:2114 SensorThreadJobCallback() Sensor[0][RealtimeDefault1_Sensor0_cam0] currConfigStatus:4
01-24 13:12:27.641  1974  2160 W SnapAlloc: GetStrideInBytes: Failed to get the stride in bytes. Error code: 1
01-24 13:12:27.641  1974  2160 W SnapAlloc: GetStrideInBytes: Failed to get the stride in bytes. Error code: 1
01-24 13:12:27.642  1974  2160 W SnapAlloc: GetStrideInBytes: Failed to get the stride in bytes. Error code: 1
01-24 13:12:27.643  1974  2160 W SnapAlloc: GetStrideInBytes: Failed to get the stride in bytes. Error code: 1
01-24 13:12:27.643  1974  2160 W SnapAlloc: GetStrideInBytes: Failed to get the stride in bytes. Error code: 1
01-24 13:12:27.645  1982 24123 E CHIFD   : [ERROR][FD     ] camxchinodefd.cpp:1453 PostPipelineCreate() Node[RealtimeDefault1_com.qti.node.fd8_cam0] FD node created in pipeline (realtime 1) FD Use client 2, Spectra Version 0x90800Facial attribute settings: GB(0), CT(1), CTV(0), Exp(0), Gen(0), Mask(1), UpperBody(1) Pet(0)
01-24 13:12:27.646  1982  3871 E CamX    : [ERROR][SENSOR ] camxsensorcache.cpp:117 SetSubDeviceHandle() Device[2][Sensor] refCount:0 hCSL:0xab0200 hDev:0x420105 hCSLCached:0xba0200 isAcquired:0 pipelineRefCount:0
01-24 13:12:27.646  1982 24123 E CamX    : [ERROR][ISP    ] camxmctfenode.cpp:1815 PostPipelineCreate() RealtimeDefault1_MCTFE0_cam0: numProcessingExposures 1  usecaseNumExposures 1
01-24 13:12:27.646  1982  3871 E CamX    : [ERROR][SENSOR ] camxsensornode.cpp:1794 SensorThreadJobCallback() Sensor[2][RealtimeDefault0_Sensor0_cam2] currConfigStatus:2
01-24 13:12:27.646  1982 23925 E CamX    : [ERROR][FD     ] camxfdengine.cpp:209 FDEngineCreate() CN_07626430 - Create Parameters: DLFD 1, Facial Contour 0, Facial Expression 0, Facial Gender 0, ROI Manager 1, FD input Dims: (640, 480)
01-24 13:12:27.647  1982  3871 E CamX    : [ERROR][SENSOR ] camxsensorcache.cpp:117 SetSubDeviceHandle() Device[2][CSIPHY] refCount:1 hCSL:0xab0200 hDev:0xd4011b hCSLCached:0xab0200 isAcquired:0 pipelineRefCount:0
01-24 13:12:27.647  1982  3871 E CamX    : [ERROR][SENSOR ] camxactuator.cpp:148 Initialize() Actuator[2][RealtimeDefault0_Sensor0_cam2] hCSL:0xab0200 hDev:0x94011c devIdx:25 isAcquired:0 pipelineRefCount:0
01-24 13:12:27.650  1982 23910 E CamX    : [ERROR][SENSOR ] camxsensornode.cpp:656 PrepareStreamOn() Sensor[0][RealtimeDefault1_Sensor0_cam0] currConfigStatus:5
01-24 13:12:27.652  1982  3864 E CamX    : [ERROR][SENSOR ] camxsensorcache.cpp:117 SetSubDeviceHandle() Device[3][Actuator] refCount:3 hCSL:0xab0200 hDev:0x90011a hCSLCached:0xab0200 isAcquired:0 pipelineRefCount:0
01-24 13:12:27.652  1982  3864 E CamX    : [ERROR][SENSOR ] camxsensorcache.cpp:117 SetSubDeviceHandle() Device[3][Flash] refCount:4 hCSL:0xab0200 hDev:0xe6011f hCSLCached:0xab0200 isAcquired:0 pipelineRefCount:0
01-24 13:12:27.659  1982  3870 E CamX    : [ERROR][IQMod  ] camxtfebds2demosaic201.cpp:277 UpdateBDS2InputData() RealtimeDefault1_MCTFE0_cam0 bayerPattern 3
01-24 13:12:27.661  1982  3869 E CHIFD   : [ERROR][FD     ] camxchinodefd.cpp:2134 ExecuteProcessRequest() Node[RealtimeDefault1_com.qti.node.fd8_cam0] ReqId[1] EPR-0, bindIOBuffers=0
01-24 13:12:27.665  1982  3863 E CamX    : [ERROR][SENSOR ] camxsensorcache.cpp:117 SetSubDeviceHandle() Device[4][Actuator] refCount:3 hCSL:0xab0200 hDev:0x700104 hCSLCached:0xab0200 isAcquired:0 pipelineRefCount:0
01-24 13:12:27.666  1982  3863 E CamX    : [ERROR][SENSOR ] camxsensorcache.cpp:117 SetSubDeviceHandle() Device[4][Flash] refCount:4 hCSL:0xab0200 hDev:0xa70120 hCSLCached:0xab0200 isAcquired:0 pipelineRefCount:0
01-24 13:12:27.666  1982  3867 E CamX    : [ERROR][IQMod  ] camxtfebds2demosaic201.cpp:277 UpdateBDS2InputData() RealtimeDefault1_MCTFE0_cam0 bayerPattern 3
01-24 13:12:27.669  1982 23925 E CamX    : [ERROR][FD     ] camxfdengine.cpp:263 FDEngineCreate() Create ROI manager handle success -CN_07626430, result = 0
01-24 13:12:27.669  1982 23925 E CamX    : [ERROR][FD     ] camxfdengine.cpp:209 FDEngineCreate() CN_07626430 - Create Parameters: DLFD 0, Facial Contour 1, Facial Expression 0, Facial Gender 0, ROI Manager 0, FD input Dims: (640, 480)
01-24 13:12:27.675  1982  3871 E CamX    : [ERROR][SENSOR ] camxsensorcache.cpp:117 SetSubDeviceHandle() Device[2][Actuator] refCount:2 hCSL:0xab0200 hDev:0x45011c hCSLCached:0xab0200 isAcquired:0 pipelineRefCount:0
01-24 13:12:27.675  1982  3871 E CamX    : [ERROR][SENSOR ] camxsensorcache.cpp:117 SetSubDeviceHandle() Device[2][Flash] refCount:3 hCSL:0xab0200 hDev:0x121 hCSLCached:0xab0200 isAcquired:0 pipelineRefCount:0
01-24 13:12:27.677  1982  3865 E CHIFD   : [ERROR][FD     ] camxchinodefd.cpp:2134 ExecuteProcessRequest() Node[RealtimeDefault1_com.qti.node.fd8_cam0] ReqId[2] EPR-0, bindIOBuffers=0
01-24 13:12:27.677  1982  3868 E CHIFD   : [ERROR][FD     ] camxchinodefd.cpp:2134 ExecuteProcessRequest() Node[RealtimeDefault1_com.qti.node.fd8_cam0] ReqId[3] EPR-0, bindIOBuffers=0
01-24 13:12:27.678  1982  3864 E CHIFD   : [ERROR][FD     ] camxchinodefd.cpp:2134 ExecuteProcessRequest() Node[RealtimeDefault1_com.qti.node.fd8_cam0] ReqId[4] EPR-0, bindIOBuffers=0
01-24 13:12:27.738  1982  3871 E CHIFD   : [ERROR][FD     ] camxchinodefd.cpp:2119 ExecuteProcessRequest() Node[RealtimeDefault1_com.qti.node.fd8_cam0] ReqId[1] EPR-1, bindIOBuffers=0
01-24 13:12:27.738  1982  3871 E CHIFD   : [ERROR][FD     ] camxchinodefd.cpp:2301 ExecuteProcessRequest() Node[RealtimeDefault1_com.qti.node.fd8_cam0] ReqId[1] ChiFD node publishing FD results
01-24 13:12:27.738  1982  3871 E CHIFD   : [ERROR][FD     ] camxchifdutils.cpp:1032 ConvertFDPointsBetweenReferences() previous: 0 0, current: 4000 1834
01-24 13:12:27.738  1982  3871 E CHIFD   : [ERROR][FD     ] camxchinodefd.cpp:4640 ReconvertFDResults() error in ConvertFDPointsBetweenReferences
01-24 13:12:27.738  1982  3871 E CHIFD   : [ERROR][FD     ] camxchinodefd.cpp:2388 ExecuteProcessRequest() Processing SW Detection ReqId[1] reqhandle 0 FD type: DLFD
01-24 13:12:27.738  1982  3871 E CHIFD   : [ERROR][FD     ] camxchinodefd.cpp:7995 OnProcessRequest() Node[RealtimeDefault1_com.qti.node.fd8_cam0] ReqId[1] Request Scheduled (Pending frames 0)
01-24 13:12:27.738  1982 23924 E CHIFD   : [ERROR][FD     ] camxchinodefd.cpp:5265 ExecuteFDResultsProcessing() DL-FD Execution reqid 1
01-24 13:12:27.738  1982 23924 E CamX    : [ERROR][FD     ] camxfdengine.cpp:824 FDEngineGetFDRunFlag() Get fd run flag input parameter!-CN_07626430 hFDEHandle 0xb400007566b882c0K, pPerFrameInfo 0x730b194fb0K, pFDRunFlag 0x730b14de34K, pRequiredFrameCyclePeriod 0x730b14de30K
01-24 13:12:27.738  1982 23924 E CamX    : [ERROR][FD     ] camxfdengine.cpp:842 FDEngineGetFDRunFlag() FrameId=1: -CN_07626430 FDRunFlag=1, reqdFrameCyclePeriod=1
01-24 13:12:27.738  1982 24131 E ChiX    : [ERROR][MCXCore] chimcxmflpolicy.cpp:1668 OnUpdateRecommendedSettings() [SAT_DBG_FB] Unsupport FocusEnhancer - Failed to get adaptiveLensMode Vendor Tag.
01-24 13:12:27.742  1982 23924 E CamX    : [ERROR][FD     ] camxfdengine.cpp:763 FDEngineProcessResult() valid input parameter!-CN_07626430 hFDEHandle 0xb400007566b882c0K, pPerFrameInfo 0x730b194fb0K, pMainResult 0x730b169898K, pOutputResult 0x730b15d1fcK, pHeadBodyResult 0x730b14ffe0K, pOutputResultStabilized 0x730b150b60K, pOutputHeadBodyResult 0x730b14fc94K, pOutputHeadBodyResultStabilized 0x730b14f948K, pPetResult 0x730b14e968K,pOutputPetResult 0x730b14e050K, pOutputPetResultStabilized 0x730b14e4dcK
01-24 13:12:27.742  1982 23924 E CHIFD   : [ERROR][FD     ] camxchinodefd.cpp:9009 FDDLExecution() Node[RealtimeDefault1_com.qti.node.fd8_cam0] ReqId[1] Faces 0
01-24 13:12:27.742  1982 23924 E CHIFD   : [ERROR][FD     ] camxchinodefd.cpp:10518 ProcessRequestDone() Node[RealtimeDefault1_com.qti.node.fd8_cam0] ReqId[1] ProcessRequestDone
01-24 13:12:27.803  1982  3864 E CHIFD   : [ERROR][FD     ] camxchinodefd.cpp:2119 ExecuteProcessRequest() Node[RealtimeDefault1_com.qti.node.fd8_cam0] ReqId[2] EPR-1, bindIOBuffers=0
01-24 13:12:27.803  1982  3864 E CHIFD   : [ERROR][FD     ] camxchinodefd.cpp:2301 ExecuteProcessRequest() Node[RealtimeDefault1_com.qti.node.fd8_cam0] ReqId[2] ChiFD node publishing FD results
01-24 13:12:27.803  1982 24131 E ChiX    : [ERROR][MCXCore] chimcxmflpolicy.cpp:1539 OnUpdateRecommendedSettings() defaultZoomMasterIndex(1) CAMX:Settings.CurrentCameraId(1)
01-24 13:12:27.803  1982 24131 E ChiX    : [ERROR][MCXCore] chimcxmflpolicy.cpp:1668 OnUpdateRecommendedSettings() [SAT_DBG_FB] Unsupport FocusEnhancer - Failed to get adaptiveLensMode Vendor Tag.
01-24 13:12:27.838  1982  3868 E CHIFD   : [ERROR][FD     ] camxchinodefd.cpp:2119 ExecuteProcessRequest() Node[RealtimeDefault1_com.qti.node.fd8_cam0] ReqId[3] EPR-1, bindIOBuffers=0
