01-24 13:12:28.042  1982 24246 E GME     : [ERROR][ChiNode] camxchinodegme.cpp:15152 GetSSChromatixTuningMode() SATOfflineReprocess0_com.qti.node.gme0_cam2 [3RD_PARTY_TUNING] Third_party_video case
01-24 13:12:28.042  1982 24246 E GME     : [ERROR][ChiNode] camxchinodegme.cpp:15152 GetSSChromatixTuningMode() SATOfflineReprocess0_com.qti.node.gme0_cam2 [3RD_PARTY_TUNING] Third_party_video case
01-24 13:12:28.042  1982 24246 E GME     : [ERROR][ChiNode] camxchinodegme.cpp:15152 GetSSChromatixTuningMode() SATOfflineReprocess0_com.qti.node.gme0_cam2 [3RD_PARTY_TUNING] Third_party_video case
01-24 13:12:28.042  1982 24246 E GME     : [ERROR][ChiNode] camxchinodegme.cpp:15152 GetSSChromatixTuningMode() SATOfflineReprocess0_com.qti.node.gme0_cam2 [3RD_PARTY_TUNING] Third_party_video case
01-24 13:12:28.047  1982 24249 E CamX    : [ERROR][STATS_AF] pdlib_adaptive_k.cpp:1941 Save() Failed to open the adaptive k data file
01-24 13:12:28.047  1982 24245 E CamX    : [ERROR][STATS_AF] pdlib_adaptive_k.cpp:1941 Save() Failed to open the adaptive k data file
01-24 13:12:28.047  1982 24248 E CamX    : [ERROR][STATS_AF] pdlib_adaptive_k.cpp:1941 Save() Failed to open the adaptive k data file
01-24 13:12:28.048  1982 24248 E SS_3A   : ERROR:  AF: TsAf_Range_check_connect: 3938: [TsAf_Range] Algorithm Role is not valid or Thread is already Run. Role : 0, Thread Run : 1
01-24 13:12:28.048  1982 24247 E CamX    : [ERROR][STATS_AF] pdlib_adaptive_k.cpp:1941 Save() Failed to open the adaptive k data file
01-24 13:12:28.048  1982 24245 E SS_3A   : ERROR:  AF: TsAf_Range_check_connect: 3925: [TsAf_Range] SingleTone Count is not zero. Count : 2, Flag : 1
01-24 13:12:28.048  1982 24249 E SS_3A   : ERROR:  AF: TsAf_Range_check_connect: 3925: [TsAf_Range] SingleTone Count is not zero. Count : 3, Flag : 1
01-24 13:12:28.049  1982 24247 E SS_3A   : ERROR:  AF: TsAf_Range_check_connect: 3925: [TsAf_Range] SingleTone Count is not zero. Count : 4, Flag : 1
01-24 13:12:28.049  1982 24172 W SnapAlloc: GetStrideInBytes: Failed to get the stride in bytes. Error code: 1
01-24 13:12:28.049  1982 24248 E CamX    : [ERROR][STATS_AEC] camxcaecstatsprocessor.cpp:7084 GetCropWindow() Wrong input: HALCropWindow left(0),top(0) width,height = 0x0
01-24 13:12:28.049  1982 24245 E CamX    : [ERROR][STATS_AEC] camxcaecstatsprocessor.cpp:7084 GetCropWindow() Wrong input: HALCropWindow left(0),top(0) width,height = 0x0
01-24 13:12:28.049  1982 24247 E CamX    : [ERROR][STATS_AEC] camxcaecstatsprocessor.cpp:7084 GetCropWindow() Wrong input: HALCropWindow left(0),top(0) width,height = 0x0
01-24 13:12:28.050  1982 24249 E CamX    : [ERROR][STATS_AEC] camxcaecstatsprocessor.cpp:7084 GetCropWindow() Wrong input: HALCropWindow left(0),top(0) width,height = 0x0
01-24 13:12:28.053  1982 24172 W SnapAlloc: GetStrideInBytes: Failed to get the stride in bytes. Error code: 1
01-24 13:12:28.064  1982  3863 E CamX    : [ERROR][SENSOR ] camxsensornode.cpp:2075 SensorThreadJobCallback() Sensor[0][RealtimeDefault1_Sensor0_cam0] ConfigureSensor: start, Config_status:5
01-24 13:12:28.064  1982  3863 E CamX    : [ERROR][SENSOR ] camxsensornode.cpp:2114 SensorThreadJobCallback() Sensor[0][RealtimeDefault1_Sensor0_cam0] currConfigStatus:4
01-24 13:12:28.068  1982 24287 E CHIFD   : [ERROR][FD     ] camxchinodefd.cpp:1453 PostPipelineCreate() Node[RealtimeDefault1_com.qti.node.fd8_cam0] FD node created in pipeline (realtime 1) FD Use client 2, Spectra Version 0x90800Facial attribute settings: GB(0), CT(1), CTV(0), Exp(0), Gen(0), Mask(1), UpperBody(1) Pet(0)
01-24 13:12:28.068  1982 24287 E CamX    : [ERROR][ISP    ] camxmctfenode.cpp:1815 PostPipelineCreate() RealtimeDefault1_MCTFE0_cam0: numProcessingExposures 1  usecaseNumExposures 1
01-24 13:12:28.069  1982 24216 E CamX    : [ERROR][FD     ] camxfdengine.cpp:209 FDEngineCreate() CN_07626430 - Create Parameters: DLFD 1, Facial Contour 0, Facial Expression 0, Facial Gender 0, ROI Manager 1, FD input Dims: (640, 480)
01-24 13:12:28.073  1982 24206 E CamX    : [ERROR][SENSOR ] camxsensornode.cpp:656 PrepareStreamOn() Sensor[0][RealtimeDefault1_Sensor0_cam0] currConfigStatus:5
01-24 13:12:28.084  1982  3866 E CamX    : [ERROR][IQMod  ] camxtfebds2demosaic201.cpp:277 UpdateBDS2InputData() RealtimeDefault1_MCTFE0_cam0 bayerPattern 3
01-24 13:12:28.087  1982  3866 E CHIFD   : [ERROR][FD     ] camxchinodefd.cpp:2134 ExecuteProcessRequest() Node[RealtimeDefault1_com.qti.node.fd8_cam0] ReqId[1] EPR-0, bindIOBuffers=0
01-24 13:12:28.091  1982 24216 E CamX    : [ERROR][FD     ] camxfdengine.cpp:263 FDEngineCreate() Create ROI manager handle success -CN_07626430, result = 0
01-24 13:12:28.091  1982 24216 E CamX    : [ERROR][FD     ] camxfdengine.cpp:209 FDEngineCreate() CN_07626430 - Create Parameters: DLFD 0, Facial Contour 1, Facial Expression 0, Facial Gender 0, ROI Manager 0, FD input Dims: (640, 480)
01-24 13:12:28.094  1982  3867 E CamX    : [ERROR][IQMod  ] camxtfebds2demosaic201.cpp:277 UpdateBDS2InputData() RealtimeDefault1_MCTFE0_cam0 bayerPattern 3
01-24 13:12:28.103  1982  3863 E CHIFD   : [ERROR][FD     ] camxchinodefd.cpp:2134 ExecuteProcessRequest() Node[RealtimeDefault1_com.qti.node.fd8_cam0] ReqId[2] EPR-0, bindIOBuffers=0
01-24 13:12:28.103  1982  3871 E CHIFD   : [ERROR][FD     ] camxchinodefd.cpp:2134 ExecuteProcessRequest() Node[RealtimeDefault1_com.qti.node.fd8_cam0] ReqId[4] EPR-0, bindIOBuffers=0
01-24 13:12:28.104  1982  3870 E CHIFD   : [ERROR][FD     ] camxchinodefd.cpp:2134 ExecuteProcessRequest() Node[RealtimeDefault1_com.qti.node.fd8_cam0] ReqId[3] EPR-0, bindIOBuffers=0
01-24 13:12:28.168  1982  3865 E CHIFD   : [ERROR][FD     ] camxchinodefd.cpp:2119 ExecuteProcessRequest() Node[RealtimeDefault1_com.qti.node.fd8_cam0] ReqId[1] EPR-1, bindIOBuffers=0
01-24 13:12:28.169  1982  3865 E CHIFD   : [ERROR][FD     ] camxchinodefd.cpp:2301 ExecuteProcessRequest() Node[RealtimeDefault1_com.qti.node.fd8_cam0] ReqId[1] ChiFD node publishing FD results
01-24 13:12:28.169  1982  3865 E CHIFD   : [ERROR][FD     ] camxchifdutils.cpp:1032 ConvertFDPointsBetweenReferences() previous: 0 0, current: 4000 1834
01-24 13:12:28.169  1982  3865 E CHIFD   : [ERROR][FD     ] camxchinodefd.cpp:4640 ReconvertFDResults() error in ConvertFDPointsBetweenReferences
01-24 13:12:28.169  1982  3865 E CHIFD   : [ERROR][FD     ] camxchinodefd.cpp:2388 ExecuteProcessRequest() Processing SW Detection ReqId[1] reqhandle 0 FD type: DLFD
01-24 13:12:28.169  1982  3865 E CHIFD   : [ERROR][FD     ] camxchinodefd.cpp:7995 OnProcessRequest() Node[RealtimeDefault1_com.qti.node.fd8_cam0] ReqId[1] Request Scheduled (Pending frames 0)
01-24 13:12:28.169  1982 24217 E CHIFD   : [ERROR][FD     ] camxchinodefd.cpp:5265 ExecuteFDResultsProcessing() DL-FD Execution reqid 1
01-24 13:12:28.169  1982 24217 E CamX    : [ERROR][FD     ] camxfdengine.cpp:824 FDEngineGetFDRunFlag() Get fd run flag input parameter!-CN_07626430 hFDEHandle 0xb400007566be4430K, pPerFrameInfo 0x7312a9cfb0K, pFDRunFlag 0x7312a55e34K, pRequiredFrameCyclePeriod 0x7312a55e30K
01-24 13:12:28.169  1982 24217 E CamX    : [ERROR][FD     ] camxfdengine.cpp:842 FDEngineGetFDRunFlag() FrameId=1: -CN_07626430 FDRunFlag=1, reqdFrameCyclePeriod=1
01-24 13:12:28.171  1982 24369 E ChiX    : [ERROR][MCXCore] chimcxmflpolicy.cpp:1668 OnUpdateRecommendedSettings() [SAT_DBG_FB] Unsupport FocusEnhancer - Failed to get adaptiveLensMode Vendor Tag.
01-24 13:12:28.173  1982 24217 E CamX    : [ERROR][FD     ] camxfdengine.cpp:763 FDEngineProcessResult() valid input parameter!-CN_07626430 hFDEHandle 0xb400007566be4430K, pPerFrameInfo 0x7312a9cfb0K, pMainResult 0x7312a71898K, pOutputResult 0x7312a651fcK, pHeadBodyResult 0x7312a57fe0K, pOutputResultStabilized 0x7312a58b60K, pOutputHeadBodyResult 0x7312a57c94K, pOutputHeadBodyResultStabilized 0x7312a57948K, pPetResult 0x7312a56968K,pOutputPetResult 0x7312a56050K, pOutputPetResultStabilized 0x7312a564dcK
01-24 13:12:28.173  1982 24217 E CHIFD   : [ERROR][FD     ] camxchinodefd.cpp:9009 FDDLExecution() Node[RealtimeDefault1_com.qti.node.fd8_cam0] ReqId[1] Faces 0
01-24 13:12:28.174  1982 24217 E CHIFD   : [ERROR][FD     ] camxchinodefd.cpp:10518 ProcessRequestDone() Node[RealtimeDefault1_com.qti.node.fd8_cam0] ReqId[1] ProcessRequestDone
01-24 13:12:28.176  1982  3866 E CHIFD   : [ERROR][FD     ] camxchinodefd.cpp:2134 ExecuteProcessRequest() Node[RealtimeDefault1_com.qti.node.fd8_cam0] ReqId[5] EPR-0, bindIOBuffers=0
01-24 13:12:28.204  1974  2160 W SnapAlloc: GetStrideInBytes: Failed to get the stride in bytes. Error code: 1
01-24 13:12:28.204  1974  1974 W SnapAlloc: GetStrideInBytes: Failed to get the stride in bytes. Error code: 1
01-24 13:12:28.222 23644 23685 E AppCenter: com.microsoft.appcenter.http.HttpException: 401 - {"status":"AppSecretForbiddenListed","validDiagnosticsIds":[],"throttledDiagnosticsIds":[],"correlationId":"89682927-f588-4c0e-b980-d34656fdbee4"}
01-24 13:12:28.229  1982  3865 E CHIFD   : [ERROR][FD     ] camxchinodefd.cpp:2119 ExecuteProcessRequest() Node[RealtimeDefault1_com.qti.node.fd8_cam0] ReqId[2] EPR-1, bindIOBuffers=0
01-24 13:12:28.229  1982  3865 E CHIFD   : [ERROR][FD     ] camxchinodefd.cpp:2301 ExecuteProcessRequest() Node[RealtimeDefault1_com.qti.node.fd8_cam0] ReqId[2] ChiFD node publishing FD results
01-24 13:12:28.229  1982 24369 E ChiX    : [ERROR][MCXCore] chimcxmflpolicy.cpp:1539 OnUpdateRecommendedSettings() defaultZoomMasterIndex(1) CAMX:Settings.CurrentCameraId(1)
01-24 13:12:28.229  1982 24369 E ChiX    : [ERROR][MCXCore] chimcxmflpolicy.cpp:1668 OnUpdateRecommendedSettings() [SAT_DBG_FB] Unsupport FocusEnhancer - Failed to get adaptiveLensMode Vendor Tag.
01-24 13:12:28.230  1982  3866 E SS_3A   : ERROR:  AF: AIAf_init: 190: [AIAF] version = 0xA015
01-24 13:12:28.230  1982 24373 E SS_3A   : ERROR:  AF: AIAf_setModel: 153: [AIAF] prod id 2
01-24 13:12:28.230  1982 31971 E ChiX    : [ERROR][MCXCore] chimcxmflpolicy.cpp:6486 GetActiveCameraMaskBasedOnOEMMFLPolicy() VendorTag return Invalid recommenedMaster, recommendedMasterIndex(1) recommendedMasterIndexFromSATOutput(1) rMainCameraIndex(-1) recommendedMasterIdFromCamXSettings(0)
01-24 13:12:28.230  1982 31971 E ChiX    : [ERROR][MCXCore] chimcxmflpolicy.cpp:6503 GetActiveCameraMaskBasedOnOEMMFLPolicy() VendorTag return Invalid recommenedMaster2, recommendedMasterIndex(1) recommendedMasterIndexFromSATOutput(1) rMainCameraIndex(1) recommendedMasterIdFromCamXSettings(0)
01-24 13:12:28.230  1982  3869 E CHIFD   : [ERROR][FD     ] camxchinodefd.cpp:2134 ExecuteProcessRequest() Node[RealtimeDefault1_com.qti.node.fd8_cam0] ReqId[6] EPR-0, bindIOBuffers=0
01-24 13:12:28.231  1982 24373 E snap_api::snpe: Failed to read property ro.hardware.chipname
01-24 13:12:28.264  1982  3871 E CHIFD   : [ERROR][FD     ] camxchinodefd.cpp:2119 ExecuteProcessRequest() Node[RealtimeDefault1_com.qti.node.fd8_cam0] ReqId[3] EPR-1, bindIOBuffers=0
01-24 13:12:28.264  1982  3871 E CHIFD   : [ERROR][FD     ] camxchinodefd.cpp:2301 ExecuteProcessRequest() Node[RealtimeDefault1_com.qti.node.fd8_cam0] ReqId[3] ChiFD node publishing FD results
01-24 13:12:28.264  1982  3871 E CHIFD   : [ERROR][FD     ] camxchinodefd.cpp:2388 ExecuteProcessRequest() Processing SW Detection ReqId[3] reqhandle 0 FD type: DLFD
01-24 13:12:28.264  1982  3871 E CHIFD   : [ERROR][FD     ] camxchinodefd.cpp:7995 OnProcessRequest() Node[RealtimeDefault1_com.qti.node.fd8_cam0] ReqId[3] Request Scheduled (Pending frames 0)
01-24 13:12:28.264  1982 24216 E CHIFD   : [ERROR][FD     ] camxchinodefd.cpp:5265 ExecuteFDResultsProcessing() DL-FD Execution reqid 3
01-24 13:12:28.264  1982 24216 E CamX    : [ERROR][FD     ] camxfdengine.cpp:824 FDEngineGetFDRunFlag() Get fd run flag input parameter!-CN_07626430 hFDEHandle 0xb400007566be4430K, pPerFrameInfo 0x7315d5ffb0K, pFDRunFlag 0x7315d18e34K, pRequiredFrameCyclePeriod 0x7315d18e30K
01-24 13:12:28.264  1982 24216 E CamX    : [ERROR][FD     ] camxfdengine.cpp:842 FDEngineGetFDRunFlag() FrameId=3: -CN_07626430 FDRunFlag=1, reqdFrameCyclePeriod=1
01-24 13:12:28.264  1982 24369 E ChiX    : [ERROR][MCXCore] chimcxmflpolicy.cpp:1539 OnUpdateRecommendedSettings() defaultZoomMasterIndex(1) CAMX:Settings.CurrentCameraId(1)
01-24 13:12:28.264  1982 24369 E ChiX    : [ERROR][MCXCore] chimcxmflpolicy.cpp:1668 OnUpdateRecommendedSettings() [SAT_DBG_FB] Unsupport FocusEnhancer - Failed to get adaptiveLensMode Vendor Tag.
01-24 13:12:28.266  1982  1982 E ChiX    : [ERROR][MCXCore] chimcxmflpolicy.cpp:6486 GetActiveCameraMaskBasedOnOEMMFLPolicy() VendorTag return Invalid recommenedMaster, recommendedMasterIndex(1) recommendedMasterIndexFromSATOutput(1) rMainCameraIndex(-1) recommendedMasterIdFromCamXSettings(0)
01-24 13:12:28.266  1982  1982 E ChiX    : [ERROR][MCXCore] chimcxmflpolicy.cpp:6503 GetActiveCameraMaskBasedOnOEMMFLPolicy() VendorTag return Invalid recommenedMaster2, recommendedMasterIndex(1) recommendedMasterIndexFromSATOutput(1) rMainCameraIndex(1) recommendedMasterIdFromCamXSettings(0)
01-24 13:12:28.266  1982  3864 E CHIFD   : [ERROR][FD     ] camxchinodefd.cpp:2134 ExecuteProcessRequest() Node[RealtimeDefault1_com.qti.node.fd8_cam0] ReqId[7] EPR-0, bindIOBuffers=0
01-24 13:12:28.268  1982 24216 E CamX    : [ERROR][FD     ] camxfdengine.cpp:763 FDEngineProcessResult() valid input parameter!-CN_07626430 hFDEHandle 0xb400007566be4430K, pPerFrameInfo 0x7315d5ffb0K, pMainResult 0x7315d34898K, pOutputResult 0x7315d281fcK, pHeadBodyResult 0x7315d1afe0K, pOutputResultStabilized 0x7315d1bb60K, pOutputHeadBodyResult 0x7315d1ac94K, pOutputHeadBodyResultStabilized 0x7315d1a948K, pPetResult 0x7315d19968K,pOutputPetResult 0x7315d19050K, pOutputPetResultStabilized 0x7315d194dcK
01-24 13:12:28.268  1982 24216 E CHIFD   : [ERROR][FD     ] camxchinodefd.cpp:9009 FDDLExecution() Node[RealtimeDefault1_com.qti.node.fd8_cam0] ReqId[3] Faces 0
01-24 13:12:28.268  1982 24216 E CHIFD   : [ERROR][FD     ] camxchinodefd.cpp:10518 ProcessRequestDone() Node[RealtimeDefault1_com.qti.node.fd8_cam0] ReqId[3] ProcessRequestDone
01-24 13:12:28.270  1977  2147 E PERFHAL-UTIL: PERFHAL-UTIL: save_node_val() 251: Failed to read /sys/devices/system/cpu/cpu0/cpufreq/walt/target_load_shift
01-24 13:12:28.270  1977  2147 E PERFHAL-OPTSHANDLER: PERFHAL-OPTSHANDLER: modify_sysfsnode() 1154: Failed to read /sys/devices/system/cpu/cpu0/cpufreq/walt/target_load_shift
01-24 13:12:28.270  1977  2147 E PERFHAL-RESOURCEQS: PERFHAL-RESOURCEQS: AddAndApply() 159: Failed to apply optimization [5, 21]
01-24 13:12:28.270  1977  2147 E PERFHAL-UTIL: PERFHAL-UTIL: save_node_val() 251: Failed to read /sys/devices/system/cpu/cpu0/cpufreq/walt/target_load_thresh
01-24 13:12:28.270  1977  2147 E PERFHAL-OPTSHANDLER: PERFHAL-OPTSHANDLER: modify_sysfsnode() 1154: Failed to read /sys/devices/system/cpu/cpu0/cpufreq/walt/target_load_thresh
01-24 13:12:28.270  1977  2147 E PERFHAL-RESOURCEQS: PERFHAL-RESOURCEQS: AddAndApply() 159: Failed to apply optimization [5, 20]
01-24 13:12:28.295  1982  3863 E CHIFD   : [ERROR][FD     ] camxchinodefd.cpp:2119 ExecuteProcessRequest() Node[RealtimeDefault1_com.qti.node.fd8_cam0] ReqId[4] EPR-1, bindIOBuffers=0
01-24 13:12:28.295  1982  3863 E CHIFD   : [ERROR][FD     ] camxchinodefd.cpp:2301 ExecuteProcessRequest() Node[RealtimeDefault1_com.qti.node.fd8_cam0] ReqId[4] ChiFD node publishing FD results
01-24 13:12:28.296  1982 24369 E ChiX    : [ERROR][MCXCore] chimcxmflpolicy.cpp:1539 OnUpdateRecommendedSettings() defaultZoomMasterIndex(1) CAMX:Settings.CurrentCameraId(1)
01-24 13:12:28.296  1982 24369 E ChiX    : [ERROR][MCXCore] chimcxmflpolicy.cpp:1668 OnUpdateRecommendedSettings() [SAT_DBG_FB] Unsupport FocusEnhancer - Failed to get adaptiveLensMode Vendor Tag.
01-24 13:12:28.296  1982  7586 E ChiX    : [ERROR][MCXCore] chimcxmflpolicy.cpp:6486 GetActiveCameraMaskBasedOnOEMMFLPolicy() VendorTag return Invalid recommenedMaster, recommendedMasterIndex(1) recommendedMasterIndexFromSATOutput(1) rMainCameraIndex(-1) recommendedMasterIdFromCamXSettings(0)
01-24 13:12:28.296  1982  7586 E ChiX    : [ERROR][MCXCore] chimcxmflpolicy.cpp:6503 GetActiveCameraMaskBasedOnOEMMFLPolicy() VendorTag return Invalid recommenedMaster2, recommendedMasterIndex(1) recommendedMasterIndexFromSATOutput(1) rMainCameraIndex(1) recommendedMasterIdFromCamXSettings(0)
01-24 13:12:28.299  1982  3871 E CHIFD   : [ERROR][FD     ] camxchinodefd.cpp:2134 ExecuteProcessRequest() Node[RealtimeDefault1_com.qti.node.fd8_cam0] ReqId[8] EPR-0, bindIOBuffers=0
01-24 13:12:28.330  1982  3870 E CHIFD   : [ERROR][FD     ] camxchinodefd.cpp:2119 ExecuteProcessRequest() Node[RealtimeDefault1_com.qti.node.fd8_cam0] ReqId[5] EPR-1, bindIOBuffers=0
01-24 13:12:28.330  1982  3870 E CHIFD   : [ERROR][FD     ] camxchinodefd.cpp:2301 ExecuteProcessRequest() Node[RealtimeDefault1_com.qti.node.fd8_cam0] ReqId[5] ChiFD node publishing FD results
01-24 13:12:28.331  1982  3870 E CHIFD   : [ERROR][FD     ] camxchinodefd.cpp:2388 ExecuteProcessRequest() Processing SW Detection ReqId[5] reqhandle 0 FD type: DLFD
01-24 13:12:28.331  1982  3870 E CHIFD   : [ERROR][FD     ] camxchinodefd.cpp:7995 OnProcessRequest() Node[RealtimeDefault1_com.qti.node.fd8_cam0] ReqId[5] Request Scheduled (Pending frames 0)
01-24 13:12:28.331  1982 24217 E CHIFD   : [ERROR][FD     ] camxchinodefd.cpp:5265 ExecuteFDResultsProcessing() DL-FD Execution reqid 5
01-24 13:12:28.331  1982 24217 E CamX    : [ERROR][FD     ] camxfdengine.cpp:824 FDEngineGetFDRunFlag() Get fd run flag input parameter!-CN_07626430 hFDEHandle 0xb400007566be4430K, pPerFrameInfo 0x7312a9cfb0K, pFDRunFlag 0x7312a55e34K, pRequiredFrameCyclePeriod 0x7312a55e30K
01-24 13:12:28.331  1982 24217 E CamX    : [ERROR][FD     ] camxfdengine.cpp:842 FDEngineGetFDRunFlag() FrameId=5: -CN_07626430 FDRunFlag=1, reqdFrameCyclePeriod=1
01-24 13:12:28.331  1982 24369 E ChiX    : [ERROR][MCXCore] chimcxmflpolicy.cpp:1539 OnUpdateRecommendedSettings() defaultZoomMasterIndex(1) CAMX:Settings.CurrentCameraId(1)
01-24 13:12:28.331  1982 24369 E ChiX    : [ERROR][MCXCore] chimcxmflpolicy.cpp:1668 OnUpdateRecommendedSettings() [SAT_DBG_FB] Unsupport FocusEnhancer - Failed to get adaptiveLensMode Vendor Tag.
01-24 13:12:28.332  1982 31971 E ChiX    : [ERROR][MCXCore] chimcxmflpolicy.cpp:6486 GetActiveCameraMaskBasedOnOEMMFLPolicy() VendorTag return Invalid recommenedMaster, recommendedMasterIndex(1) recommendedMasterIndexFromSATOutput(1) rMainCameraIndex(-1) recommendedMasterIdFromCamXSettings(0)
01-24 13:12:28.332  1982 31971 E ChiX    : [ERROR][MCXCore] chimcxmflpolicy.cpp:6503 GetActiveCameraMaskBasedOnOEMMFLPolicy() VendorTag return Invalid recommenedMaster2, recommendedMasterIndex(1) recommendedMasterIndexFromSATOutput(1) rMainCameraIndex(1) recommendedMasterIdFromCamXSettings(0)
01-24 13:12:28.333  1982  3863 E CHIFD   : [ERROR][FD     ] camxchinodefd.cpp:2134 ExecuteProcessRequest() Node[RealtimeDefault1_com.qti.node.fd8_cam0] ReqId[9] EPR-0, bindIOBuffers=0
01-24 13:12:28.335  1982 24217 E CamX    : [ERROR][FD     ] camxfdengine.cpp:763 FDEngineProcessResult() valid input parameter!-CN_07626430 hFDEHandle 0xb400007566be4430K, pPerFrameInfo 0x7312a9cfb0K, pMainResult 0x7312a71898K, pOutputResult 0x7312a651fcK, pHeadBodyResult 0x7312a57fe0K, pOutputResultStabilized 0x7312a58b60K, pOutputHeadBodyResult 0x7312a57c94K, pOutputHeadBodyResultStabilized 0x7312a57948K, pPetResult 0x7312a56968K,pOutputPetResult 0x7312a56050K, pOutputPetResultStabilized 0x7312a564dcK
01-24 13:12:28.335  1982 24217 E CHIFD   : [ERROR][FD     ] camxchinodefd.cpp:9009 FDDLExecution() Node[RealtimeDefault1_com.qti.node.fd8_cam0] ReqId[5] Faces 0
01-24 13:12:28.335  1982 24217 E CHIFD   : [ERROR][FD     ] camxchinodefd.cpp:10518 ProcessRequestDone() Node[RealtimeDefault1_com.qti.node.fd8_cam0] ReqId[5] ProcessRequestDone
01-24 13:12:28.362  1982  3865 E CHIFD   : [ERROR][FD     ] camxchinodefd.cpp:2119 ExecuteProcessRequest() Node[RealtimeDefault1_com.qti.node.fd8_cam0] ReqId[6] EPR-1, bindIOBuffers=0
01-24 13:12:28.362  1982  3865 E CHIFD   : [ERROR][FD     ] camxchinodefd.cpp:2301 ExecuteProcessRequest() Node[RealtimeDefault1_com.qti.node.fd8_cam0] ReqId[6] ChiFD node publishing FD results
01-24 13:12:28.363  1982 24369 E ChiX    : [ERROR][MCXCore] chimcxmflpolicy.cpp:1539 OnUpdateRecommendedSettings() defaultZoomMasterIndex(1) CAMX:Settings.CurrentCameraId(1)
01-24 13:12:28.363  1982 24369 E ChiX    : [ERROR][MCXCore] chimcxmflpolicy.cpp:1668 OnUpdateRecommendedSettings() [SAT_DBG_FB] Unsupport FocusEnhancer - Failed to get adaptiveLensMode Vendor Tag.
01-24 13:12:28.364  1982  1982 E ChiX    : [ERROR][MCXCore] chimcxmflpolicy.cpp:6486 GetActiveCameraMaskBasedOnOEMMFLPolicy() VendorTag return Invalid recommenedMaster, recommendedMasterIndex(1) recommendedMasterIndexFromSATOutput(1) rMainCameraIndex(-1) recommendedMasterIdFromCamXSettings(0)
01-24 13:12:28.364  1982  1982 E ChiX    : [ERROR][MCXCore] chimcxmflpolicy.cpp:6503 GetActiveCameraMaskBasedOnOEMMFLPolicy() VendorTag return Invalid recommenedMaster2, recommendedMasterIndex(1) recommendedMasterIndexFromSATOutput(1) rMainCameraIndex(1) recommendedMasterIdFromCamXSettings(0)
01-24 13:12:28.365  1982  3864 E CHIFD   : [ERROR][FD     ] camxchinodefd.cpp:2134 ExecuteProcessRequest() Node[RealtimeDefault1_com.qti.node.fd8_cam0] ReqId[10] EPR-0, bindIOBuffers=0
01-24 13:12:28.397  1982  3867 E CHIFD   : [ERROR][FD     ] camxchinodefd.cpp:2119 ExecuteProcessRequest() Node[RealtimeDefault1_com.qti.node.fd8_cam0] ReqId[7] EPR-1, bindIOBuffers=0
01-24 13:12:28.397  1982  3867 E CHIFD   : [ERROR][FD     ] camxchinodefd.cpp:2301 ExecuteProcessRequest() Node[RealtimeDefault1_com.qti.node.fd8_cam0] ReqId[7] ChiFD node publishing FD results
01-24 13:12:28.398  1982  3867 E CHIFD   : [ERROR][FD     ] camxchinodefd.cpp:2388 ExecuteProcessRequest() Processing SW Detection ReqId[7] reqhandle 0 FD type: DLFD
01-24 13:12:28.398  1982  3867 E CHIFD   : [ERROR][FD     ] camxchinodefd.cpp:7995 OnProcessRequest() Node[RealtimeDefault1_com.qti.node.fd8_cam0] ReqId[7] Request Scheduled (Pending frames 0)
01-24 13:12:28.398  1982 24369 E ChiX    : [ERROR][MCXCore] chimcxmflpolicy.cpp:1539 OnUpdateRecommendedSettings() defaultZoomMasterIndex(1) CAMX:Settings.CurrentCameraId(1)
01-24 13:12:28.398  1982 24369 E ChiX    : [ERROR][MCXCore] chimcxmflpolicy.cpp:1668 OnUpdateRecommendedSettings() [SAT_DBG_FB] Unsupport FocusEnhancer - Failed to get adaptiveLensMode Vendor Tag.
01-24 13:12:28.398  1982 24217 E CHIFD   : [ERROR][FD     ] camxchinodefd.cpp:5265 ExecuteFDResultsProcessing() DL-FD Execution reqid 7
01-24 13:12:28.398  1982 24217 E CamX    : [ERROR][FD     ] camxfdengine.cpp:824 FDEngineGetFDRunFlag() Get fd run flag input parameter!-CN_07626430 hFDEHandle 0xb400007566be4430K, pPerFrameInfo 0x7312a9cfb0K, pFDRunFlag 0x7312a55e34K, pRequiredFrameCyclePeriod 0x7312a55e30K
01-24 13:12:28.398  1982 24217 E CamX    : [ERROR][FD     ] camxfdengine.cpp:842 FDEngineGetFDRunFlag() FrameId=7: -CN_07626430 FDRunFlag=1, reqdFrameCyclePeriod=1
01-24 13:12:28.398  1982  7586 E ChiX    : [ERROR][MCXCore] chimcxmflpolicy.cpp:6486 GetActiveCameraMaskBasedOnOEMMFLPolicy() VendorTag return Invalid recommenedMaster, recommendedMasterIndex(1) recommendedMasterIndexFromSATOutput(1) rMainCameraIndex(-1) recommendedMasterIdFromCamXSettings(0)
01-24 13:12:28.398  1982  7586 E ChiX    : [ERROR][MCXCore] chimcxmflpolicy.cpp:6503 GetActiveCameraMaskBasedOnOEMMFLPolicy() VendorTag return Invalid recommenedMaster2, recommendedMasterIndex(1) recommendedMasterIndexFromSATOutput(1) rMainCameraIndex(1) recommendedMasterIdFromCamXSettings(0)
01-24 13:12:28.399  1982  3871 E CHIFD   : [ERROR][FD     ] camxchinodefd.cpp:2134 ExecuteProcessRequest() Node[RealtimeDefault1_com.qti.node.fd8_cam0] ReqId[11] EPR-0, bindIOBuffers=0
01-24 13:12:28.402  1982 24217 E CamX    : [ERROR][FD     ] camxfdengine.cpp:763 FDEngineProcessResult() valid input parameter!-CN_07626430 hFDEHandle 0xb400007566be4430K, pPerFrameInfo 0x7312a9cfb0K, pMainResult 0x7312a71898K, pOutputResult 0x7312a651fcK, pHeadBodyResult 0x7312a57fe0K, pOutputResultStabilized 0x7312a58b60K, pOutputHeadBodyResult 0x7312a57c94K, pOutputHeadBodyResultStabilized 0x7312a57948K, pPetResult 0x7312a56968K,pOutputPetResult 0x7312a56050K, pOutputPetResultStabilized 0x7312a564dcK
01-24 13:12:28.402  1982 24217 E CHIFD   : [ERROR][FD     ] camxchinodefd.cpp:9009 FDDLExecution() Node[RealtimeDefault1_com.qti.node.fd8_cam0] ReqId[7] Faces 0
01-24 13:12:28.402  1982 24217 E CHIFD   : [ERROR][FD     ] camxchinodefd.cpp:10518 ProcessRequestDone() Node[RealtimeDefault1_com.qti.node.fd8_cam0] ReqId[7] ProcessRequestDone
01-24 13:12:28.429  1982  3863 E CHIFD   : [ERROR][FD     ] camxchinodefd.cpp:2119 ExecuteProcessRequest() Node[RealtimeDefault1_com.qti.node.fd8_cam0] ReqId[8] EPR-1, bindIOBuffers=0
01-24 13:12:28.430  1982  3863 E CHIFD   : [ERROR][FD     ] camxchinodefd.cpp:2301 ExecuteProcessRequest() Node[RealtimeDefault1_com.qti.node.fd8_cam0] ReqId[8] ChiFD node publishing FD results
01-24 13:12:28.430  1982 24369 E ChiX    : [ERROR][MCXCore] chimcxmflpolicy.cpp:1539 OnUpdateRecommendedSettings() defaultZoomMasterIndex(1) CAMX:Settings.CurrentCameraId(1)
01-24 13:12:28.430  1982 24369 E ChiX    : [ERROR][MCXCore] chimcxmflpolicy.cpp:1668 OnUpdateRecommendedSettings() [SAT_DBG_FB] Unsupport FocusEnhancer - Failed to get adaptiveLensMode Vendor Tag.
01-24 13:12:28.431  1982  3871 E CHIFD   : [ERROR][FD     ] camxchinodefd.cpp:2134 ExecuteProcessRequest() Node[RealtimeDefault1_com.qti.node.fd8_cam0] ReqId[12] EPR-0, bindIOBuffers=0
01-24 13:12:28.431  1982  7586 E ChiX    : [ERROR][MCXCore] chimcxmflpolicy.cpp:6486 GetActiveCameraMaskBasedOnOEMMFLPolicy() VendorTag return Invalid recommenedMaster, recommendedMasterIndex(1) recommendedMasterIndexFromSATOutput(1) rMainCameraIndex(-1) recommendedMasterIdFromCamXSettings(0)
01-24 13:12:28.431  1982  7586 E ChiX    : [ERROR][MCXCore] chimcxmflpolicy.cpp:6503 GetActiveCameraMaskBasedOnOEMMFLPolicy() VendorTag return Invalid recommenedMaster2, recommendedMasterIndex(1) recommendedMasterIndexFromSATOutput(1) rMainCameraIndex(1) recommendedMasterIdFromCamXSettings(0)
01-24 13:12:28.464  1982  3869 E CHIFD   : [ERROR][FD     ] camxchinodefd.cpp:2119 ExecuteProcessRequest() Node[RealtimeDefault1_com.qti.node.fd8_cam0] ReqId[9] EPR-1, bindIOBuffers=0
01-24 13:12:28.464  1982  3869 E CHIFD   : [ERROR][FD     ] camxchinodefd.cpp:2301 ExecuteProcessRequest() Node[RealtimeDefault1_com.qti.node.fd8_cam0] ReqId[9] ChiFD node publishing FD results
01-24 13:12:28.465  1982  3869 E CHIFD   : [ERROR][FD     ] camxchinodefd.cpp:2388 ExecuteProcessRequest() Processing SW Detection ReqId[9] reqhandle 0 FD type: DLFD
01-24 13:12:28.465  1982 24216 E CHIFD   : [ERROR][FD     ] camxchinodefd.cpp:5265 ExecuteFDResultsProcessing() DL-FD Execution reqid 9
01-24 13:12:28.465  1982  3869 E CHIFD   : [ERROR][FD     ] camxchinodefd.cpp:7995 OnProcessRequest() Node[RealtimeDefault1_com.qti.node.fd8_cam0] ReqId[9] Request Scheduled (Pending frames 0)
01-24 13:12:28.465  1982 24216 E CamX    : [ERROR][FD     ] camxfdengine.cpp:824 FDEngineGetFDRunFlag() Get fd run flag input parameter!-CN_07626430 hFDEHandle 0xb400007566be4430K, pPerFrameInfo 0x7315d5ffb0K, pFDRunFlag 0x7315d18e34K, pRequiredFrameCyclePeriod 0x7315d18e30K
01-24 13:12:28.465  1982 24216 E CamX    : [ERROR][FD     ] camxfdengine.cpp:842 FDEngineGetFDRunFlag() FrameId=9: -CN_07626430 FDRunFlag=1, reqdFrameCyclePeriod=1
01-24 13:12:28.465  1982 24369 E ChiX    : [ERROR][MCXCore] chimcxmflpolicy.cpp:1539 OnUpdateRecommendedSettings() defaultZoomMasterIndex(1) CAMX:Settings.CurrentCameraId(1)
01-24 13:12:28.465  1982 24369 E ChiX    : [ERROR][MCXCore] chimcxmflpolicy.cpp:1668 OnUpdateRecommendedSettings() [SAT_DBG_FB] Unsupport FocusEnhancer - Failed to get adaptiveLensMode Vendor Tag.
01-24 13:12:28.466  1982 31971 E ChiX    : [ERROR][MCXCore] chimcxmflpolicy.cpp:6486 GetActiveCameraMaskBasedOnOEMMFLPolicy() VendorTag return Invalid recommenedMaster, recommendedMasterIndex(1) recommendedMasterIndexFromSATOutput(1) rMainCameraIndex(-1) recommendedMasterIdFromCamXSettings(0)
01-24 13:12:28.466  1982 31971 E ChiX    : [ERROR][MCXCore] chimcxmflpolicy.cpp:6503 GetActiveCameraMaskBasedOnOEMMFLPolicy() VendorTag return Invalid recommenedMaster2, recommendedMasterIndex(1) recommendedMasterIndexFromSATOutput(1) rMainCameraIndex(1) recommendedMasterIdFromCamXSettings(0)
01-24 13:12:28.466  1982  3866 E CHIFD   : [ERROR][FD     ] camxchinodefd.cpp:2134 ExecuteProcessRequest() Node[RealtimeDefault1_com.qti.node.fd8_cam0] ReqId[13] EPR-0, bindIOBuffers=0
01-24 13:12:28.469  1982 24216 E CamX    : [ERROR][FD     ] camxfdengine.cpp:763 FDEngineProcessResult() valid input parameter!-CN_07626430 hFDEHandle 0xb400007566be4430K, pPerFrameInfo 0x7315d5ffb0K, pMainResult 0x7315d34898K, pOutputResult 0x7315d281fcK, pHeadBodyResult 0x7315d1afe0K, pOutputResultStabilized 0x7315d1bb60K, pOutputHeadBodyResult 0x7315d1ac94K, pOutputHeadBodyResultStabilized 0x7315d1a948K, pPetResult 0x7315d19968K,pOutputPetResult 0x7315d19050K, pOutputPetResultStabilized 0x7315d194dcK
01-24 13:12:28.469  1982 24216 E CHIFD   : [ERROR][FD     ] camxchinodefd.cpp:9009 FDDLExecution() Node[RealtimeDefault1_com.qti.node.fd8_cam0] ReqId[9] Faces 0
01-24 13:12:28.469  1982 24216 E CHIFD   : [ERROR][FD     ] camxchinodefd.cpp:10518 ProcessRequestDone() Node[RealtimeDefault1_com.qti.node.fd8_cam0] ReqId[9] ProcessRequestDone
01-24 13:12:28.496  1982  3870 E CHIFD   : [ERROR][FD     ] camxchinodefd.cpp:2119 ExecuteProcessRequest() Node[RealtimeDefault1_com.qti.node.fd8_cam0] ReqId[10] EPR-1, bindIOBuffers=0
01-24 13:12:28.496  1982  3870 E CHIFD   : [ERROR][FD     ] camxchinodefd.cpp:2301 ExecuteProcessRequest() Node[RealtimeDefault1_com.qti.node.fd8_cam0] ReqId[10] ChiFD node publishing FD results
01-24 13:12:28.498  1982 24369 E ChiX    : [ERROR][MCXCore] chimcxmflpolicy.cpp:1539 OnUpdateRecommendedSettings() defaultZoomMasterIndex(1) CAMX:Settings.CurrentCameraId(1)
01-24 13:12:28.499  1982 24369 E ChiX    : [ERROR][MCXCore] chimcxmflpolicy.cpp:1668 OnUpdateRecommendedSettings() [SAT_DBG_FB] Unsupport FocusEnhancer - Failed to get adaptiveLensMode Vendor Tag.
01-24 13:12:28.500  1982  3866 E CHIFD   : [ERROR][FD     ] camxchinodefd.cpp:2134 ExecuteProcessRequest() Node[RealtimeDefault1_com.qti.node.fd8_cam0] ReqId[14] EPR-0, bindIOBuffers=0
01-24 13:12:28.500  1982  1982 E ChiX    : [ERROR][MCXCore] chimcxmflpolicy.cpp:6486 GetActiveCameraMaskBasedOnOEMMFLPolicy() VendorTag return Invalid recommenedMaster, recommendedMasterIndex(1) recommendedMasterIndexFromSATOutput(1) rMainCameraIndex(-1) recommendedMasterIdFromCamXSettings(0)
01-24 13:12:28.500  1982  1982 E ChiX    : [ERROR][MCXCore] chimcxmflpolicy.cpp:6503 GetActiveCameraMaskBasedOnOEMMFLPolicy() VendorTag return Invalid recommenedMaster2, recommendedMasterIndex(1) recommendedMasterIndexFromSATOutput(1) rMainCameraIndex(1) recommendedMasterIdFromCamXSettings(0)
01-24 13:12:28.531  1982  3871 E CHIFD   : [ERROR][FD     ] camxchinodefd.cpp:2119 ExecuteProcessRequest() Node[RealtimeDefault1_com.qti.node.fd8_cam0] ReqId[11] EPR-1, bindIOBuffers=0
01-24 13:12:28.531  1982  3871 E CHIFD   : [ERROR][FD     ] camxchinodefd.cpp:2301 ExecuteProcessRequest() Node[RealtimeDefault1_com.qti.node.fd8_cam0] ReqId[11] ChiFD node publishing FD results
01-24 13:12:28.531  1982  3871 E CHIFD   : [ERROR][FD     ] camxchinodefd.cpp:2388 ExecuteProcessRequest() Processing SW Detection ReqId[11] reqhandle 0 FD type: DLFD
01-24 13:12:28.531  1982  3871 E CHIFD   : [ERROR][FD     ] camxchinodefd.cpp:7995 OnProcessRequest() Node[RealtimeDefault1_com.qti.node.fd8_cam0] ReqId[11] Request Scheduled (Pending frames 0)
01-24 13:12:28.531  1982 24217 E CHIFD   : [ERROR][FD     ] camxchinodefd.cpp:5265 ExecuteFDResultsProcessing() DL-FD Execution reqid 11
01-24 13:12:28.531  1982 24217 E CamX    : [ERROR][FD     ] camxfdengine.cpp:824 FDEngineGetFDRunFlag() Get fd run flag input parameter!-CN_07626430 hFDEHandle 0xb400007566be4430K, pPerFrameInfo 0x7312a9cfb0K, pFDRunFlag 0x7312a55e34K, pRequiredFrameCyclePeriod 0x7312a55e30K
01-24 13:12:28.531  1982 24217 E CamX    : [ERROR][FD     ] camxfdengine.cpp:842 FDEngineGetFDRunFlag() FrameId=11: -CN_07626430 FDRunFlag=1, reqdFrameCyclePeriod=1
01-24 13:12:28.531  1982 24369 E ChiX    : [ERROR][MCXCore] chimcxmflpolicy.cpp:1539 OnUpdateRecommendedSettings() defaultZoomMasterIndex(1) CAMX:Settings.CurrentCameraId(1)
01-24 13:12:28.531  1982 24369 E ChiX    : [ERROR][MCXCore] chimcxmflpolicy.cpp:1668 OnUpdateRecommendedSettings() [SAT_DBG_FB] Unsupport FocusEnhancer - Failed to get adaptiveLensMode Vendor Tag.
01-24 13:12:28.532  1982  3870 E CHIFD   : [ERROR][FD     ] camxchinodefd.cpp:2134 ExecuteProcessRequest() Node[RealtimeDefault1_com.qti.node.fd8_cam0] ReqId[15] EPR-0, bindIOBuffers=0
01-24 13:12:28.533  1982  7586 E ChiX    : [ERROR][MCXCore] chimcxmflpolicy.cpp:6486 GetActiveCameraMaskBasedOnOEMMFLPolicy() VendorTag return Invalid recommenedMaster, recommendedMasterIndex(1) recommendedMasterIndexFromSATOutput(1) rMainCameraIndex(-1) recommendedMasterIdFromCamXSettings(0)
01-24 13:12:28.533  1982  7586 E ChiX    : [ERROR][MCXCore] chimcxmflpolicy.cpp:6503 GetActiveCameraMaskBasedOnOEMMFLPolicy() VendorTag return Invalid recommenedMaster2, recommendedMasterIndex(1) recommendedMasterIndexFromSATOutput(1) rMainCameraIndex(1) recommendedMasterIdFromCamXSettings(0)
01-24 13:12:28.535  1982 24217 E CamX    : [ERROR][FD     ] camxfdengine.cpp:763 FDEngineProcessResult() valid input parameter!-CN_07626430 hFDEHandle 0xb400007566be4430K, pPerFrameInfo 0x7312a9cfb0K, pMainResult 0x7312a71898K, pOutputResult 0x7312a651fcK, pHeadBodyResult 0x7312a57fe0K, pOutputResultStabilized 0x7312a58b60K, pOutputHeadBodyResult 0x7312a57c94K, pOutputHeadBodyResultStabilized 0x7312a57948K, pPetResult 0x7312a56968K,pOutputPetResult 0x7312a56050K, pOutputPetResultStabilized 0x7312a564dcK
01-24 13:12:28.535  1982 24217 E CHIFD   : [ERROR][FD     ] camxchinodefd.cpp:9009 FDDLExecution() Node[RealtimeDefault1_com.qti.node.fd8_cam0] ReqId[11] Faces 0
01-24 13:12:28.535  1982 24217 E CHIFD   : [ERROR][FD     ] camxchinodefd.cpp:10518 ProcessRequestDone() Node[RealtimeDefault1_com.qti.node.fd8_cam0] ReqId[11] ProcessRequestDone
01-24 13:12:28.563  1982  3866 E CHIFD   : [ERROR][FD     ] camxchinodefd.cpp:2119 ExecuteProcessRequest() Node[RealtimeDefault1_com.qti.node.fd8_cam0] ReqId[12] EPR-1, bindIOBuffers=0
01-24 13:12:28.563  1982  3866 E CHIFD   : [ERROR][FD     ] camxchinodefd.cpp:2301 ExecuteProcessRequest() Node[RealtimeDefault1_com.qti.node.fd8_cam0] ReqId[12] ChiFD node publishing FD results
01-24 13:12:28.563  1982 24369 E ChiX    : [ERROR][MCXCore] chimcxmflpolicy.cpp:1539 OnUpdateRecommendedSettings() defaultZoomMasterIndex(1) CAMX:Settings.CurrentCameraId(1)
01-24 13:12:28.563  1982 24369 E ChiX    : [ERROR][MCXCore] chimcxmflpolicy.cpp:1668 OnUpdateRecommendedSettings() [SAT_DBG_FB] Unsupport FocusEnhancer - Failed to get adaptiveLensMode Vendor Tag.
01-24 13:12:28.564  1982  7586 E ChiX    : [ERROR][MCXCore] chimcxmflpolicy.cpp:6486 GetActiveCameraMaskBasedOnOEMMFLPolicy() VendorTag return Invalid recommenedMaster, recommendedMasterIndex(1) recommendedMasterIndexFromSATOutput(1) rMainCameraIndex(-1) recommendedMasterIdFromCamXSettings(0)
01-24 13:12:28.564  1982  7586 E ChiX    : [ERROR][MCXCore] chimcxmflpolicy.cpp:6503 GetActiveCameraMaskBasedOnOEMMFLPolicy() VendorTag return Invalid recommenedMaster2, recommendedMasterIndex(1) recommendedMasterIndexFromSATOutput(1) rMainCameraIndex(1) recommendedMasterIdFromCamXSettings(0)
01-24 13:12:28.598  2462 24389 V NuPlayer: checkOffloadExceptions is true, call canOffloadStream
01-24 13:12:28.598  2462 24389 V NuPlayer: checkOffloadExceptions is true, call canOffloadStream
01-24 13:12:28.607  2462 24394 E mediaserver: Failed to query component interface for required system resources: 6
01-24 13:12:28.609 18671 18671 D DesktopIntegrationScreen: Settings refreshed - Background: false, Notification: false, Permission: false
01-24 13:12:28.609 18671 18671 D DesktopIntegrationScreen: Scanned QR content: '{"token":"7c42350f28244c6bbac2bbea8d4e8439","name":"Siva AI","platform":"macos","version":"1.0","syncGroupId":"sync_A5E74E36-02DD-4C84-A217-734CF048CDB8"}'
01-24 13:12:28.609 18671 18671 D DesktopIntegrationScreen: Parsed token data: PairingQrData(token=7c42350f28244c6bbac2bbea8d4e8439, name=Siva AI, platform=macos, syncGroupId=sync_A5E74E36-02DD-4C84-A217-734CF048CDB8)
01-24 13:12:28.609 18671 18671 D DesktopIntegrationScreen: Using new pending pairing format
01-24 13:12:28.609 18671 18671 D DesktopIntegrationScreen: Getting unified user ID...
01-24 13:12:28.609 18671 18671 D UnifiedIdentityManager: getUnifiedUserId() called
01-24 13:12:28.609 18671 18671 D UnifiedIdentityManager: Current user: IuRoCBMkk9cqOdykNSjUgyLVmuL2, isAnonymous: true
01-24 13:12:28.609 18671 18671 D UnifiedIdentityManager: Returning user ID: IuRoCBMkk9cqOdykNSjUgyLVmuL2
01-24 13:12:28.609 18671 18671 D DesktopIntegrationScreen: Authenticated as user: IuRoCBMkk9cqOdykNSjUgyLVmuL2
01-24 13:12:28.609 18671 18671 D DesktopIntegrationScreen: Calling completePairing with token: 7c42350f...
01-24 13:12:28.611 18671 19775 W FirebaseContextProvider: Error getting App Check token. Error: com.google.firebase.FirebaseException: No AppCheckProvider installed.
01-24 13:12:28.622  2016  2121 I AudioPolicyEffectException: MySpaceHandler::checkDetachCondition media 1, ring 0, mp 1
01-24 13:12:28.622  2016  2121 I AudioPolicyEffectException: MySpace detach short duration
01-24 13:12:28.622  2016  2121 I AudioPolicyEffectException: MySpace detach value 1
01-24 13:12:28.624  2016  3121 E DeviceHalAidl: Function: parseAndSetVendorParameters Line: 414 Failed 
01-24 13:12:28.625  2016  3121 E DeviceHalAidl: Function: parseAndSetVendorParameters Line: 414 Failed 
01-24 13:12:28.633  2425 18618 I CameraLatencyHistogram: Exceptional (00)      70    295
01-24 13:12:28.641  1926  2056 E minksocket: MinkIPC ERROR: ( 1926:2056 ) MinkIPC_preProcess:272 Client down, but cannot find corresponding minksession
01-24 13:12:28.641  1926  2070 E minksocket: MinkIPC ERROR: ( 1926:2070 ) MinkIPC_preProcess:272 Client down, but cannot find corresponding minksession
01-24 13:12:28.645  1982 24189 E ChiX    : [ERROR][F2Core ] chifeature2base.cpp:6668 AsyncDestroyCb() Start Session destroy feature Bayer2Yuv session Bayer2Yuv
01-24 13:12:28.646  1982 24189 E CamX    : [ERROR][CORE   ] camxpipeline.cpp:236 Destroy() ZSLSnapshotYUVHAL2_0: Updated m_referenceCount=1
01-24 13:12:28.646  1982 24189 E CamX    : [ERROR][CORE   ] camxpipeline.cpp:236 Destroy() ZSLSnapshotYUVHAL2_0: Updated m_referenceCount=0
01-24 13:12:28.646  1982  3873 E CamX    : [ERROR][CORE   ] camxpipeline.cpp:4971 NodeDestroy() Destroying node: ZSLSnapshotYUVHAL2_IPE3_cam3
01-24 13:12:28.646  1982  3875 E CamX    : [ERROR][CORE   ] camxpipeline.cpp:4971 NodeDestroy() Destroying node: ZSLSnapshotYUVHAL2_OFE4_cam3
01-24 13:12:28.647  1982 24176 E ChiX    : [ERROR][F2Core ] chifeature2base.cpp:6668 AsyncDestroyCb() Start Session destroy feature Bayer2Yuv session Bayer2Yuv
01-24 13:12:28.647  1982 24176 E CamX    : [ERROR][CORE   ] camxpipeline.cpp:236 Destroy() ZSLSnapshotYUVHAL0_0: Updated m_referenceCount=1
01-24 13:12:28.648  1982 24184 E ChiX    : [ERROR][F2Core ] chifeature2base.cpp:6668 AsyncDestroyCb() Start Session destroy feature Bayer2Yuv session Bayer2Yuv
01-24 13:12:28.648  1982 24184 E CamX    : [ERROR][CORE   ] camxpipeline.cpp:236 Destroy() ZSLSnapshotYUVHAL1_0: Updated m_referenceCount=1
01-24 13:12:28.648  1982 24176 E CamX    : [ERROR][CORE   ] camxpipeline.cpp:236 Destroy() ZSLSnapshotYUVHAL0_0: Updated m_referenceCount=0
01-24 13:12:28.651  1982 24189 E ChiX    : [ERROR][F2Core ] chifeature2base.cpp:6668 AsyncDestroyCb() Start Session destroy feature Bayer2Yuv session Bayer2Yuv
01-24 13:12:28.651  1982 24189 E CamX    : [ERROR][CORE   ] camxpipeline.cpp:236 Destroy() ZSLSnapshotYUVHAL3_0: Updated m_referenceCount=1
01-24 13:12:28.651  1982 24184 E CamX    : [ERROR][CORE   ] camxpipeline.cpp:236 Destroy() ZSLSnapshotYUVHAL1_0: Updated m_referenceCount=0
01-24 13:12:28.652  1982 24189 E CamX    : [ERROR][CORE   ] camxpipeline.cpp:236 Destroy() ZSLSnapshotYUVHAL3_0: Updated m_referenceCount=0
01-24 13:12:28.652  1982  3877 E CamX    : [ERROR][CORE   ] camxpipeline.cpp:4971 NodeDestroy() Destroying node: ZSLSnapshotYUVHAL1_IPE3_cam0
01-24 13:12:28.652  1982  3872 E CamX    : [ERROR][CORE   ] camxpipeline.cpp:4971 NodeDestroy() Destroying node: ZSLSnapshotYUVHAL1_OFE4_cam0
01-24 13:12:28.653  1982  3876 E CamX    : [ERROR][CORE   ] camxpipeline.cpp:4971 NodeDestroy() Destroying node: ZSLSnapshotYUVHAL0_IPE3_cam2
01-24 13:12:28.654  1982  3880 E CamX    : [ERROR][CORE   ] camxpipeline.cpp:4971 NodeDestroy() Destroying node: ZSLSnapshotYUVHAL3_IPE3_cam4
01-24 13:12:28.654  1982  3879 E CamX    : [ERROR][CORE   ] camxpipeline.cpp:4971 NodeDestroy() Destroying node: ZSLSnapshotYUVHAL3_OFE4_cam4
01-24 13:12:28.655  1982  3872 E CamX    : [ERROR][CORE   ] camxpipeline.cpp:4971 NodeDestroy() Destroying node: ZSLSnapshotYUVHAL0_OFE4_cam2
01-24 13:12:28.655  1982 24184 E ChiX    : [ERROR][F2Core ] chifeature2base.cpp:6668 AsyncDestroyCb() Start Session destroy feature MMF_PLUS session MFSR
01-24 13:12:28.655  1982 24186 E ChiX    : [ERROR][F2Core ] chifeature2base.cpp:6668 AsyncDestroyCb() Start Session destroy feature MultiCameraReprocessRealtime session MCReprocRT
01-24 13:12:28.655  1982 24184 E CamX    : [ERROR][CORE   ] camxpipeline.cpp:236 Destroy() MfsrPrefilter0_0: Updated m_referenceCount=1
01-24 13:12:28.656  1982 24184 E CamX    : [ERROR][CORE   ] camxpipeline.cpp:236 Destroy() MfsrBlend0_1: Updated m_referenceCount=1
01-24 13:12:28.656  1982 24184 E CamX    : [ERROR][CORE   ] camxpipeline.cpp:236 Destroy() MfsrEqualization0_2: Updated m_referenceCount=1
01-24 13:12:28.656  1982 24184 E CamX    : [ERROR][CORE   ] camxpipeline.cpp:236 Destroy() MfsrPostFilter0_3: Updated m_referenceCount=1
01-24 13:12:28.656  1982 24184 E CamX    : [ERROR][CORE   ] camxpipeline.cpp:236 Destroy() MfsrML0_4: Updated m_referenceCount=1
01-24 13:12:28.656  1982 24186 E CamX    : [ERROR][CORE   ] camxpipeline.cpp:236 Destroy() SATOfflineReprocess0_0: Updated m_referenceCount=1
01-24 13:12:28.656  1982 24174 E ChiX    : [ERROR][F2Core ] chifeature2base.cpp:6668 AsyncDestroyCb() Start Session destroy feature RealTimeMCX session RealTime MCX Session
01-24 13:12:28.656  1982 24184 E CamX    : [ERROR][CORE   ] camxpipeline.cpp:236 Destroy() MfsrPrefilter0_0: Updated m_referenceCount=0
01-24 13:12:28.656  1982 24174 E CamX    : [ERROR][CORE   ] camxpipeline.cpp:236 Destroy() RealtimeDefault0_0: Updated m_referenceCount=1
01-24 13:12:28.656  1982 24174 E CamX    : [ERROR][CORE   ] camxpipeline.cpp:236 Destroy() RealtimeDefault1_1: Updated m_referenceCount=1
01-24 13:12:28.656  1982 24174 E CamX    : [ERROR][CORE   ] camxpipeline.cpp:236 Destroy() RealtimeDefault2_2: Updated m_referenceCount=1
01-24 13:12:28.656  1982 24174 E CamX    : [ERROR][CORE   ] camxpipeline.cpp:236 Destroy() RealtimeDefault3_3: Updated m_referenceCount=1
01-24 13:12:28.656  1982 24186 E ChiX    : [ERROR][F2Core ] chifeature2base.cpp:6688 AsyncDestroyCb() Start Pipeline destroy, feature MultiCameraReprocessRealtime pipeline SATOfflineReprocess
01-24 13:12:28.657  1982 24172 E ChiX    : [ERROR][F2Core ] chifeature2base.cpp:6668 AsyncDestroyCb() Start Session destroy feature MMF_PLUS session MFSR
01-24 13:12:28.657  1982 24172 E CamX    : [ERROR][CORE   ] camxpipeline.cpp:236 Destroy() MfsrPrefilter1_0: Updated m_referenceCount=1
01-24 13:12:28.657  1982 24172 E CamX    : [ERROR][CORE   ] camxpipeline.cpp:236 Destroy() MfsrBlend1_1: Updated m_referenceCount=1
01-24 13:12:28.657  1982 24172 E CamX    : [ERROR][CORE   ] camxpipeline.cpp:236 Destroy() MfsrEqualization1_2: Updated m_referenceCount=1
01-24 13:12:28.657  1982 24172 E CamX    : [ERROR][CORE   ] camxpipeline.cpp:236 Destroy() MfsrPostFilter1_3: Updated m_referenceCount=1
01-24 13:12:28.657  1982 24172 E CamX    : [ERROR][CORE   ] camxpipeline.cpp:236 Destroy() MfsrML1_4: Updated m_referenceCount=1
01-24 13:12:28.657  1982 24174 E ChiX    : [ERROR][F2Core ] chifeature2base.cpp:6688 AsyncDestroyCb() Start Pipeline destroy, feature RealTimeMCX pipeline RealtimeDefault
01-24 13:12:28.657  1982 24189 E ChiX    : [ERROR][F2Core ] chifeature2base.cpp:6688 AsyncDestroyCb() Start Pipeline destroy, feature RealTimeMCX pipeline RealtimeDefault
01-24 13:12:28.657  1982 24174 E CamX    : [ERROR][CORE   ] camxpipeline.cpp:236 Destroy() RealtimeDefault3_3: Updated m_referenceCount=0
01-24 13:12:28.657  1982 24189 E CamX    : [ERROR][CORE   ] camxpipeline.cpp:236 Destroy() RealtimeDefault1_1: Updated m_referenceCount=0
01-24 13:12:28.657  1982 24186 E CamX    : [ERROR][CORE   ] camxpipeline.cpp:236 Destroy() SATOfflineReprocess0_0: Updated m_referenceCount=0
01-24 13:12:28.657  1982 24182 E ChiX    : [ERROR][F2Core ] chifeature2base.cpp:6688 AsyncDestroyCb() Start Pipeline destroy, feature RealTimeMCX pipeline RealtimeDefault
01-24 13:12:28.657  1982 24182 E CamX    : [ERROR][CORE   ] camxpipeline.cpp:236 Destroy() RealtimeDefault0_0: Updated m_referenceCount=0
01-24 13:12:28.657  1982 24187 E ChiX    : [ERROR][F2Core ] chifeature2base.cpp:6688 AsyncDestroyCb() Start Pipeline destroy, feature RealTimeMCX pipeline RealtimeDefault
01-24 13:12:28.657  1982 24187 E CamX    : [ERROR][CORE   ] camxpipeline.cpp:236 Destroy() RealtimeDefault2_2: Updated m_referenceCount=0
01-24 13:12:28.657  1982  3873 E CamX    : [ERROR][CORE   ] camxpipeline.cpp:4971 NodeDestroy() Destroying node: MfsrPrefilter0_com.qti.node.mmfalign30_cam2
01-24 13:12:28.657  1982  3874 E CamX    : [ERROR][CORE   ] camxpipeline.cpp:4971 NodeDestroy() Destroying node: MfsrPrefilter0_IPE0_cam2
01-24 13:12:28.657  1982  3879 E CamX    : [ERROR][CORE   ] camxpipeline.cpp:4971 NodeDestroy() Destroying node: MfsrPrefilter0_OFE4_cam2
01-24 13:12:28.658  1982  3875 E CamX    : [ERROR][CORE   ] camxpipeline.cpp:4971 NodeDestroy() Destroying node: RealtimeDefault3_Sensor0_cam4
01-24 13:12:28.658  1982 24172 E CamX    : [ERROR][CORE   ] camxpipeline.cpp:236 Destroy() MfsrPrefilter1_0: Updated m_referenceCount=0
01-24 13:12:28.658  1982  3875 E CamX    : [ERROR][SENSOR ] camxsensorcache.cpp:261 ReleaseOneSubDevice() Device[4][Actuator] refCount:5 hDev:0x700104 hCSLCached:0xab0200 isAcquired:1 pipelineRefCount:1
01-24 13:12:28.658  1982  3875 E CamX    : [ERROR][SENSOR ] camxsensorcache.cpp:269 ReleaseOneSubDevice() [SUBDEV_DBG]Camera[4] IsAcquired[1] PipelineRefcount[1] hDevice[0x700104]
01-24 13:12:28.658  1982  3875 E CamX    : [ERROR][CSL    ] camxcslhw.cpp:1474 CSLReleaseDeviceHW() [SUBDEV_DBG] hCSL[0xab0200] hDevice[0x700104] hSession[0xab0200]
01-24 13:12:28.658  1982  3875 E CamX    : [ERROR][CSL    ] camxcslhw.cpp:1501 CSLReleaseDeviceHW() [SUBDEV_DBG] hDevice[0x700104] hAcquired[0x700104] hSession[0xab0200]                                     devName[] deviceIdx[24] deviceType[2] refCount[0] isStreamActive[0] session_name[FastAECRealtime]
01-24 13:12:28.658  1982  3873 E CamX    : [ERROR][CORE   ] camxpipeline.cpp:4971 NodeDestroy() Destroying node: RealtimeDefault3_Stats0_cam4
01-24 13:12:28.658  1982  3878 E CamX    : [ERROR][CORE   ] camxpipeline.cpp:4971 NodeDestroy() Destroying node: RealtimeDefault3_AWB0_cam4
01-24 13:12:28.658  1982  3878 E CamX    : [ERROR][CORE   ] camxpipeline.cpp:4971 NodeDestroy() Destroying node: RealtimeDefault3_Tracker0_cam4
01-24 13:12:28.658  1982  3880 E CamX    : [ERROR][CORE   ] camxpipeline.cpp:4971 NodeDestroy() Destroying node: RealtimeDefault3_SALINet0_cam4
01-24 13:12:28.658  1982  3876 E CamX    : [ERROR][CORE   ] camxpipeline.cpp:4971 NodeDestroy() Destroying node: RealtimeDefault3_com.qti.node.evawarp10_cam4
01-24 13:12:28.658  1982  3877 E CamX    : [ERROR][CORE   ] camxpipeline.cpp:4971 NodeDestroy() Destroying node: RealtimeDefault3_com.qti.node.fd8_cam4
01-24 13:12:28.658  1982  3876 E CamX    : [ERROR][CORE   ] camxpipeline.cpp:4971 NodeDestroy() Destroying node: RealtimeDefault3_AutoFocus0_cam4
01-24 13:12:28.658  1982  3878 E CamX    : [ERROR][CORE   ] camxpipeline.cpp:4971 NodeDestroy() Destroying node: RealtimeDefault3_MCTFE0_cam4
01-24 13:12:28.658  1982  3880 E CamX    : [ERROR][CORE   ] camxpipeline.cpp:4971 NodeDestroy() Destroying node: RealtimeDefault3_StatsParse0_cam4
01-24 13:12:28.658  1982  3880 E CamX    : [ERROR][CORE   ] camxpipeline.cpp:4971 NodeDestroy() Destroying node: RealtimeDefault3_StatsParse1_cam4
01-24 13:12:28.658  1982  3876 E CamX    : [ERROR][STATS_AF] pdlib_adaptive_k.cpp:1941 Save() Failed to open the adaptive k data file
01-24 13:12:28.659  1982  3880 E CamX    : [ERROR][CORE   ] camxpipeline.cpp:4971 NodeDestroy() Destroying node: MfsrPrefilter1_com.qti.node.mmfalign30_cam0
01-24 13:12:28.659  1982  3876 E CamX    : [ERROR][CORE   ] camxpipeline.cpp:4971 NodeDestroy() Destroying node: MfsrPrefilter1_IPE0_cam0
01-24 13:12:28.659  1982  3874 E CamX    : [ERROR][CORE   ] camxpipeline.cpp:4971 NodeDestroy() Destroying node: MfsrPrefilter1_OFE4_cam0
01-24 13:12:28.659  1982  3880 E CamX    : [ERROR][CORE   ] camxpipeline.cpp:4971 NodeDestroy() Destroying node: RealtimeDefault0_Sensor0_cam2
01-24 13:12:28.659  1982  3880 E CamX    : [ERROR][SENSOR ] camxsensorcache.cpp:261 ReleaseOneSubDevice() Device[2][Actuator] refCount:4 hDev:0x45011c hCSLCached:0xab0200 isAcquired:1 pipelineRefCount:1
01-24 13:12:28.659  1982  3880 E CamX    : [ERROR][SENSOR ] camxsensorcache.cpp:269 ReleaseOneSubDevice() [SUBDEV_DBG]Camera[2] IsAcquired[1] PipelineRefcount[1] hDevice[0x45011c]
01-24 13:12:28.659  1982  3880 E CamX    : [ERROR][CSL    ] camxcslhw.cpp:1474 CSLReleaseDeviceHW() [SUBDEV_DBG] hCSL[0xab0200] hDevice[0x45011c] hSession[0xab0200]
01-24 13:12:28.659  1982  3876 E CamX    : [ERROR][CORE   ] camxpipeline.cpp:4971 NodeDestroy() Destroying node: RealtimeDefault0_Stats0_cam2
