01-27 08:57:31.555 15546 15562 I CameraManagerGlobal: Camera 0 facing CAMERA_FACING_BACK state now CAMERA_STATE_CLOSED for client com.phoneintegration.app API Level 1 User Id 0Device Id 0
01-27 08:57:31.555 15546 15562 I CameraManagerGlobal: Camera 1 facing CAMERA_FACING_FRONT state now CAMERA_STATE_CLOSED for client com.samsung.android.smartface API Level 2 User Id 0Device Id 0
01-27 08:57:31.555 15546 15562 I CameraManagerGlobal: Camera 2 facing CAMERA_FACING_BACK state now CAMERA_STATE_CLOSED for client android.system API Level 2 User Id 0Device Id 0
01-27 08:57:31.555 15546 15562 I CameraManagerGlobal: Camera 20 facing CAMERA_FACING_BACK state now CAMERA_STATE_CLOSED for client com.sec.android.app.camera API Level 2 User Id 0Device Id 0
01-27 08:57:31.555 15546 15562 I CameraManagerGlobal: Camera 21 facing CAMERA_FACING_BACK state now CAMERA_STATE_CLOSED for client android.system API Level 2 User Id 0Device Id 0
01-27 08:57:31.555 15546 15562 I CameraManagerGlobal: Camera 23 facing CAMERA_FACING_BACK state now CAMERA_STATE_CLOSED for client android.system API Level 2 User Id 0Device Id 0
01-27 08:57:31.555 15546 15562 I CameraManagerGlobal: Camera 24 facing CAMERA_FACING_BACK state now CAMERA_STATE_CLOSED for client android.system API Level 2 User Id 0Device Id 0
01-27 08:57:31.555 15546 15562 I CameraManagerGlobal: Camera 3 facing CAMERA_FACING_FRONT state now CAMERA_STATE_CLOSED for client com.samsung.android.sead API Level 2 User Id 0Device Id 0
01-27 08:57:31.555 15546 15562 I CameraManagerGlobal: Camera 4 facing CAMERA_FACING_FRONT state now CAMERA_STATE_CLOSED for client client.pid<1957> API Level 2 User Id 0Device Id 0
01-27 08:57:31.555 15546 15562 I CameraManagerGlobal: Camera 52 facing CAMERA_FACING_BACK state now CAMERA_STATE_CLOSED for client android.system API Level 2 User Id 0Device Id 0
01-27 08:57:31.555 15546 15562 I CameraManagerGlobal: Camera 54 facing CAMERA_FACING_BACK state now CAMERA_STATE_CLOSED for client android.system API Level 2 User Id 0Device Id 0
01-27 08:57:31.555 15546 15562 I CameraManagerGlobal: Camera 56 facing CAMERA_FACING_BACK state now CAMERA_STATE_CLOSED for client android.system API Level 2 User Id 0Device Id 0
01-27 08:57:31.556 15546 15562 I CameraManagerGlobal: Camera 58 facing CAMERA_FACING_BACK state now CAMERA_STATE_CLOSED for client android.system API Level 2 User Id 0Device Id 0
01-27 08:57:31.556 15546 15562 I CameraManagerGlobal: Camera 90 facing CAMERA_FACING_FRONT state now CAMERA_STATE_CLOSED for client android.system API Level 2 User Id 0Device Id 0
01-27 08:57:31.557 15546 15546 I AdrenoGLES-0: QUALCOMM build                   : cf24501b86, Ic06689e359
01-27 08:57:31.557 15546 15546 I AdrenoGLES-0: Build Date                       : 12/18/25
01-27 08:57:31.557 15546 15546 I AdrenoGLES-0: OpenGL ES Shader Compiler Version: E031.47.18.44
01-27 08:57:31.557 15546 15546 I AdrenoGLES-0: Local Branch                     : 
01-27 08:57:31.557 15546 15546 I AdrenoGLES-0: Remote Branch                    : refs/tags/AU_LINUX_ANDROID_LA.VENDOR.15.4.0.11.00.00.1088.837
01-27 08:57:31.557 15546 15546 I AdrenoGLES-0: Remote Branch                    : NONE
01-27 08:57:31.557 15546 15546 I AdrenoGLES-0: Reconstruct Branch               : NOTHING
01-27 08:57:31.557 15546 15546 I AdrenoGLES-0: Build Config                     : S P 18.0.0 AArch64
01-27 08:57:31.557 15546 15546 I AdrenoGLES-0: Driver Path                      : /vendor/lib64/egl/libGLESv2_adreno.so
01-27 08:57:31.557 15546 15546 I AdrenoGLES-0: Driver Version                   : 0800.64.2
01-27 08:57:31.557 15546 15546 I AdrenoGLES-0: Process Name                     : com.phoneintegration.app
01-27 08:57:31.560 15546 15546 I AdrenoGLES-0: PFP: 0x01500077, ME: 0x01500014
01-27 08:57:31.561 15546 15546 E Adreno-AppProfiles: QSPM AIDL service doesn't exist
01-27 08:57:31.562 15546 15546 I AdrenoUtils: <ReadGpuID:366>: Reading chip ID through GSL
01-27 08:57:31.563 15546 15546 I org.webrtc.Logging: EglBase14Impl: Using OpenGL ES version 2
01-27 08:57:31.564 15546 15546 I org.webrtc.Logging: NativeLibrary: Loading native library: jingle_peerconnection_so
01-27 08:57:31.564 15546 15546 I org.webrtc.Logging: NativeLibrary: Loading library: jingle_peerconnection_so
01-27 08:57:31.567 15546 15546 D nativeloader: Load /data/app/~~I75CHzQGPhObk-4nslwPRQ==/com.phoneintegration.app-x2agUaeyNH7ytfAdgas4lQ==/base.apk!/lib/arm64-v8a/libjingle_peerconnection_so.so using class loader ns clns-9 (caller=/data/app/~~I75CHzQGPhObk-4nslwPRQ==/com.phoneintegration.app-x2agUaeyNH7ytfAdgas4lQ==/base.apk!classes21.dex): ok
01-27 08:57:31.568 15546 15664 W FirebaseContextProvider: Error getting App Check token. Error: com.google.firebase.FirebaseException: No AppCheckProvider installed.
01-27 08:57:31.569 15546 15546 I org.webrtc.Logging: PeerConnectionFactory: PeerConnectionFactory was initialized without an injected Loggable. Any existing Loggable will be deleted.
01-27 08:57:31.570 15546 15546 D CompatChangeReporter: Compat change id reported: 263076149; UID 10816; state: ENABLED
01-27 08:57:31.571 15546 15546 D AudioSystem: onNewServiceWithAdapter: media.audio_flinger service obtained 0xb400007abf6275a0
01-27 08:57:31.571 15546 15546 D AudioSystem: getService: IAudioFlingerService retrieved: 0xb40000798f669330  IAudioFlinger cached: 0xb400007abf6275a0
01-27 08:57:31.573 15546 15546 I org.webrtc.Logging: WebRtcAudioManagerExternal: Sample rate is set to 48000 Hz
01-27 08:57:31.573 15546 15546 I org.webrtc.Logging: WebRtcAudioManagerExternal: Sample rate is set to 48000 Hz
01-27 08:57:31.573 15546 15546 I org.webrtc.Logging: JavaAudioDeviceModule: createAudioDeviceModule
01-27 08:57:31.573 15546 15546 I org.webrtc.Logging: JavaAudioDeviceModule: HW NS will be used.
01-27 08:57:31.574 15546 15546 I org.webrtc.Logging: JavaAudioDeviceModule: HW AEC will be used.
01-27 08:57:31.574 15546 15546 I org.webrtc.Logging: WebRtcAudioEffectsExternal: ctor@[name=main, id=2]
01-27 08:57:31.574 15546 15546 I org.webrtc.Logging: WebRtcAudioRecordExternal: ctor@[name=main, id=2]
01-27 08:57:31.574 15546 15546 I org.webrtc.Logging: WebRtcAudioTrackExternal: ctor@[name=main, id=2]
01-27 08:57:31.579 15546 15546 W AudioCapabilities: Unsupported mediaType audio/x-ape
01-27 08:57:31.579 15546 15546 W AudioCapabilities: Unsupported mediaType audio/evrc
01-27 08:57:31.579 15546 15546 W AudioCapabilities: Unsupported mediaType audio/evrc
01-27 08:57:31.580 15546 15546 W AudioCapabilities: Unsupported mediaType audio/x-ima
01-27 08:57:31.580 15546 15546 W AudioCapabilities: Unsupported mediaType audio/mpeg-L1
01-27 08:57:31.580 15546 15546 W AudioCapabilities: Unsupported mediaType audio/mpeg-L2
01-27 08:57:31.580 15546 15546 W AudioCapabilities: Unsupported mediaType audio/qcelp
01-27 08:57:31.580 15546 15546 W AudioCapabilities: Unsupported mediaType audio/qcelp
01-27 08:57:31.580 15546 15546 W VideoCapabilities: Unsupported mime video/wvc1
01-27 08:57:31.580 15546 15546 W VideoCapabilities: Unsupported mime video/x-ms-wmv
01-27 08:57:31.584 15546 15546 W VideoCapabilities: Unsupported mime video/x-mvhevc
01-27 08:57:31.584 15546 15546 W VideoCapabilities: Unsupported mime image/vnd.android.heic
01-27 08:57:31.585 15546 15546 W VideoCapabilities: Unrecognized profile/level 32768/256 for video/mp4v-es
01-27 08:57:31.587 15546 15546 W AudioCapabilities: Unsupported mediaType audio/x-ape
01-27 08:57:31.587 15546 15546 W AudioCapabilities: Unsupported mediaType audio/evrc
01-27 08:57:31.587 15546 15546 W AudioCapabilities: Unsupported mediaType audio/evrc
01-27 08:57:31.587 15546 15546 W AudioCapabilities: Unsupported mediaType audio/x-ima
01-27 08:57:31.587 15546 15546 W AudioCapabilities: Unsupported mediaType audio/mpeg-L1
01-27 08:57:31.587 15546 15546 W AudioCapabilities: Unsupported mediaType audio/mpeg-L2
01-27 08:57:31.587 15546 15546 W AudioCapabilities: Unsupported mediaType audio/qcelp
01-27 08:57:31.587 15546 15546 W AudioCapabilities: Unsupported mediaType audio/qcelp
01-27 08:57:31.587 15546 15546 W VideoCapabilities: Unsupported mime video/wvc1
01-27 08:57:31.587 15546 15546 W VideoCapabilities: Unsupported mime video/x-ms-wmv
01-27 08:57:31.591 15546 15546 W VideoCapabilities: Unsupported mime video/x-mvhevc
01-27 08:57:31.591 15546 15546 W VideoCapabilities: Unsupported mime image/vnd.android.heic
01-27 08:57:31.591 15546 15546 W VideoCapabilities: Unrecognized profile/level 32768/256 for video/mp4v-es
01-27 08:57:31.595 15546 15546 W AudioCapabilities: Unsupported mime audio/x-ape
01-27 08:57:31.595 15546 15546 W AudioCapabilities: Unsupported mime audio/evrc
01-27 08:57:31.595 15546 15546 W AudioCapabilities: Unsupported mime audio/evrc
01-27 08:57:31.596 15546 15546 W AudioCapabilities: Unsupported mime audio/x-ima
01-27 08:57:31.596 15546 15546 W AudioCapabilities: Unsupported mime audio/mpeg-L1
01-27 08:57:31.596 15546 15546 W AudioCapabilities: Unsupported mime audio/mpeg-L2
01-27 08:57:31.596 15546 15546 W AudioCapabilities: Unsupported mime audio/qcelp
01-27 08:57:31.596 15546 15546 W AudioCapabilities: Unsupported mime audio/qcelp
01-27 08:57:31.596 15546 15546 W VideoCapabilities: Unsupported mime video/wvc1
01-27 08:57:31.596 15546 15546 W VideoCapabilities: Unsupported mime video/x-ms-wmv
01-27 08:57:31.601 15546 15546 W VideoCapabilities: Unsupported mime video/x-mvhevc
01-27 08:57:31.601 15546 15546 W VideoCapabilities: Unsupported mime image/vnd.android.heic
01-27 08:57:31.601 15546 15546 W VideoCapabilities: Unrecognized profile/level 32768/256 for video/mp4v-es
01-27 08:57:31.603 15546 15546 W VideoCapabilities: Unsupported mime video/wvc1
01-27 08:57:31.607 15546 15546 W VideoCapabilities: Unsupported mime image/vnd.android.heic
01-27 08:57:31.613 15546 15774 I org.webrtc.Logging: WebRtcAudioRecordExternal: enableBuiltInAEC(true)
01-27 08:57:31.613 15546 15774 I org.webrtc.Logging: WebRtcAudioEffectsExternal: setAEC(true)
01-27 08:57:31.613 15546 15774 I org.webrtc.Logging: WebRtcAudioRecordExternal: enableBuiltInNS(true)
01-27 08:57:31.613 15546 15774 I org.webrtc.Logging: WebRtcAudioEffectsExternal: setNS(true)
01-27 08:57:31.613 15546 15546 D SyncFlowCallManager: WebRTC initialized successfully
01-27 08:57:31.614 15546 15774 I org.webrtc.Logging: PeerConnectionFactory: onWorkerThreadReady
01-27 08:57:31.614 15546 15773 I org.webrtc.Logging: PeerConnectionFactory: onNetworkThreadReady
01-27 08:57:31.614 15546 15775 I org.webrtc.Logging: PeerConnectionFactory: onSignalingThreadReady
01-27 08:57:31.615 15546 15546 D SyncFlowCallService: Starting to listen for incoming SyncFlow calls
01-27 08:57:31.615 15546 15546 D SyncFlowCallService: Starting to listen for incoming user-to-user calls for userId: Z1Tc1FBFVPXH1bsC68Ut3IDRCFq1
01-27 08:57:31.616 15546 15546 D SyncFlowCallService: Service started (on-demand via FCM), listening for incoming calls
01-27 08:57:31.616 15546 15594 D HWUI    : HWUI - treat SMPTE_170M as sRGB
01-27 08:57:31.616 15546 15596 D SmsViewModel: INSTANT: UI updated with cached data
01-27 08:57:31.616 15546 15546 I IDS_TAG : Closing IDS observe window
01-27 08:57:31.616 15546 15546 I IDS_TAG : Getting Shared Preference for com.phoneintegration.app.SyncFlowApp@c2f0dc8 uid = 10816
01-27 08:57:31.616 15546 15546 I IDS_TAG : IDS count updated to 9 for com.phoneintegration.app.SyncFlowApp@c2f0dc8
01-27 08:57:31.616 15546 15546 I Choreographer: Skipped 35 frames!  The application may be doing too much work on its main thread.
01-27 08:57:31.631 15546 15553 I integration.app: Compiler allocated 5203KB to compile void android.view.ViewRootImpl.performTraversals()
01-27 08:57:31.656 15546 15655 W FirebaseContextProvider: Error getting App Check token. Error: com.google.firebase.FirebaseException: No AppCheckProvider installed.
01-27 08:57:31.674 15546 15546 D PreferencesManager: Initialized with background_sync_enabled: false, notification_mirror_enabled: false
01-27 08:57:31.674 15546 15546 D PreferencesManager: No auto-backup found
01-27 08:57:31.678 15546 15546 E E2EEManager: Error loading E2EE keys
01-27 08:57:31.678 15546 15546 E E2EEManager: javax.crypto.AEADBadTagException
01-27 08:57:31.678 15546 15546 E E2EEManager: 	at android.security.keystore2.AndroidKeyStoreCipherSpiBase.engineDoFinal(AndroidKeyStoreCipherSpiBase.java:638)
01-27 08:57:31.678 15546 15546 E E2EEManager: 	at javax.crypto.Cipher.doFinal(Cipher.java:2074)
01-27 08:57:31.678 15546 15546 E E2EEManager: 	at com.phoneintegration.app.e2ee.SignalProtocolManager.decryptWithKeystore(SignalProtocolManager.kt:147)
01-27 08:57:31.678 15546 15546 E E2EEManager: 	at com.phoneintegration.app.e2ee.SignalProtocolManager.loadExistingKeys(SignalProtocolManager.kt:211)
01-27 08:57:31.678 15546 15546 E E2EEManager: 	at com.phoneintegration.app.e2ee.SignalProtocolManager.initializeKeys(SignalProtocolManager.kt:154)
01-27 08:57:31.678 15546 15546 E E2EEManager: 	at com.phoneintegration.app.desktop.DesktopSyncService.<init>(DesktopSyncService.kt:141)
01-27 08:57:31.678 15546 15546 E E2EEManager: 	at com.phoneintegration.app.data.GroupRepository.<init>(GroupRepository.kt:16)
01-27 08:57:31.678 15546 15546 E E2EEManager: 	at com.phoneintegration.app.ui.navigation.MainNavigationKt.MainNavigation(MainNavigation.kt:56)
01-27 08:57:31.678 15546 15546 E E2EEManager: 	at com.phoneintegration.app.MainActivity.onCreate$lambda$71$lambda$70$lambda$69(MainActivity.kt:751)
01-27 08:57:31.678 15546 15546 E E2EEManager: 	at com.phoneintegration.app.MainActivity$$ExternalSyntheticLambda11.invoke(D8$$SyntheticClass:0)
01-27 08:57:31.678 15546 15546 E E2EEManager: 	at androidx.compose.runtime.internal.ComposableLambdaImpl.invoke(ComposableLambda.jvm.kt:109)
01-27 08:57:31.678 15546 15546 E E2EEManager: 	at androidx.compose.runtime.internal.ComposableLambdaImpl.invoke(ComposableLambda.jvm.kt:35)
01-27 08:57:31.678 15546 15546 E E2EEManager: 	at androidx.compose.material3.SurfaceKt$Surface$1.invoke(Surface.kt:126)
01-27 08:57:31.678 15546 15546 E E2EEManager: 	at androidx.compose.material3.SurfaceKt$Surface$1.invoke(Surface.kt:108)
01-27 08:57:31.678 15546 15546 E E2EEManager: 	at androidx.compose.runtime.internal.ComposableLambdaImpl.invoke(ComposableLambda.jvm.kt:109)
01-27 08:57:31.678 15546 15546 E E2EEManager: 	at androidx.compose.runtime.internal.ComposableLambdaImpl.invoke(ComposableLambda.jvm.kt:35)
01-27 08:57:31.678 15546 15546 E E2EEManager: 	at androidx.compose.runtime.CompositionLocalKt.CompositionLocalProvider(CompositionLocal.kt:380)
01-27 08:57:31.678 15546 15546 E E2EEManager: 	at androidx.compose.material3.SurfaceKt.Surface-T9BRK9s(Surface.kt:105)
01-27 08:57:31.678 15546 15546 E E2EEManager: 	at com.phoneintegration.app.MainActivity.onCreate$lambda$71$lambda$70(MainActivity.kt:747)
01-27 08:57:31.678 15546 15546 E E2EEManager: 	at com.phoneintegration.app.MainActivity$$ExternalSyntheticLambda10.invoke(D8$$SyntheticClass:0)
01-27 08:57:31.678 15546 15546 E E2EEManager: 	at androidx.compose.runtime.internal.ComposableLambdaImpl.invoke(ComposableLambda.jvm.kt:109)
01-27 08:57:31.678 15546 15546 E E2EEManager: 	at androidx.compose.runtime.internal.ComposableLambdaImpl.invoke(ComposableLambda.jvm.kt:35)
01-27 08:57:31.678 15546 15546 E E2EEManager: 	at androidx.compose.runtime.CompositionLocalKt.CompositionLocalProvider(CompositionLocal.kt:401)
01-27 08:57:31.678 15546 15546 E E2EEManager: 	at androidx.compose.material3.TextKt.ProvideTextStyle(Text.kt:349)
01-27 08:57:31.678 15546 15546 E E2EEManager: 	at androidx.compose.material3.MaterialThemeKt$MaterialTheme$1.invoke(MaterialTheme.kt:69)
01-27 08:57:31.678 15546 15546 E E2EEManager: 	at androidx.compose.material3.MaterialThemeKt$MaterialTheme$1.invoke(MaterialTheme.kt:68)
01-27 08:57:31.678 15546 15546 E E2EEManager: 	at androidx.compose.runtime.internal.ComposableLambdaImpl.invoke(ComposableLambda.jvm.kt:109)
01-27 08:57:31.678 15546 15546 E E2EEManager: 	at androidx.compose.runtime.internal.ComposableLambdaImpl.invoke(ComposableLambda.jvm.kt:35)
01-27 08:57:31.678 15546 15546 E E2EEManager: 	at androidx.compose.runtime.CompositionLocalKt.CompositionLocalProvider(CompositionLocal.kt:380)
01-27 08:57:31.678 15546 15546 E E2EEManager: 	at androidx.compose.material3.MaterialThemeKt.MaterialTheme(MaterialTheme.kt:60)
01-27 08:57:31.678 15546 15546 E E2EEManager: 	at com.phoneintegration.app.ui.theme.ThemeKt.PhoneIntegrationTheme(Theme.kt:109)
01-27 08:57:31.678 15546 15546 E E2EEManager: 	at com.phoneintegration.app.MainActivity.onCreate$lambda$71(MainActivity.kt:746)
01-27 08:57:31.678 15546 15546 E E2EEManager: 	at com.phoneintegration.app.MainActivity$$ExternalSyntheticLambda0.invoke(D8$$SyntheticClass:0)
01-27 08:57:31.678 15546 15546 E E2EEManager: 	at androidx.compose.runtime.internal.ComposableLambdaImpl.invoke(ComposableLambda.jvm.kt:109)
01-27 08:57:31.678 15546 15546 E E2EEManager: 	at androidx.compose.runtime.internal.ComposableLambdaImpl.invoke(ComposableLambda.jvm.kt:35)
01-27 08:57:31.678 15546 15546 E E2EEManager: 	at androidx.compose.ui.platform.ComposeView.Content(ComposeView.android.kt:441)
01-27 08:57:31.678 15546 15546 E E2EEManager: 	at androidx.compose.ui.platform.AbstractComposeView$ensureCompositionCreated$1.invoke(ComposeView.android.kt:259)
01-27 08:57:31.678 15546 15546 E E2EEManager: 	at androidx.compose.ui.platform.AbstractComposeView$ensureCompositionCreated$1.invoke(ComposeView.android.kt:258)
01-27 08:57:31.678 15546 15546 E E2EEManager: 	at androidx.compose.runtime.internal.ComposableLambdaImpl.invoke(ComposableLambda.jvm.kt:109)
01-27 08:57:31.678 15546 15546 E E2EEManager: 	at androidx.compose.runtime.internal.ComposableLambdaImpl.invoke(ComposableLambda.jvm.kt:35)
01-27 08:57:31.678 15546 15546 E E2EEManager: 	at androidx.compose.runtime.CompositionLocalKt.CompositionLocalProvider(CompositionLocal.kt:380)
01-27 08:57:31.678 15546 15546 E E2EEManager: 	at androidx.compose.ui.platform.CompositionLocalsKt.ProvideCommonCompositionLocals(CompositionLocals.kt:216)
01-27 08:57:31.678 15546 15546 E E2EEManager: 	at androidx.compose.ui.platform.AndroidCompositionLocals_androidKt$ProvideAndroidCompositionLocals$3.invoke(AndroidCompositionLocals.android.kt:132)
01-27 08:57:31.678 15546 15546 E E2EEManager: 	at androidx.compose.ui.platform.AndroidCompositionLocals_androidKt$ProvideAndroidCompositionLocals$3.invoke(AndroidCompositionLocals.android.kt:131)
01-27 08:57:31.678 15546 15546 E E2EEManager: 	at androidx.compose.runtime.internal.ComposableLambdaImpl.invoke(ComposableLambda.jvm.kt:109)
01-27 08:57:31.678 15546 15546 E E2EEManager: 	at androidx.compose.runtime.internal.ComposableLambdaImpl.invoke(ComposableLambda.jvm.kt:35)
01-27 08:57:31.678 15546 15546 E E2EEManager: 	at androidx.compose.runtime.CompositionLocalKt.CompositionLocalProvider(CompositionLocal.kt:380)
01-27 08:57:31.678 15546 15546 E E2EEManager: 	at androidx.compose.ui.platform.AndroidCompositionLocals_androidKt.ProvideAndroidCompositionLocals(AndroidCompositionLocals.android.kt:121)
01-27 08:57:31.678 15546 15546 E E2EEManager: 	at androidx.compose.ui.platform.WrappedComposition$setContent$1$1$3.invoke(Wrapper.android.kt:155)
01-27 08:57:31.678 15546 15546 E E2EEManager: 	at androidx.compose.ui.platform.WrappedComposition$setContent$1$1$3.invoke(Wrapper.android.kt:154)
01-27 08:57:31.678 15546 15546 E E2EEManager: 	at androidx.compose.runtime.internal.ComposableLambdaImpl.invoke(ComposableLambda.jvm.kt:109)
01-27 08:57:31.678 15546 15546 E E2EEManager: 	at androidx.compose.runtime.internal.ComposableLambdaImpl.invoke(ComposableLambda.jvm.kt:35)
01-27 08:57:31.678 15546 15546 E E2EEManager: 	at androidx.compose.runtime.CompositionLocalKt.CompositionLocalProvider(CompositionLocal.kt:401)
01-27 08:57:31.678 15546 15546 E E2EEManager: 	at androidx.compose.ui.platform.WrappedComposition$setContent$1$1.invoke(Wrapper.android.kt:154)
01-27 08:57:31.678 15546 15546 E E2EEManager: 	at androidx.compose.ui.platform.WrappedComposition$setContent$1$1.invoke(Wrapper.android.kt:133)
01-27 08:57:31.678 15546 15546 E E2EEManager: 	at androidx.compose.runtime.internal.ComposableLambdaImpl.invoke(ComposableLambda.jvm.kt:109)
01-27 08:57:31.678 15546 15546 E E2EEManager: 	at androidx.compose.runtime.internal.ComposableLambdaImpl.invoke(ComposableLambda.jvm.kt:35)
01-27 08:57:31.678 15546 15546 E E2EEManager: 	at androidx.compose.runtime.ActualJvm_jvmKt.invokeComposable(ActualJvm.jvm.kt:97)
01-27 08:57:31.678 15546 15546 E E2EEManager: 	at androidx.compose.runtime.ComposerImpl.doCompose(Composer.kt:3595)
01-27 08:57:31.678 15546 15546 E E2EEManager: 	at androidx.compose.runtime.ComposerImpl.composeContent$runtime_release(Composer.kt:3522)
01-27 08:57:31.678 15546 15546 E E2EEManager: 	at androidx.compose.runtime.CompositionImpl.composeContent(Composition.kt:743)
01-27 08:57:31.678 15546 15546 E E2EEManager: 	at androidx.compose.runtime.Recomposer.composeInitial$runtime_release(Recomposer.kt:1122)
01-27 08:57:31.678 15546 15546 E E2EEManager: 	at androidx.compose.runtime.CompositionImpl.composeInitial(Composition.kt:649)
01-27 08:57:31.678 15546 15546 E E2EEManager: 	at androidx.compose.runtime.CompositionImpl.setContent(Composition.kt:635)
01-27 08:57:31.678 15546 15546 E E2EEManager: 	at androidx.compose.ui.platform.WrappedComposition$setContent$1.invoke(Wrapper.android.kt:133)
01-27 08:57:31.678 15546 15546 E E2EEManager: 	at androidx.compose.ui.platform.WrappedComposition$setContent$1.invoke(Wrapper.android.kt:124)
01-27 08:57:31.678 15546 15546 E E2EEManager: 	at androidx.compose.ui.platform.AndroidComposeView.setOnViewTreeOwnersAvailable(AndroidComposeView.android.kt:1626)
01-27 08:57:31.678 15546 15546 E E2EEManager: 	at androidx.compose.ui.platform.WrappedComposition.setContent(Wrapper.android.kt:124)
01-27 08:57:31.678 15546 15546 E E2EEManager: 	at androidx.compose.ui.platform.WrappedComposition.onStateChanged(Wrapper.android.kt:180)
01-27 08:57:31.678 15546 15546 E E2EEManager: 	at androidx.lifecycle.LifecycleRegistry$ObserverWithState.dispatchEvent(LifecycleRegistry.jvm.kt:320)
01-27 08:57:31.678 15546 15546 E E2EEManager: 	at androidx.lifecycle.LifecycleRegistry.addObserver(LifecycleRegistry.jvm.kt:198)
01-27 08:57:31.678 15546 15546 E E2EEManager: 	at androidx.compose.ui.platform.WrappedComposition$setContent$1.invoke(Wrapper.android.kt:131)
01-27 08:57:31.678 15546 15546 E E2EEManager: 	at androidx.compose.ui.platform.WrappedComposition$setContent$1.invoke(Wrapper.android.kt:124)
01-27 08:57:31.678 15546 15546 E E2EEManager: 	at androidx.compose.ui.platform.AndroidComposeView.onAttachedToWindow(AndroidComposeView.android.kt:1707)
01-27 08:57:31.678 15546 15546 E E2EEManager: 	at android.view.View.dispatchAttachedToWindow(View.java:24715)
01-27 08:57:31.678 15546 15546 E E2EEManager: 	at android.view.ViewGroup.dispatchAttachedToWindow(ViewGroup.java:3832)
01-27 08:57:31.678 15546 15546 E E2EEManager: 	at android.view.ViewGroup.dispatchAttachedToWindow(ViewGroup.java:3839)
01-27 08:57:31.678 15546 15546 E E2EEManager: 	at android.view.ViewGroup.dispatchAttachedToWindow(ViewGroup.java:3839)
01-27 08:57:31.678 15546 15546 E E2EEManager: 	at android.view.ViewGroup.dispatchAttachedToWindow(ViewGroup.java:3839)
01-27 08:57:31.678 15546 15546 E E2EEManager: 	at android.view.ViewGroup.dispatchAttachedToWindow(ViewGroup.java:3839)
01-27 08:57:31.678 15546 15546 E E2EEManager: 	at android.view.ViewRootImpl.performTraversals(ViewRootImpl.java:4613)
01-27 08:57:31.678 15546 15546 E E2EEManager: 	at android.view.ViewRootImpl.doTraversal(ViewRootImpl.java:3959)
01-27 08:57:31.678 15546 15546 E E2EEManager: 	at android.view.ViewRootImpl$TraversalRunnable.run(ViewRootImpl.java:13030)
01-27 08:57:31.678 15546 15546 E E2EEManager: 	at android.view.Choreographer$CallbackRecord.run(Choreographer.java:1961)
01-27 08:57:31.678 15546 15546 E E2EEManager: 	at android.view.Choreographer$CallbackRecord.run(Choreographer.java:1970)
01-27 08:57:31.678 15546 15546 E E2EEManager: 	at android.view.Choreographer.doCallbacks(Choreographer.java:1423)
01-27 08:57:31.678 15546 15546 E E2EEManager: 	at android.view.Choreographer.doFrame(Choreographer.java:1348)
01-27 08:57:31.678 15546 15546 E E2EEManager: 	at android.view.Choreographer$FrameDisplayEventReceiver.run(Choreographer.java:1930)
01-27 08:57:31.678 15546 15546 E E2EEManager: 	at android.os.Handler.handleCallback(Handler.java:1070)
01-27 08:57:31.678 15546 15546 E E2EEManager: 	at android.os.Handler.dispatchMessage(Handler.java:125)
01-27 08:57:31.678 15546 15546 E E2EEManager: 	at android.os.Looper.dispatchMessage(Looper.java:358)
01-27 08:57:31.678 15546 15546 E E2EEManager: 	at android.os.Looper.loopOnce(Looper.java:288)
01-27 08:57:31.678 15546 15546 E E2EEManager: 	at android.os.Looper.loop(Looper.java:392)
01-27 08:57:31.678 15546 15546 E E2EEManager: 	at android.app.ActivityThread.main(ActivityThread.java:10343)
01-27 08:57:31.678 15546 15546 E E2EEManager: 	at java.lang.reflect.Method.invoke(Native Method)
01-27 08:57:31.678 15546 15546 E E2EEManager: 	at com.android.internal.os.RuntimeInit$MethodAndArgsCaller.run(RuntimeInit.java:605)
01-27 08:57:31.678 15546 15546 E E2EEManager: 	at com.android.internal.os.ZygoteInit.main(ZygoteInit.java:972)
01-27 08:57:31.678 15546 15546 E E2EEManager: Caused by: android.security.KeyStoreException: Signature/MAC verification failed (internal Keystore code: -30 message: system/security/keystore2/src/operation.rs:853: KeystoreOperation::finish
01-27 08:57:31.678 15546 15546 E E2EEManager: 
01-27 08:57:31.678 15546 15546 E E2EEManager: Caused by:
01-27 08:57:31.678 15546 15546 E E2EEManager:     0: system/security/keystore2/src/operation.rs:434: Finish failed for AppUid(10816)
01-27 08:57:31.678 15546 15546 E E2EEManager:     1: Error::Km(r#VERIFICATION_FAILED)) (public error code: 10 internal Keystore code: -30)
01-27 08:57:31.678 15546 15546 E E2EEManager: 	at android.security.KeyStore2.getKeyStoreException(KeyStore2.java:466)
01-27 08:57:31.678 15546 15546 E E2EEManager: 	at android.security.KeyStoreOperation.handleExceptions(KeyStoreOperation.java:79)
01-27 08:57:31.678 15546 15546 E E2EEManager: 	at android.security.KeyStoreOperation.finish(KeyStoreOperation.java:132)
01-27 08:57:31.678 15546 15546 E E2EEManager: 	at android.security.keystore2.KeyStoreCryptoOperationChunkedStreamer$MainDataStream.finish(KeyStoreCryptoOperationChunkedStreamer.java:228)
01-27 08:57:31.678 15546 15546 E E2EEManager: 	at android.security.keystore2.KeyStoreCryptoOperationChunkedStreamer.doFinal(KeyStoreCryptoOperationChunkedStreamer.java:181)
01-27 08:57:31.678 15546 15546 E E2EEManager: 	at android.security.keystore2.AndroidKeyStoreAuthenticatedAESCipherSpi$BufferAllOutputUntilDoFinalStreamer.doFinal(AndroidKeyStoreAuthenticatedAESCipherSpi.java:396)
01-27 08:57:31.678 15546 15546 E E2EEManager: 	at android.security.keystore2.AndroidKeyStoreCipherSpiBase.engineDoFinal(AndroidKeyStoreCipherSpiBase.java:630)
01-27 08:57:31.678 15546 15546 E E2EEManager: 	... 96 more
01-27 08:57:31.720 15546 15546 D VRI[MainActivity]@4616e63: WindowInsets changed: 1440x3120 statusBars:[0,128,0,0] navigationBars:[0,0,0,56] mandatorySystemGestures:[0,173,0,120] 
01-27 08:57:31.720 15546 15546 D WindowOnBackDispatcher: setTopOnBackInvokedCallback (unwrapped): android.view.ViewRootImpl$$ExternalSyntheticLambda16@9081843
01-27 08:57:31.740 15546 15546 I HWUI    : Using FreeType backend (prop=Auto)
01-27 08:57:31.791 15546 15546 D CompatChangeReporter: Compat change id reported: 289878283; UID 10816; state: ENABLED
01-27 08:57:31.816 15546 15654 W FirebaseContextProvider: Error getting App Check token. Error: com.google.firebase.FirebaseException: No AppCheckProvider installed.
01-27 08:57:31.927 15546 15546 E BufferQueueProducer: Unable to open libpenguin.so: dlopen failed: library "libpenguin.so" not found.
01-27 08:57:31.927 15546 15546 E integration.app: Unable to open libpenguin.so: dlopen failed: library "libpenguin.so" not found.
01-27 08:57:31.927 15546 15546 I BufferQueueProducer: [](id:3cba00000000,api:0,p:0,c:15546) setDequeueTimeout:2077252342
01-27 08:57:31.927 15546 15546 I BLASTBufferQueue_Java: new BLASTBufferQueue, mName= VRI[MainActivity]@4616e63 mNativeObject= 0xb400007a1f4d8570 caller= android.view.ViewRootImpl.updateBlastSurfaceIfNeeded:3603 android.view.ViewRootImpl.relayoutWindow:11809 android.view.ViewRootImpl.performTraversals:4839 android.view.ViewRootImpl.doTraversal:3959 android.view.ViewRootImpl$TraversalRunnable.run:13030 android.view.Choreographer$CallbackRecord.run:1961 android.view.Choreographer$CallbackRecord.run:1970 android.view.Choreographer.doCallbacks:1423 android.view.Choreographer.doFrame:1348 android.view.Choreographer$FrameDisplayEventReceiver.run:1930 
01-27 08:57:31.927 15546 15546 I BLASTBufferQueue_Java: update, w= 1440 h= 3120 mName = VRI[MainActivity]@4616e63 mNativeObject= 0xb400007a1f4d8570 sc.mNativeObject= 0xb400007a6f43f390 format= -1 caller= android.view.ViewRootImpl.updateBlastSurfaceIfNeeded:3608 android.view.ViewRootImpl.relayoutWindow:11809 android.view.ViewRootImpl.performTraversals:4839 android.view.ViewRootImpl.doTraversal:3959 android.view.ViewRootImpl$TraversalRunnable.run:13030 android.view.Choreographer$CallbackRecord.run:1961 
01-27 08:57:31.928 15546 15546 I VRI[MainActivity]@4616e63: Relayout returned: old=(0,0,1440,3120) new=(0,0,1440,3120) relayoutAsync=false req=(1440,3120)0 dur=2 res=0x3 s={true 0xb400007a5f46b380} ch=true seqId=0
01-27 08:57:31.928 15546 15546 I VRI[MainActivity]@4616e63: performConfigurationChange setNightDimText nightDimLevel=0
01-27 08:57:31.929 15546 15546 D VRI[MainActivity]@4616e63: mThreadedRenderer.initialize() mSurface={isValid=true 0xb400007a5f46b380} hwInitialized=true
01-27 08:57:31.959 15546 15546 D VRI[MainActivity]@4616e63: reportNextDraw android.view.ViewRootImpl.performTraversals:5503 android.view.ViewRootImpl.doTraversal:3959 android.view.ViewRootImpl$TraversalRunnable.run:13030 android.view.Choreographer$CallbackRecord.run:1961 android.view.Choreographer$CallbackRecord.run:1970 
01-27 08:57:31.961 15546 15546 D VRI[MainActivity]@4616e63: Setup new sync=wmsSync-VRI[MainActivity]@4616e63#0
01-27 08:57:31.961 15546 15546 I VRI[MainActivity]@4616e63: Creating new active sync group VRI[MainActivity]@4616e63#1
01-27 08:57:31.961 15546 15546 D VRI[MainActivity]@4616e63: registerCallbacksForSync syncBuffer=false
01-27 08:57:31.975 15546 15617 D VRI[MainActivity]@4616e63: Received frameDrawingCallback syncResult=0 frameNum=1.
01-27 08:57:31.975 15546 15617 I VRI[MainActivity]@4616e63: mWNT: t=0xb400007acf45c750 mBlastBufferQueue=0xb400007a1f4d8570 fn= 1 HdrRenderState mRenderHdrSdrRatio=1.0 caller= android.view.ViewRootImpl$12.onFrameDraw:15557 android.view.ThreadedRenderer$1.onFrameDraw:751 <bottom of call stack> 
01-27 08:57:31.975 15546 15617 I VRI[MainActivity]@4616e63: Setting up sync and frameCommitCallback
01-27 08:57:31.988 15546 15594 I BLASTBufferQueue: [VRI[MainActivity]@4616e63#0](f:0,a:0,s:0) onFrameAvailable the first frame is available
01-27 08:57:31.988 15546 15594 I SurfaceComposerClient: apply transaction with the first frame. layerId: 483728, bufferData(ID: 66769561583619, frameNumber: 1)
01-27 08:57:31.988 15546 15594 I VRI[MainActivity]@4616e63: Received frameCommittedCallback lastAttemptedDrawFrameNum=1 didProduceBuffer=true
01-27 08:57:31.989 15546 15594 D HWUI    : CFMS:: SetUp Pid : 15546    Tid : 15594
01-27 08:57:31.989 15546 15546 D VRI[MainActivity]@4616e63: reportDrawFinished seqId=0
01-27 08:57:31.989 15546 15546 I Choreographer: Skipped 43 frames!  The application may be doing too much work on its main thread.
01-27 08:57:32.024 15546 15630 W FirebaseContextProvider: Error getting App Check token. Error: com.google.firebase.FirebaseException: No AppCheckProvider installed.
01-27 08:57:32.063 15546 15546 D MainActivity: ðŸ“ž servicePendingCall changed: null
01-27 08:57:32.065 15546 15546 D SmsViewModel: === loadConversations() started ===
01-27 08:57:32.065 15546 15546 D SmsViewModel: Using cached conversations (120 items, 752ms old)
01-27 08:57:32.077 15546 15628 W FirebaseContextProvider: Error getting App Check token. Error: com.google.firebase.FirebaseException: No AppCheckProvider installed.
01-27 08:57:32.078 15546 15587 D SimManager: Found 2 active SIM(s)
01-27 08:57:32.078 15546 15587 D SmsViewModel: Loaded 2 active SIM(s)
01-27 08:57:32.081 15546 15587 D SimManager: Found 2 active SIM(s)
01-27 08:57:32.086 15546 15546 D CallMonitorService: Call state changed: 0, number: null
01-27 08:57:32.086 15546 15546 D CallMonitorService: Call ended
01-27 08:57:32.086 15546 15546 D CallMonitorService: ðŸ“ž onCallEnded called, currentCallId=null
01-27 08:57:32.086 15546 15546 W CallMonitorService: ðŸ“ž onCallEnded called but currentCallId is null - cannot sync ended state
01-27 08:57:32.086 15546 15546 D CallMonitorService: Cleared stored phone number
01-27 08:57:32.086 15546 15546 D CallMonitorService: Starting stale active_calls cleanup...
01-27 08:57:32.086 15546 15546 D CallMonitorService: Setting up call commands listener at: users/Z1Tc1FBFVPXH1bsC68Ut3IDRCFq1/call_commands (ignoring commands older than 1769522252086)
01-27 08:57:32.086 15546 15546 D CallMonitorService: Setting up call requests listener...
01-27 08:57:32.087 15546 15546 D CallMonitorService: Got userId: Z1Tc1FBFVPXH1bsC68Ut3IDRCFq1
01-27 08:57:32.087 15546 15546 D CallMonitorService: Attaching Firebase listener to: users/Z1Tc1FBFVPXH1bsC68Ut3IDRCFq1/call_requests
01-27 08:57:32.087 15546 15546 D CallMonitorService: Listening for call requests from Firebase
01-27 08:57:32.093 15546 15684 W Ads     : Update ad debug logging enablement as false
01-27 08:57:32.098 15546 15748 W cr_media: BLUETOOTH_CONNECT permission is missing.
01-27 08:57:32.098 15546 15748 W cr_media: getBluetoothAdapter() requires BLUETOOTH permission
01-27 08:57:32.098 15546 15748 W cr_media: registerBluetoothIntentsIfNeeded: Requires BLUETOOTH permission
01-27 08:57:32.102 15546 15801 I Adreno-UNKNOWN: Using previously loaded IMapper library.
01-27 08:57:32.106 15546 15801 I Adreno-UNKNOWN: Using previously loaded IMapper library.
01-27 08:57:32.108 15546 15801 I AdrenoVK-0: QUALCOMM build          : cf24501b86, Ic06689e359
01-27 08:57:32.108 15546 15801 I AdrenoVK-0: Build Date              : 12/18/25
01-27 08:57:32.108 15546 15801 I AdrenoVK-0: Shader Compiler Version : E031.47.18.44
01-27 08:57:32.108 15546 15801 I AdrenoVK-0: Local Branch            : 
01-27 08:57:32.108 15546 15801 I AdrenoVK-0: Remote Branch           : refs/tags/AU_LINUX_ANDROID_LA.VENDOR.15.4.0.11.00.00.1088.837
01-27 08:57:32.108 15546 15801 I AdrenoVK-0: Remote Branch           : NONE
01-27 08:57:32.108 15546 15801 I AdrenoVK-0: Reconstruct Branch      : NOTHING
01-27 08:57:32.108 15546 15801 I AdrenoVK-0: Build Config            : S P 18.0.0 AArch64
01-27 08:57:32.108 15546 15801 I AdrenoVK-0: Driver Path             : /vendor/lib64/hw/vulkan.adreno.so
01-27 08:57:32.108 15546 15801 I AdrenoVK-0: Driver Version          : 0800.64.2
01-27 08:57:32.108 15546 15801 I AdrenoVK-0: PFP                     : 0x01500077
01-27 08:57:32.108 15546 15801 I AdrenoVK-0: ME                      : 0x01500014
01-27 08:57:32.108 15546 15801 I AdrenoVK-0: Application Name    : 
01-27 08:57:32.108 15546 15801 I AdrenoVK-0: Process Name        : com.phoneintegration.app
01-27 08:57:32.108 15546 15801 I AdrenoVK-0: Application Version : 0x00000001
01-27 08:57:32.108 15546 15801 I AdrenoVK-0: Engine Name         : 
01-27 08:57:32.108 15546 15801 I AdrenoVK-0: Engine Version      : 0x00000001
01-27 08:57:32.108 15546 15801 I AdrenoVK-0: Api Version         : 0x00403000
01-27 08:57:32.109 15546 15546 D MainActivity: Current default dialer: com.samsung.android.dialer, ours: false
01-27 08:57:32.109 15546 15546 D SyncFlowCallService: Auth ready in service, starting call listeners for userId=Z1Tc1FBFVPXH1bsC68Ut3IDRCFq1
01-27 08:57:32.109 15546 15546 D SyncFlowCallService: Starting to listen for incoming SyncFlow calls
01-27 08:57:32.109 15546 15546 D SyncFlowCallService: Starting to listen for incoming user-to-user calls for userId: Z1Tc1FBFVPXH1bsC68Ut3IDRCFq1
01-27 08:57:32.110 15546 15546 D SyncFlowCallService: Registering FCM token for user Z1Tc1FBFVPXH1bsC68Ut3IDRCFq1
01-27 08:57:32.110 15546 15546 D SyncFlowCallService: Starting idle timeout (60000ms)
01-27 08:57:32.118 15546 15654 W FirebaseContextProvider: Error getting App Check token. Error: com.google.firebase.FirebaseException: No AppCheckProvider installed.
01-27 08:57:32.134 15546 15801 I Adreno-UNKNOWN: Using previously loaded IMapper library.
01-27 08:57:32.137 15546 15801 I Adreno-UNKNOWN: Using previously loaded IMapper library.
01-27 08:57:32.140 15546 15801 I AdrenoVK-0: QUALCOMM build          : cf24501b86, Ic06689e359
01-27 08:57:32.140 15546 15801 I AdrenoVK-0: Build Date              : 12/18/25
01-27 08:57:32.140 15546 15801 I AdrenoVK-0: Shader Compiler Version : E031.47.18.44
01-27 08:57:32.140 15546 15801 I AdrenoVK-0: Local Branch            : 
01-27 08:57:32.140 15546 15801 I AdrenoVK-0: Remote Branch           : refs/tags/AU_LINUX_ANDROID_LA.VENDOR.15.4.0.11.00.00.1088.837
01-27 08:57:32.140 15546 15801 I AdrenoVK-0: Remote Branch           : NONE
01-27 08:57:32.140 15546 15801 I AdrenoVK-0: Reconstruct Branch      : NOTHING
01-27 08:57:32.140 15546 15801 I AdrenoVK-0: Build Config            : S P 18.0.0 AArch64
01-27 08:57:32.140 15546 15801 I AdrenoVK-0: Driver Path             : /vendor/lib64/hw/vulkan.adreno.so
01-27 08:57:32.140 15546 15801 I AdrenoVK-0: Driver Version          : 0800.64.2
01-27 08:57:32.140 15546 15801 I AdrenoVK-0: PFP                     : 0x01500077
01-27 08:57:32.140 15546 15801 I AdrenoVK-0: ME                      : 0x01500014
01-27 08:57:32.140 15546 15801 I AdrenoVK-0: Application Name    : Chromium
01-27 08:57:32.140 15546 15801 I AdrenoVK-0: Process Name        : com.phoneintegration.app
01-27 08:57:32.140 15546 15801 I AdrenoVK-0: Application Version : 0x00000000
01-27 08:57:32.140 15546 15801 I AdrenoVK-0: Engine Name         : (null)
01-27 08:57:32.140 15546 15801 I AdrenoVK-0: Engine Version      : 0x00000000
01-27 08:57:32.140 15546 15801 I AdrenoVK-0: Api Version         : 0x00401000
01-27 08:57:32.173 15546 15546 D MainActivity: BatteryAwareServiceManager initialized - services will start intelligently based on battery and conditions
01-27 08:57:32.173 15546 15546 I MainActivity: Service management delegated to BatteryAwareServiceManager
01-27 08:57:32.174 15546 15546 I InsetsSourceConsumer: applyRequestedVisibilityToControl: visible=true, type=navigationBars, host=com.phoneintegration.app/com.phoneintegration.app.MainActivity
01-27 08:57:32.174 15546 15546 I InsetsSourceConsumer: applyRequestedVisibilityToControl: visible=true, type=statusBars, host=com.phoneintegration.app/com.phoneintegration.app.MainActivity
01-27 08:57:32.176 15546 15546 E AdBanner: Error checking premium status
01-27 08:57:32.176 15546 15546 E AdBanner: androidx.compose.runtime.LeftCompositionCancellationException: The coroutine scope left the composition
01-27 08:57:32.176 15546 15546 D AdBanner: Premium check: isPremium=false, showAd=true
01-27 08:57:32.177 15546 15546 D VRI[MainActivity]@4616e63: mThreadedRenderer.initializeIfNeeded()#2 mSurface={isValid=true 0xb400007a5f46b380}
01-27 08:57:32.178 15546 15546 D InputMethodManagerUtils: startInputInner - Id : 0
01-27 08:57:32.178 15546 15546 I InputMethodManager: startInputInner - IInputMethodManagerGlobalInvoker.startInputOrWindowGainedFocus
01-27 08:57:32.179 15546 15546 D SyncFlowCallService: Registering FCM token for user Z1Tc1FBFVPXH1bsC68Ut3IDRCFq1
01-27 08:57:32.183 15546 15559 D InputTransport: Input channel constructed: 'ClientS', fd=306
01-27 08:57:32.192 15546 15546 D SyncFlowCallService: Starting idle timeout (60000ms)
01-27 08:57:32.193 15546 15546 D InsetsController: hide(ime())
01-27 08:57:32.193 15546 15546 I ImeTracker: com.phoneintegration.app:cac32ff0: onCancelled at PHASE_CLIENT_ALREADY_HIDDEN
01-27 08:57:32.206 15546 15629 W FirebaseContextProvider: Error getting App Check token. Error: com.google.firebase.FirebaseException: No AppCheckProvider installed.
01-27 08:57:32.210 15546 15595 D MmsHelper: MMS 965 address entry: address='hamleys_kpq3utym_agent@rbm.goog', type=130
01-27 08:57:32.210 15546 15595 D MmsHelper: MMS 965 address entry: address='hamleys_kpq3utym_agent@rbm.goog', type=137
01-27 08:57:32.210 15546 15595 D MmsHelper: MMS 965 using address: 'hamleys_kpq3utym_agent@rbm.goog' (type: 137)
01-27 08:57:32.211 15546 15596 D MmsHelper: MMS 965 address entry: address='hamleys_kpq3utym_agent@rbm.goog', type=130
01-27 08:57:32.211 15546 15596 D MmsHelper: MMS 965 address entry: address='hamleys_kpq3utym_agent@rbm.goog', type=137
01-27 08:57:32.211 15546 15596 D MmsHelper: MMS 965 using address: 'hamleys_kpq3utym_agent@rbm.goog' (type: 137)
01-27 08:57:32.219 15546 15596 D MmsHelper: MMS 964 address entry: address='wishfin_personal_loan_cefniz61_agent@rbm.goog', type=130
01-27 08:57:32.219 15546 15596 D MmsHelper: MMS 964 address entry: address='wishfin_personal_loan_cefniz61_agent@rbm.goog', type=137
01-27 08:57:32.219 15546 15596 D MmsHelper: MMS 964 using address: 'wishfin_personal_loan_cefniz61_agent@rbm.goog' (type: 137)
01-27 08:57:32.219 15546 15595 D MmsHelper: MMS 964 address entry: address='wishfin_personal_loan_cefniz61_agent@rbm.goog', type=130
01-27 08:57:32.219 15546 15595 D MmsHelper: MMS 964 address entry: address='wishfin_personal_loan_cefniz61_agent@rbm.goog', type=137
01-27 08:57:32.219 15546 15595 D MmsHelper: MMS 964 using address: 'wishfin_personal_loan_cefniz61_agent@rbm.goog' (type: 137)
01-27 08:57:32.262 15546 15595 W SmsRepository: Could not find address for thread 1303
01-27 08:57:32.262 15546 15596 W SmsRepository: Could not find address for thread 1303
01-27 08:57:32.273 15546 15595 W SmsRepository: Could not find address for thread 1276
01-27 08:57:32.273 15546 15596 W SmsRepository: Could not find address for thread 1276
01-27 08:57:32.281 15546 15596 D MmsHelper: MMS 637 address entry: address='ajio_d3k2v5qo_agent@rbm.goog', type=130
01-27 08:57:32.281 15546 15595 D MmsHelper: MMS 637 address entry: address='ajio_d3k2v5qo_agent@rbm.goog', type=130
01-27 08:57:32.281 15546 15596 D MmsHelper: MMS 637 address entry: address='ajio_d3k2v5qo_agent@rbm.goog', type=137
01-27 08:57:32.281 15546 15595 D MmsHelper: MMS 637 address entry: address='ajio_d3k2v5qo_agent@rbm.goog', type=137
01-27 08:57:32.281 15546 15596 D MmsHelper: MMS 637 using address: 'ajio_d3k2v5qo_agent@rbm.goog' (type: 137)
01-27 08:57:32.281 15546 15595 D MmsHelper: MMS 637 using address: 'ajio_d3k2v5qo_agent@rbm.goog' (type: 137)
01-27 08:57:32.289 15546 15596 D MmsHelper: MMS 624 address entry: address='ram_fincorp_-_loans_t0uzgrnz_agent@rbm.goog', type=130
01-27 08:57:32.289 15546 15596 D MmsHelper: MMS 624 address entry: address='ram_fincorp_-_loans_t0uzgrnz_agent@rbm.goog', type=137
01-27 08:57:32.289 15546 15596 D MmsHelper: MMS 624 using address: 'ram_fincorp_-_loans_t0uzgrnz_agent@rbm.goog' (type: 137)
01-27 08:57:32.290 15546 15595 D MmsHelper: MMS 624 address entry: address='ram_fincorp_-_loans_t0uzgrnz_agent@rbm.goog', type=130
01-27 08:57:32.290 15546 15595 D MmsHelper: MMS 624 address entry: address='ram_fincorp_-_loans_t0uzgrnz_agent@rbm.goog', type=137
01-27 08:57:32.290 15546 15595 D MmsHelper: MMS 624 using address: 'ram_fincorp_-_loans_t0uzgrnz_agent@rbm.goog' (type: 137)
01-27 08:57:32.297 15546 15595 D MmsHelper: MMS 623 address entry: address='buddy_finance_cn16feud_agent@rbm.goog', type=130
01-27 08:57:32.297 15546 15595 D MmsHelper: MMS 623 address entry: address='buddy_finance_cn16feud_agent@rbm.goog', type=137
01-27 08:57:32.297 15546 15596 D MmsHelper: MMS 623 address entry: address='buddy_finance_cn16feud_agent@rbm.goog', type=130
01-27 08:57:32.297 15546 15595 D MmsHelper: MMS 623 using address: 'buddy_finance_cn16feud_agent@rbm.goog' (type: 137)
01-27 08:57:32.297 15546 15596 D MmsHelper: MMS 623 address entry: address='buddy_finance_cn16feud_agent@rbm.goog', type=137
01-27 08:57:32.297 15546 15596 D MmsHelper: MMS 623 using address: 'buddy_finance_cn16feud_agent@rbm.goog' (type: 137)
01-27 08:57:32.302 15546 15630 W FirebaseContextProvider: Error getting App Check token. Error: com.google.firebase.FirebaseException: No AppCheckProvider installed.
01-27 08:57:32.305 15546 15595 D MmsHelper: MMS 622 address entry: address='buddy_cash_3l51x27s_agent@rbm.goog', type=130
01-27 08:57:32.305 15546 15595 D MmsHelper: MMS 622 address entry: address='buddy_cash_3l51x27s_agent@rbm.goog', type=137
01-27 08:57:32.305 15546 15595 D MmsHelper: MMS 622 using address: 'buddy_cash_3l51x27s_agent@rbm.goog' (type: 137)
01-27 08:57:32.305 15546 15596 D MmsHelper: MMS 622 address entry: address='buddy_cash_3l51x27s_agent@rbm.goog', type=130
01-27 08:57:32.305 15546 15596 D MmsHelper: MMS 622 address entry: address='buddy_cash_3l51x27s_agent@rbm.goog', type=137
01-27 08:57:32.305 15546 15596 D MmsHelper: MMS 622 using address: 'buddy_cash_3l51x27s_agent@rbm.goog' (type: 137)
01-27 08:57:32.313 15546 15596 D MmsHelper: MMS 619 address entry: address='tata_neu_x_tanishq_lm7hs2sx_agent@rbm.goog', type=130
01-27 08:57:32.313 15546 15595 D MmsHelper: MMS 619 address entry: address='tata_neu_x_tanishq_lm7hs2sx_agent@rbm.goog', type=130
01-27 08:57:32.313 15546 15595 D MmsHelper: MMS 619 address entry: address='tata_neu_x_tanishq_lm7hs2sx_agent@rbm.goog', type=137
01-27 08:57:32.313 15546 15595 D MmsHelper: MMS 619 using address: 'tata_neu_x_tanishq_lm7hs2sx_agent@rbm.goog' (type: 137)
01-27 08:57:32.313 15546 15596 D MmsHelper: MMS 619 address entry: address='tata_neu_x_tanishq_lm7hs2sx_agent@rbm.goog', type=137
01-27 08:57:32.313 15546 15596 D MmsHelper: MMS 619 using address: 'tata_neu_x_tanishq_lm7hs2sx_agent@rbm.goog' (type: 137)
01-27 08:57:32.325 15546 15596 D MmsHelper: MMS 618 address entry: address='dmart_ready_gblknsju_agent@rbm.goog', type=130
01-27 08:57:32.325 15546 15596 D MmsHelper: MMS 618 address entry: address='dmart_ready_gblknsju_agent@rbm.goog', type=137
01-27 08:57:32.325 15546 15596 D MmsHelper: MMS 618 using address: 'dmart_ready_gblknsju_agent@rbm.goog' (type: 137)
01-27 08:57:32.325 15546 15595 D MmsHelper: MMS 618 address entry: address='dmart_ready_gblknsju_agent@rbm.goog', type=130
01-27 08:57:32.325 15546 15595 D MmsHelper: MMS 618 address entry: address='dmart_ready_gblknsju_agent@rbm.goog', type=137
01-27 08:57:32.325 15546 15595 D MmsHelper: MMS 618 using address: 'dmart_ready_gblknsju_agent@rbm.goog' (type: 137)
01-27 08:57:32.347 15546 15596 D MmsHelper: MMS 617 address entry: address='tata_neu_x_croma_4kjoqiuf_agent@rbm.goog', type=130
01-27 08:57:32.347 15546 15596 D MmsHelper: MMS 617 address entry: address='tata_neu_x_croma_4kjoqiuf_agent@rbm.goog', type=137
01-27 08:57:32.347 15546 15596 D MmsHelper: MMS 617 using address: 'tata_neu_x_croma_4kjoqiuf_agent@rbm.goog' (type: 137)
01-27 08:57:32.365 15546 15595 D MmsHelper: MMS 617 address entry: address='tata_neu_x_croma_4kjoqiuf_agent@rbm.goog', type=130
01-27 08:57:32.365 15546 15595 D MmsHelper: MMS 617 address entry: address='tata_neu_x_croma_4kjoqiuf_agent@rbm.goog', type=137
01-27 08:57:32.365 15546 15595 D MmsHelper: MMS 617 using address: 'tata_neu_x_croma_4kjoqiuf_agent@rbm.goog' (type: 137)
01-27 08:57:32.374 15546 15596 D MmsHelper: MMS 616 address entry: address='fashion_factory_kppu8juj_agent@rbm.goog', type=130
01-27 08:57:32.374 15546 15596 D MmsHelper: MMS 616 address entry: address='fashion_factory_kppu8juj_agent@rbm.goog', type=137
01-27 08:57:32.374 15546 15596 D MmsHelper: MMS 616 using address: 'fashion_factory_kppu8juj_agent@rbm.goog' (type: 137)
01-27 08:57:32.374 15546 15595 D MmsHelper: MMS 616 address entry: address='fashion_factory_kppu8juj_agent@rbm.goog', type=130
01-27 08:57:32.374 15546 15595 D MmsHelper: MMS 616 address entry: address='fashion_factory_kppu8juj_agent@rbm.goog', type=137
01-27 08:57:32.374 15546 15595 D MmsHelper: MMS 616 using address: 'fashion_factory_kppu8juj_agent@rbm.goog' (type: 137)
01-27 08:57:32.384 15546 15596 D MmsHelper: MMS 615 address entry: address='pantaloons_tgnpp5sb_agent@rbm.goog', type=130
01-27 08:57:32.384 15546 15595 D MmsHelper: MMS 615 address entry: address='pantaloons_tgnpp5sb_agent@rbm.goog', type=130
01-27 08:57:32.384 15546 15596 D MmsHelper: MMS 615 address entry: address='pantaloons_tgnpp5sb_agent@rbm.goog', type=137
01-27 08:57:32.384 15546 15595 D MmsHelper: MMS 615 address entry: address='pantaloons_tgnpp5sb_agent@rbm.goog', type=137
01-27 08:57:32.384 15546 15596 D MmsHelper: MMS 615 using address: 'pantaloons_tgnpp5sb_agent@rbm.goog' (type: 137)
01-27 08:57:32.384 15546 15595 D MmsHelper: MMS 615 using address: 'pantaloons_tgnpp5sb_agent@rbm.goog' (type: 137)
01-27 08:57:32.388 15546 15601 W FirebaseContextProvider: Error getting App Check token. Error: com.google.firebase.FirebaseException: No AppCheckProvider installed.
01-27 08:57:32.393 15546 15596 D MmsHelper: MMS 614 address entry: address='tata_neu_x_croma_2lx3twlh_agent@rbm.goog', type=130
01-27 08:57:32.393 15546 15596 D MmsHelper: MMS 614 address entry: address='tata_neu_x_croma_2lx3twlh_agent@rbm.goog', type=137
01-27 08:57:32.393 15546 15596 D MmsHelper: MMS 614 using address: 'tata_neu_x_croma_2lx3twlh_agent@rbm.goog' (type: 137)
01-27 08:57:32.394 15546 15595 D MmsHelper: MMS 614 address entry: address='tata_neu_x_croma_2lx3twlh_agent@rbm.goog', type=130
01-27 08:57:32.394 15546 15595 D MmsHelper: MMS 614 address entry: address='tata_neu_x_croma_2lx3twlh_agent@rbm.goog', type=137
01-27 08:57:32.394 15546 15595 D MmsHelper: MMS 614 using address: 'tata_neu_x_croma_2lx3twlh_agent@rbm.goog' (type: 137)
01-27 08:57:32.403 15546 15596 D MmsHelper: MMS 613 address entry: address='authorised_preview_deolnoc1_agent@rbm.goog', type=130
01-27 08:57:32.403 15546 15596 D MmsHelper: MMS 613 address entry: address='authorised_preview_deolnoc1_agent@rbm.goog', type=137
