01-27 08:59:13.333 15546 15546 I WindowManager: WindowManagerGlobal#addView, ty=1002, view=androidx.compose.ui.window.PopupLayout{68706fa V.E...... ......I. 0,0-0,0 #1020002 android:id/content}, caller=android.view.WindowManagerImpl.addView:167 androidx.compose.ui.window.PopupLayout.show:562 androidx.compose.ui.window.AndroidPopup_androidKt$Popup$2$1.invoke:340 
01-27 08:59:13.333 15546 15546 D ViewRootImpl: desktopMode is false
01-27 08:59:13.333 15546 15546 I ViewRootImpl: dVRR is disabled
01-27 08:59:13.333 15546 15594 D NativeCustomFrequencyManager: [NativeCFMS] BpCustomFrequencyManager::BpCustomFrequencyManager()
01-27 08:59:13.337 15546 15546 D InputTransport: Input channel constructed: '2d23b18', fd=308
01-27 08:59:13.338 15546 15546 I InsetsController: onStateChanged: host=Pop-Up Window, from=android.view.ViewRootImpl.onInsetsStateChanged:3038, state=InsetsState: {mDisplayFrame=Rect(0, 0 - 1440, 3120), mDisplayCutout=DisplayCutout{insets=Rect(0, 128 - 0, 0) waterfall=Insets{left=0, top=0, right=0, bottom=0} boundingRect={Bounds=[Rect(0, 0 - 0, 0), Rect(685, 0 - 755, 128), Rect(0, 0 - 0, 0), Rect(0, 0 - 0, 0)]} cutoutPathParserInfo={CutoutPathParserInfo{displayWidth=1440 displayHeight=3120 physicalDisplayWidth=1440 physicalDisplayHeight=3120 density={3.75} cutoutSpec={M 0,0 H -9.333333333333333 V 34.13333333333333 H 9.333333333333333 V 0 H 0 Z @dp} rotation={0} scale={1.0} physicalPixelDisplaySizeRatio={1.0}}} sideOverrides={}}, mRoundedCorners=RoundedCorners{[RoundedCorner{position=TopLeft, radius=56, center=Point(56, 56)}, RoundedCorner{position=TopRight, radius=56, center=Point(1384, 56)}, RoundedCorner{position=BottomRight, radius=56, center=Point(1384, 3064)}, RoundedCorner{position=BottomLeft, radius=56, center=Point(56, 3064)}]}  mRoundedCornerFrame=Rect(0, 0 - 1440, 3120), mPrivacyIndicatorBounds=PrivacyIndicatorBounds {static bounds=Rect(1275, 0 - 1440, 128) rotation=0}, mDisplayShape=DisplayShape{ spec=-311912193 displayWidth=1440 displayHeight=3120 physicalPixelDisplaySizeRatio=1.0 rotation=0 offsetX=0 offsetY=0 scale=1.0}, mSources= { InsetsSource: {d7690000 mType=statusBars mFrame=[0,0][1440,128] mAttachedInsets=null mVisible=true mFlags= mSideHint=TOP mBoundingRects=null}, InsetsSource: {d7690005 mType=mandatorySystemGestures mFrame=[0,0][1440,173] mAttachedInsets=null mVisible=true mFlags= mSideHint=TOP mBoundingRects=null}, InsetsSource: {d7690006 mType=tappableElement mFrame=[0,0][1440,128] mAttachedInsets=null mVisible=true mFlags= mSideHint=TOP mBoundingRects=null}, InsetsSource: {3 mType=ime mFrame=[0,0][0,0] mAttachedInsets=null mVisible=false mFlags=INVALID mSideHint=NONE mBoundingRects=null}, InsetsSource: {27 mType=displayCutout mFrame=[0,0][1440,128] mAttachedInsets=null mVisible=true mFlags= mSideHint=TOP mBoundingRects=null}, InsetsSource: {26340001 mType=navigationBars mFrame=[0,3064][1440,3120] mAttachedInsets=null mVisible=true mFlags=SUPPRESS_SCRIM mSideHint=BOTTOM mBoundingRects=null}, InsetsSource: {26340004 mType=systemGestures mFrame=[0,0][112,3120] mAttachedInsets=null mVisible=true mFlags= mSideHint=LEFT mBoundingRects=null}, InsetsSource: {26340005 mType=mandatorySystemGestures mFrame=[0,3000][1440,3120] mAttachedInsets=null mVisible=true mFlags= mSideHint=BOTTOM mBoundingRects=null}, InsetsSource: {26340006 mType=tappableElement mFrame=[0,0][0,0] mAttachedInsets=null mVisible=true mFlags= mSideHint=NONE mBoundingRects=null}, InsetsSource: {26340024 mType=systemGestures mFrame=[1328,0][1440,3120] mAttachedInsets=null mVisible=true mFlags= mSideHint=RIGHT mBoundingRects=null} }
01-27 08:59:13.338 15546 15546 I VRI[Pop-Up Window]@afa54ab: synced displayState. AttachInfo displayState=2
01-27 08:59:13.338 15546 15546 I VRI[Pop-Up Window]@afa54ab: setView = androidx.compose.ui.window.PopupLayout@68706fa IsHRR=false mFlingFrameRateChange=0 TM=true
01-27 08:59:13.343 15546 15546 W WindowOnBackDispatcher: OnBackInvokedCallback is not enabled for the application.
01-27 08:59:13.343 15546 15546 W WindowOnBackDispatcher: Set 'android:enableOnBackInvokedCallback="true"' in the application manifest.
01-27 08:59:13.370 15546 15546 D WindowOnBackDispatcher: setTopOnBackInvokedCallback (unwrapped): android.view.ViewRootImpl$$ExternalSyntheticLambda16@bd36807
01-27 08:59:13.387 15546 15546 I InsetsSourceConsumer: applyRequestedVisibilityToControl: visible=true, type=navigationBars, host=Pop-Up Window
01-27 08:59:13.387 15546 15546 I InsetsSourceConsumer: applyRequestedVisibilityToControl: visible=true, type=statusBars, host=Pop-Up Window
01-27 08:59:13.387 15546 15546 I BufferQueueProducer: [](id:3cba00000003,api:0,p:0,c:15546) setDequeueTimeout:2077252342
01-27 08:59:13.388 15546 15546 I BLASTBufferQueue_Java: new BLASTBufferQueue, mName= VRI[Pop-Up Window]@afa54ab mNativeObject= 0xb400007a1f46f5a0 caller= android.view.ViewRootImpl.updateBlastSurfaceIfNeeded:3603 android.view.ViewRootImpl.relayoutWindow:11809 android.view.ViewRootImpl.performTraversals:4839 android.view.ViewRootImpl.doTraversal:3959 android.view.ViewRootImpl$TraversalRunnable.run:13030 android.view.Choreographer$CallbackRecord.run:1961 android.view.Choreographer$CallbackRecord.run:1970 android.view.Choreographer.doCallbacks:1423 android.view.Choreographer.doFrame:1348 android.view.Choreographer$FrameDisplayEventReceiver.run:1930 
01-27 08:59:13.388 15546 15546 I BLASTBufferQueue_Java: update, w= 908 h= 1324 mName = VRI[Pop-Up Window]@afa54ab mNativeObject= 0xb400007a1f46f5a0 sc.mNativeObject= 0xb400007a6f433510 format= -3 caller= android.view.ViewRootImpl.updateBlastSurfaceIfNeeded:3608 android.view.ViewRootImpl.relayoutWindow:11809 android.view.ViewRootImpl.performTraversals:4839 android.view.ViewRootImpl.doTraversal:3959 android.view.ViewRootImpl$TraversalRunnable.run:13030 android.view.Choreographer$CallbackRecord.run:1961 
01-27 08:59:13.388 15546 15546 I VRI[Pop-Up Window]@afa54ab: Relayout returned: old=(0,128,1440,3064) new=(697,338,1425,1482) relayoutAsync=false req=(728,1144)0 dur=2 res=0x3 s={true 0xb400007a5f449050} ch=true seqId=0
01-27 08:59:13.388 15546 15546 I VRI[Pop-Up Window]@afa54ab: performConfigurationChange setNightDimText nightDimLevel=0
01-27 08:59:13.388 15546 15546 D VRI[Pop-Up Window]@afa54ab: mThreadedRenderer.initialize() mSurface={isValid=true 0xb400007a5f449050} hwInitialized=true
01-27 08:59:13.395 15546 15546 D VRI[Pop-Up Window]@afa54ab: reportNextDraw android.view.ViewRootImpl.performTraversals:5503 android.view.ViewRootImpl.doTraversal:3959 android.view.ViewRootImpl$TraversalRunnable.run:13030 android.view.Choreographer$CallbackRecord.run:1961 android.view.Choreographer$CallbackRecord.run:1970 
01-27 08:59:13.395 15546 15546 D VRI[Pop-Up Window]@afa54ab: Setup new sync=wmsSync-VRI[Pop-Up Window]@afa54ab#6
01-27 08:59:13.395 15546 15546 I VRI[Pop-Up Window]@afa54ab: Creating new active sync group VRI[Pop-Up Window]@afa54ab#7
01-27 08:59:13.395 15546 15546 D VRI[Pop-Up Window]@afa54ab: registerCallbacksForSync syncBuffer=false
01-27 08:59:13.401 15546 15618 D VRI[Pop-Up Window]@afa54ab: Received frameDrawingCallback syncResult=0 frameNum=1.
01-27 08:59:13.401 15546 15618 I VRI[Pop-Up Window]@afa54ab: mWNT: t=0xb400007acf440210 mBlastBufferQueue=0xb400007a1f46f5a0 fn= 1 HdrRenderState mRenderHdrSdrRatio=1.0 caller= android.view.ViewRootImpl$12.onFrameDraw:15557 android.view.ThreadedRenderer$1.onFrameDraw:751 <bottom of call stack> 
01-27 08:59:13.401 15546 15618 I VRI[Pop-Up Window]@afa54ab: Setting up sync and frameCommitCallback
01-27 08:59:13.401 15546 15594 I BLASTBufferQueue: [VRI[Pop-Up Window]@afa54ab#3](f:0,a:0,s:0) onFrameAvailable the first frame is available
01-27 08:59:13.402 15546 15594 I SurfaceComposerClient: apply transaction with the first frame. layerId: 483808, bufferData(ID: 66769561583631, frameNumber: 1)
01-27 08:59:13.402 15546 15594 I VRI[Pop-Up Window]@afa54ab: Received frameCommittedCallback lastAttemptedDrawFrameNum=1 didProduceBuffer=true
01-27 08:59:13.402 15546 15594 D HWUI    : CFMS:: SetUp Pid : 15546    Tid : 15594
01-27 08:59:13.402 15546 15546 D VRI[Pop-Up Window]@afa54ab: reportDrawFinished seqId=0
01-27 08:59:13.403 15546 15594 D HWUI    : HWUI - treat SMPTE_170M as sRGB
01-27 08:59:13.447 15546 15609 W PhoneStatusService: No permission to access WiFi info
01-27 08:59:13.447 15546 15609 W PhoneStatusService: java.lang.SecurityException: WifiService: Neither user 10816 nor current process has android.permission.ACCESS_WIFI_STATE.
01-27 08:59:13.447 15546 15609 W PhoneStatusService: 	at android.os.Parcel.createExceptionOrNull(Parcel.java:3388)
01-27 08:59:13.447 15546 15609 W PhoneStatusService: 	at android.os.Parcel.createException(Parcel.java:3372)
01-27 08:59:13.447 15546 15609 W PhoneStatusService: 	at android.os.Parcel.readException(Parcel.java:3355)
01-27 08:59:13.447 15546 15609 W PhoneStatusService: 	at android.os.Parcel.readException(Parcel.java:3297)
01-27 08:59:13.447 15546 15609 W PhoneStatusService: 	at android.net.wifi.IWifiManager$Stub$Proxy.getConnectionInfo(IWifiManager.java:4558)
01-27 08:59:13.447 15546 15609 W PhoneStatusService: 	at android.net.wifi.WifiManager.getConnectionInfo(WifiManager.java:4767)
01-27 08:59:13.447 15546 15609 W PhoneStatusService: 	at com.phoneintegration.app.desktop.PhoneStatusService.updateNetworkStatus(PhoneStatusService.kt:339)
01-27 08:59:13.447 15546 15609 W PhoneStatusService: 	at com.phoneintegration.app.desktop.PhoneStatusService.access$updateNetworkStatus(PhoneStatusService.kt:29)
01-27 08:59:13.447 15546 15609 W PhoneStatusService: 	at com.phoneintegration.app.desktop.PhoneStatusService$registerNetworkCallback$1.onCapabilitiesChanged(PhoneStatusService.kt:303)
01-27 08:59:13.447 15546 15609 W PhoneStatusService: 	at android.net.ConnectivityManager$CallbackHandler.handleMessage(ConnectivityManager.java:4691)
01-27 08:59:13.447 15546 15609 W PhoneStatusService: 	at android.os.Handler.dispatchMessage(Handler.java:132)
01-27 08:59:13.447 15546 15609 W PhoneStatusService: 	at android.os.Looper.dispatchMessage(Looper.java:358)
01-27 08:59:13.447 15546 15609 W PhoneStatusService: 	at android.os.Looper.loopOnce(Looper.java:288)
01-27 08:59:13.447 15546 15609 W PhoneStatusService: 	at android.os.Looper.loop(Looper.java:392)
01-27 08:59:13.447 15546 15609 W PhoneStatusService: 	at android.os.HandlerThread.run(HandlerThread.java:139)
01-27 08:59:13.447 15546 15609 W PhoneStatusService: Caused by: android.os.RemoteException: Remote stack trace:
01-27 08:59:13.447 15546 15609 W PhoneStatusService: 	at android.app.ContextImpl.enforce(ContextImpl.java:2649)
01-27 08:59:13.447 15546 15609 W PhoneStatusService: 	at android.app.ContextImpl.enforceCallingOrSelfPermission(ContextImpl.java:2677)
01-27 08:59:13.447 15546 15609 W PhoneStatusService: 	at android.content.ContextWrapper.enforceCallingOrSelfPermission(ContextWrapper.java:1067)
01-27 08:59:13.447 15546 15609 W PhoneStatusService: 	at com.android.server.wifi.WifiServiceImpl.enforceAccessPermission(WifiServiceImpl.java:1470)
01-27 08:59:13.447 15546 15609 W PhoneStatusService: 	at com.android.server.wifi.WifiServiceImpl.getConnectionInfo(WifiServiceImpl.java:5225)
01-27 08:59:13.447 15546 15609 W PhoneStatusService: 
01-27 08:59:13.448 15546 15609 W PhoneStatusService: No permission to access WiFi info
01-27 08:59:13.448 15546 15609 W PhoneStatusService: java.lang.SecurityException: WifiService: Neither user 10816 nor current process has android.permission.ACCESS_WIFI_STATE.
01-27 08:59:13.448 15546 15609 W PhoneStatusService: 	at android.os.Parcel.createExceptionOrNull(Parcel.java:3388)
01-27 08:59:13.448 15546 15609 W PhoneStatusService: 	at android.os.Parcel.createException(Parcel.java:3372)
01-27 08:59:13.448 15546 15609 W PhoneStatusService: 	at android.os.Parcel.readException(Parcel.java:3355)
01-27 08:59:13.448 15546 15609 W PhoneStatusService: 	at android.os.Parcel.readException(Parcel.java:3297)
01-27 08:59:13.448 15546 15609 W PhoneStatusService: 	at android.net.wifi.IWifiManager$Stub$Proxy.getConnectionInfo(IWifiManager.java:4558)
01-27 08:59:13.448 15546 15609 W PhoneStatusService: 	at android.net.wifi.WifiManager.getConnectionInfo(WifiManager.java:4767)
01-27 08:59:13.448 15546 15609 W PhoneStatusService: 	at com.phoneintegration.app.desktop.PhoneStatusService.updateNetworkStatus(PhoneStatusService.kt:339)
01-27 08:59:13.448 15546 15609 W PhoneStatusService: 	at com.phoneintegration.app.desktop.PhoneStatusService.access$updateNetworkStatus(PhoneStatusService.kt:29)
01-27 08:59:13.448 15546 15609 W PhoneStatusService: 	at com.phoneintegration.app.desktop.PhoneStatusService$registerNetworkCallback$1.onCapabilitiesChanged(PhoneStatusService.kt:303)
01-27 08:59:13.448 15546 15609 W PhoneStatusService: 	at android.net.ConnectivityManager$CallbackHandler.handleMessage(ConnectivityManager.java:4691)
01-27 08:59:13.448 15546 15609 W PhoneStatusService: 	at android.os.Handler.dispatchMessage(Handler.java:132)
01-27 08:59:13.448 15546 15609 W PhoneStatusService: 	at android.os.Looper.dispatchMessage(Looper.java:358)
01-27 08:59:13.448 15546 15609 W PhoneStatusService: 	at android.os.Looper.loopOnce(Looper.java:288)
01-27 08:59:13.448 15546 15609 W PhoneStatusService: 	at android.os.Looper.loop(Looper.java:392)
01-27 08:59:13.448 15546 15609 W PhoneStatusService: 	at android.os.HandlerThread.run(HandlerThread.java:139)
01-27 08:59:13.449 15546 15609 W PhoneStatusService: No permission to access WiFi info
01-27 08:59:13.449 15546 15609 W PhoneStatusService: java.lang.SecurityException: WifiService: Neither user 10816 nor current process has android.permission.ACCESS_WIFI_STATE.
01-27 08:59:13.449 15546 15609 W PhoneStatusService: 	at android.os.Parcel.createExceptionOrNull(Parcel.java:3388)
01-27 08:59:13.449 15546 15609 W PhoneStatusService: 	at android.os.Parcel.createException(Parcel.java:3372)
01-27 08:59:13.449 15546 15609 W PhoneStatusService: 	at android.os.Parcel.readException(Parcel.java:3355)
01-27 08:59:13.449 15546 15609 W PhoneStatusService: 	at android.os.Parcel.readException(Parcel.java:3297)
01-27 08:59:13.449 15546 15609 W PhoneStatusService: 	at android.net.wifi.IWifiManager$Stub$Proxy.getConnectionInfo(IWifiManager.java:4558)
01-27 08:59:13.449 15546 15609 W PhoneStatusService: 	at android.net.wifi.WifiManager.getConnectionInfo(WifiManager.java:4767)
01-27 08:59:13.449 15546 15609 W PhoneStatusService: 	at com.phoneintegration.app.desktop.PhoneStatusService.updateNetworkStatus(PhoneStatusService.kt:339)
01-27 08:59:13.449 15546 15609 W PhoneStatusService: 	at com.phoneintegration.app.desktop.PhoneStatusService.access$updateNetworkStatus(PhoneStatusService.kt:29)
01-27 08:59:13.449 15546 15609 W PhoneStatusService: 	at com.phoneintegration.app.desktop.PhoneStatusService$registerNetworkCallback$1.onCapabilitiesChanged(PhoneStatusService.kt:303)
01-27 08:59:13.449 15546 15609 W PhoneStatusService: 	at android.net.ConnectivityManager$CallbackHandler.handleMessage(ConnectivityManager.java:4691)
01-27 08:59:13.449 15546 15609 W PhoneStatusService: 	at android.os.Handler.dispatchMessage(Handler.java:132)
01-27 08:59:13.449 15546 15609 W PhoneStatusService: 	at android.os.Looper.dispatchMessage(Looper.java:358)
01-27 08:59:13.449 15546 15609 W PhoneStatusService: 	at android.os.Looper.loopOnce(Looper.java:288)
01-27 08:59:13.449 15546 15609 W PhoneStatusService: 	at android.os.Looper.loop(Looper.java:392)
01-27 08:59:13.449 15546 15609 W PhoneStatusService: 	at android.os.HandlerThread.run(HandlerThread.java:139)
01-27 08:59:13.453 15546 15546 I BLASTBufferQueue_Java: update, w= 908 h= 1324 mName = VRI[Pop-Up Window]@afa54ab mNativeObject= 0xb400007a1f46f5a0 sc.mNativeObject= 0xb400007a6f433510 format= -3 caller= android.view.ViewRootImpl.updateBlastSurfaceIfNeeded:3592 android.view.ViewRootImpl.relayoutWindow:11809 android.view.ViewRootImpl.performTraversals:4839 android.view.ViewRootImpl.doTraversal:3959 android.view.ViewRootImpl$TraversalRunnable.run:13030 android.view.Choreographer$CallbackRecord.run:1961 
01-27 08:59:13.453 15546 15546 I VRI[Pop-Up Window]@afa54ab: Relayout returned: old=(697,338,1425,1482) new=(697,338,1425,1482) relayoutAsync=true req=(728,1144)0 dur=0 res=0x0 s={true 0xb400007a5f449050} ch=false seqId=0
01-27 08:59:13.454 15546 15546 I VRI[Pop-Up Window]@afa54ab: registerCallbackForPendingTransactions
01-27 08:59:13.454 15546 15617 I VRI[Pop-Up Window]@afa54ab: mWNT: t=0xb400007acf48c960 mBlastBufferQueue=0xb400007a1f46f5a0 fn= 2 HdrRenderState mRenderHdrSdrRatio=1.0 caller= android.view.ViewRootImpl$10.onFrameDraw:6611 android.view.ViewRootImpl$4.onFrameDraw:2485 android.view.ThreadedRenderer$1.onFrameDraw:751 
01-27 08:59:13.458 15546 15546 I VRI[Pop-Up Window]@afa54ab: handleResized, frames=ClientWindowFrames{frame=[697,338][1425,1482] display=[0,128][1440,3064] parentFrame=[0,0][0,0] attachedFrame=[0,0][1440,3120]} displayId=0 dragResizing=false compatScale=1.0 frameChanged=false attachedFrameChanged=false configChanged=false displayChanged=false compatScaleChanged=false dragResizingChanged=false
01-27 08:59:13.458 15546 15546 I VRI[Pop-Up Window]@afa54ab: handleResized mSyncSeqId = 0
01-27 08:59:13.458 15546 15546 D VRI[Pop-Up Window]@afa54ab: reportNextDraw android.view.ViewRootImpl.handleResized:2995 android.view.ViewRootImpl.-$$Nest$mhandleResized:0 android.view.ViewRootImpl$W.resized:14196 android.app.servertransaction.WindowStateResizeItem.execute:81 android.app.servertransaction.WindowStateTransactionItem.execute:62 
01-27 08:59:13.458 15546 15546 I ImeFocusController: onPreWindowFocus: skipped hasWindowFocus=false mHasImeFocus=true
01-27 08:59:13.458 15546 15546 I ImeFocusController: onPostWindowFocus: skipped hasWindowFocus=false mHasImeFocus=true
01-27 08:59:13.463 15546 15546 I BLASTBufferQueue_Java: update, w= 908 h= 1324 mName = VRI[Pop-Up Window]@afa54ab mNativeObject= 0xb400007a1f46f5a0 sc.mNativeObject= 0xb400007a6f433510 format= -3 caller= android.view.ViewRootImpl.updateBlastSurfaceIfNeeded:3592 android.view.ViewRootImpl.relayoutWindow:11809 android.view.ViewRootImpl.performTraversals:4839 android.view.ViewRootImpl.doTraversal:3959 android.view.ViewRootImpl$TraversalRunnable.run:13030 android.view.Choreographer$CallbackRecord.run:1961 
01-27 08:59:13.463 15546 15546 I VRI[Pop-Up Window]@afa54ab: Relayout returned: old=(697,338,1425,1482) new=(697,338,1425,1482) relayoutAsync=true req=(728,1144)0 dur=0 res=0x0 s={true 0xb400007a5f449050} ch=false seqId=0
01-27 08:59:13.463 15546 15546 D VRI[Pop-Up Window]@afa54ab: Setup new sync=wmsSync-VRI[Pop-Up Window]@afa54ab#8
01-27 08:59:13.463 15546 15546 I VRI[Pop-Up Window]@afa54ab: Creating new active sync group VRI[Pop-Up Window]@afa54ab#9
01-27 08:59:13.463 15546 15546 D VRI[Pop-Up Window]@afa54ab: registerCallbacksForSync syncBuffer=false
01-27 08:59:13.463 15546 15618 D VRI[Pop-Up Window]@afa54ab: Received frameDrawingCallback syncResult=0 frameNum=3.
01-27 08:59:13.463 15546 15618 I VRI[Pop-Up Window]@afa54ab: mWNT: t=0xb400007acf48d740 mBlastBufferQueue=0xb400007a1f46f5a0 fn= 3 HdrRenderState mRenderHdrSdrRatio=1.0 caller= android.view.ViewRootImpl$12.onFrameDraw:15557 android.view.ThreadedRenderer$1.onFrameDraw:751 <bottom of call stack> 
01-27 08:59:13.463 15546 15618 I VRI[Pop-Up Window]@afa54ab: Setting up sync and frameCommitCallback
01-27 08:59:13.465 15546 15594 I VRI[Pop-Up Window]@afa54ab: Received frameCommittedCallback lastAttemptedDrawFrameNum=3 didProduceBuffer=true
01-27 08:59:13.465 15546 15546 D VRI[Pop-Up Window]@afa54ab: reportDrawFinished seqId=0
01-27 08:59:13.469 15546 15546 D VRI[Pop-Up Window]@afa54ab: mThreadedRenderer.initializeIfNeeded()#2 mSurface={isValid=true 0xb400007a5f449050}
01-27 08:59:13.469 15546 15546 D InputMethodManagerUtils: startInputInner - Id : 0
01-27 08:59:13.469 15546 15546 I InputMethodManager: startInputInner - IInputMethodManagerGlobalInvoker.startInputOrWindowGainedFocus
01-27 08:59:13.470 15546 15559 D InputTransport: Input channel constructed: 'ClientS', fd=312
01-27 08:59:13.471 15546 15546 D InsetsController: hide(ime())
01-27 08:59:13.471 15546 15546 I ImeTracker: com.phoneintegration.app:bb7600c3: onCancelled at PHASE_CLIENT_ALREADY_HIDDEN
01-27 08:59:14.064 15546 15546 I VRI[Pop-Up Window]@afa54ab: ViewPostIme pointer 0
01-27 08:59:14.072 15546 15546 I VRI[Pop-Up Window]@afa54ab: call setFrameRateCategory for touch hint category=high hint, reason=touch, vri=VRI[Pop-Up Window]@afa54ab
01-27 08:59:14.094 15546 15546 I BLASTBufferQueue_Java: update, w= 908 h= 1324 mName = VRI[Pop-Up Window]@afa54ab mNativeObject= 0xb400007a1f46f5a0 sc.mNativeObject= 0xb400007a6f433510 format= -3 caller= android.view.ViewRootImpl.updateBlastSurfaceIfNeeded:3592 android.view.ViewRootImpl.relayoutWindow:11809 android.view.ViewRootImpl.performTraversals:4839 android.view.ViewRootImpl.doTraversal:3959 android.view.ViewRootImpl$TraversalRunnable.run:13030 android.view.Choreographer$CallbackRecord.run:1961 
01-27 08:59:14.094 15546 15546 I VRI[Pop-Up Window]@afa54ab: Relayout returned: old=(697,338,1425,1482) new=(697,338,1425,1482) relayoutAsync=true req=(728,1144)0 dur=0 res=0x0 s={true 0xb400007a5f449050} ch=false seqId=0
01-27 08:59:14.094 15546 15546 I VRI[Pop-Up Window]@afa54ab: registerCallbackForPendingTransactions
01-27 08:59:14.095 15546 15617 I VRI[Pop-Up Window]@afa54ab: mWNT: t=0xb400007acf45cbf0 mBlastBufferQueue=0xb400007a1f46f5a0 fn= 13 HdrRenderState mRenderHdrSdrRatio=1.0 caller= android.view.ViewRootImpl$10.onFrameDraw:6611 android.view.ViewRootImpl$4.onFrameDraw:2485 android.view.ThreadedRenderer$1.onFrameDraw:751 
01-27 08:59:14.095 15546 15594 I BLASTBufferQueue_Java: applyPendingTransactions, mName= VRI[Pop-Up Window]@afa54ab mNativeObject= 0xb400007a1f46f5a0 frameNumber= 13 caller= android.view.ViewRootImpl$10.lambda$onFrameDraw$0:6625 android.view.ViewRootImpl$10.$r8$lambda$9Asgene6-vG9RkigzOD8vEb0AKc:0 android.view.ViewRootImpl$10$$ExternalSyntheticLambda0.onFrameCommit:0 android.view.ThreadedRenderer$1.lambda$onFrameDraw$0:763 android.view.ThreadedRenderer$1$$ExternalSyntheticLambda0.onFrameCommit:0 <bottom of call stack> 
01-27 08:59:14.111 15546 15546 I VRI[Pop-Up Window]@afa54ab: ViewPostIme pointer 1
01-27 08:59:14.137 15546 15546 W WindowOnBackDispatcher: OnBackInvokedCallback is not enabled for the application.
01-27 08:59:14.137 15546 15546 W WindowOnBackDispatcher: Set 'android:enableOnBackInvokedCallback="true"' in the application manifest.
01-27 08:59:14.289 15546 15546 I WindowManager: WindowManagerGlobal#removeView, ty=1002, view=androidx.compose.ui.window.PopupLayout{68706fa V.E...... ......ID 0,0-728,1144 #1020002 android:id/content aid=1073741824}, caller=android.view.WindowManagerGlobal.removeView:654 android.view.WindowManagerImpl.removeViewImmediate:254 androidx.compose.ui.window.PopupLayout.dismiss:792 
01-27 08:59:14.289 15546 15546 D WindowOnBackDispatcher: setTopOnBackInvokedCallback (unwrapped): null
01-27 08:59:14.292 15546 15594 D HWUI    : endAllActiveAnimators on 0xb400007a5f4d8410 (UnprojectedRipple) with handle 0xb400007abf4790d0
01-27 08:59:14.292 15546 15546 I VRI[Pop-Up Window]@afa54ab: dispatchDetachedFromWindow
01-27 08:59:14.302 15546 15546 D InputTransport: Input channel destroyed: '2d23b18', fd=308
01-27 08:59:14.338 15546 15546 I InsetsSourceConsumer: applyRequestedVisibilityToControl: visible=true, type=navigationBars, host=com.phoneintegration.app/com.phoneintegration.app.MainActivity
01-27 08:59:14.339 15546 15546 I InsetsSourceConsumer: applyRequestedVisibilityToControl: visible=true, type=statusBars, host=com.phoneintegration.app/com.phoneintegration.app.MainActivity
01-27 08:59:14.339 15546 15546 D VRI[MainActivity]@4616e63: mThreadedRenderer.initializeIfNeeded()#2 mSurface={isValid=true 0xb400007a5f4700c0}
01-27 08:59:14.339 15546 15546 D InputMethodManagerUtils: startInputInner - Id : 0
01-27 08:59:14.339 15546 15546 I InputMethodManager: startInputInner - IInputMethodManagerGlobalInvoker.startInputOrWindowGainedFocus
01-27 08:59:14.341 15546 15876 D InputTransport: Input channel constructed: 'ClientS', fd=300
01-27 08:59:14.353 15546 15546 D InsetsController: hide(ime())
01-27 08:59:14.353 15546 15546 I ImeTracker: com.phoneintegration.app:fb515cd3: onCancelled at PHASE_CLIENT_ALREADY_HIDDEN
01-27 08:59:16.323 15546 15546 I VRI[MainActivity]@4616e63: call setFrameRateCategory for touch hint category=no preference, reason=boost timeout, vri=VRI[MainActivity]@4616e63
01-27 08:59:19.641 15546 15890 E PhoneStatusService: Error syncing phone status
01-27 08:59:19.641 15546 15890 E PhoneStatusService: kotlinx.coroutines.JobCancellationException: StandaloneCoroutine was cancelled; job=StandaloneCoroutine{Cancelling}@309a934
01-27 08:59:19.971 15546 15546 I VRI[MainActivity]@4616e63: ViewPostIme pointer 0
01-27 08:59:19.989 15546 15546 I VRI[MainActivity]@4616e63: call setFrameRateCategory for touch hint category=high hint, reason=touch, vri=VRI[MainActivity]@4616e63
01-27 08:59:20.022 15546 15546 I VRI[MainActivity]@4616e63: ViewPostIme pointer 1
01-27 08:59:20.059 15546 15546 D PreferencesManager: Initialized with background_sync_enabled: false, notification_mirror_enabled: false
01-27 08:59:20.059 15546 15546 D PreferencesManager: No auto-backup found
01-27 08:59:20.065 15546 15546 E E2EEManager: Error loading E2EE keys
01-27 08:59:20.065 15546 15546 E E2EEManager: javax.crypto.AEADBadTagException
01-27 08:59:20.065 15546 15546 E E2EEManager: 	at android.security.keystore2.AndroidKeyStoreCipherSpiBase.engineDoFinal(AndroidKeyStoreCipherSpiBase.java:638)
01-27 08:59:20.065 15546 15546 E E2EEManager: 	at javax.crypto.Cipher.doFinal(Cipher.java:2074)
01-27 08:59:20.065 15546 15546 E E2EEManager: 	at com.phoneintegration.app.e2ee.SignalProtocolManager.decryptWithKeystore(SignalProtocolManager.kt:147)
01-27 08:59:20.065 15546 15546 E E2EEManager: 	at com.phoneintegration.app.e2ee.SignalProtocolManager.loadExistingKeys(SignalProtocolManager.kt:211)
01-27 08:59:20.065 15546 15546 E E2EEManager: 	at com.phoneintegration.app.e2ee.SignalProtocolManager.initializeKeys(SignalProtocolManager.kt:154)
01-27 08:59:20.065 15546 15546 E E2EEManager: 	at com.phoneintegration.app.desktop.DesktopSyncService.<init>(DesktopSyncService.kt:141)
01-27 08:59:20.065 15546 15546 E E2EEManager: 	at com.phoneintegration.app.ui.desktop.DesktopIntegrationScreenKt.DesktopIntegrationScreen(DesktopIntegrationScreen.kt:89)
01-27 08:59:20.065 15546 15546 E E2EEManager: 	at com.phoneintegration.app.ui.navigation.MainNavigationKt.MainNavigation$lambda$169$lambda$168$lambda$107(MainNavigation.kt:301)
01-27 08:59:20.065 15546 15546 E E2EEManager: 	at com.phoneintegration.app.ui.navigation.MainNavigationKt$$ExternalSyntheticLambda63.invoke(D8$$SyntheticClass:0)
01-27 08:59:20.065 15546 15546 E E2EEManager: 	at androidx.compose.runtime.internal.ComposableLambdaImpl.invoke(ComposableLambda.jvm.kt:139)
01-27 08:59:20.065 15546 15546 E E2EEManager: 	at androidx.compose.runtime.internal.ComposableLambdaImpl.invoke(ComposableLambda.jvm.kt:35)
01-27 08:59:20.065 15546 15546 E E2EEManager: 	at androidx.navigation.compose.NavHostKt$NavHost$32$1.invoke(NavHost.kt:694)
01-27 08:59:20.065 15546 15546 E E2EEManager: 	at androidx.navigation.compose.NavHostKt$NavHost$32$1.invoke(NavHost.kt:693)
01-27 08:59:20.065 15546 15546 E E2EEManager: 	at androidx.compose.runtime.internal.ComposableLambdaImpl.invoke(ComposableLambda.jvm.kt:109)
01-27 08:59:20.065 15546 15546 E E2EEManager: 	at androidx.compose.runtime.internal.ComposableLambdaImpl.invoke(ComposableLambda.jvm.kt:35)
01-27 08:59:20.065 15546 15546 E E2EEManager: 	at androidx.compose.runtime.CompositionLocalKt.CompositionLocalProvider(CompositionLocal.kt:401)
01-27 08:59:20.065 15546 15546 E E2EEManager: 	at androidx.compose.runtime.saveable.SaveableStateHolderImpl.SaveableStateProvider(SaveableStateHolder.kt:85)
01-27 08:59:20.065 15546 15546 E E2EEManager: 	at androidx.navigation.compose.NavBackStackEntryProviderKt.SaveableStateProvider(NavBackStackEntryProvider.kt:65)
01-27 08:59:20.065 15546 15546 E E2EEManager: 	at androidx.navigation.compose.NavBackStackEntryProviderKt.access$SaveableStateProvider(NavBackStackEntryProvider.kt:1)
01-27 08:59:20.065 15546 15546 E E2EEManager: 	at androidx.navigation.compose.NavBackStackEntryProviderKt$LocalOwnersProvider$1.invoke(NavBackStackEntryProvider.kt:52)
01-27 08:59:20.065 15546 15546 E E2EEManager: 	at androidx.navigation.compose.NavBackStackEntryProviderKt$LocalOwnersProvider$1.invoke(NavBackStackEntryProvider.kt:51)
01-27 08:59:20.065 15546 15546 E E2EEManager: 	at androidx.compose.runtime.internal.ComposableLambdaImpl.invoke(ComposableLambda.jvm.kt:109)
01-27 08:59:20.065 15546 15546 E E2EEManager: 	at androidx.compose.runtime.internal.ComposableLambdaImpl.invoke(ComposableLambda.jvm.kt:35)
01-27 08:59:20.065 15546 15546 E E2EEManager: 	at androidx.compose.runtime.CompositionLocalKt.CompositionLocalProvider(CompositionLocal.kt:380)
01-27 08:59:20.065 15546 15546 E E2EEManager: 	at androidx.navigation.compose.NavBackStackEntryProviderKt.LocalOwnersProvider(NavBackStackEntryProvider.kt:47)
01-27 08:59:20.065 15546 15546 E E2EEManager: 	at androidx.navigation.compose.NavHostKt$NavHost$32.invoke(NavHost.kt:693)
01-27 08:59:20.065 15546 15546 E E2EEManager: 	at androidx.navigation.compose.NavHostKt$NavHost$32.invoke(NavHost.kt:674)
01-27 08:59:20.065 15546 15546 E E2EEManager: 	at androidx.compose.runtime.internal.ComposableLambdaImpl.invoke(ComposableLambda.jvm.kt:139)
01-27 08:59:20.065 15546 15546 E E2EEManager: 	at androidx.compose.runtime.internal.ComposableLambdaImpl.invoke(ComposableLambda.jvm.kt:35)
01-27 08:59:20.065 15546 15546 E E2EEManager: 	at androidx.compose.animation.AnimatedContentKt$AnimatedContent$6$1$5.invoke(AnimatedContent.kt:803)
01-27 08:59:20.065 15546 15546 E E2EEManager: 	at androidx.compose.animation.AnimatedContentKt$AnimatedContent$6$1$5.invoke(AnimatedContent.kt:792)
01-27 08:59:20.065 15546 15546 E E2EEManager: 	at androidx.compose.runtime.internal.ComposableLambdaImpl.invoke(ComposableLambda.jvm.kt:118)
01-27 08:59:20.065 15546 15546 E E2EEManager: 	at androidx.compose.runtime.internal.ComposableLambdaImpl.invoke(ComposableLambda.jvm.kt:35)
01-27 08:59:20.065 15546 15546 E E2EEManager: 	at androidx.compose.animation.AnimatedVisibilityKt.AnimatedEnterExitImpl(AnimatedVisibility.kt:771)
01-27 08:59:20.065 15546 15546 E E2EEManager: 	at androidx.compose.animation.AnimatedContentKt$AnimatedContent$6$1.invoke(AnimatedContent.kt:774)
01-27 08:59:20.065 15546 15546 E E2EEManager: 	at androidx.compose.animation.AnimatedContentKt$AnimatedContent$6$1.invoke(AnimatedContent.kt:757)
01-27 08:59:20.065 15546 15546 E E2EEManager: 	at androidx.compose.runtime.internal.ComposableLambdaImpl.invoke(ComposableLambda.jvm.kt:109)
01-27 08:59:20.065 15546 15546 E E2EEManager: 	at androidx.compose.runtime.internal.ComposableLambdaImpl.invoke(ComposableLambda.jvm.kt:35)
01-27 08:59:20.065 15546 15546 E E2EEManager: 	at androidx.compose.animation.AnimatedContentKt.AnimatedContent(AnimatedContent.kt:816)
01-27 08:59:20.065 15546 15546 E E2EEManager: 	at androidx.navigation.compose.NavHostKt.NavHost(NavHost.kt:646)
01-27 08:59:20.065 15546 15546 E E2EEManager: 	at androidx.navigation.compose.NavHostKt$NavHost$34.invoke(Unknown Source:29)
01-27 08:59:20.065 15546 15546 E E2EEManager: 	at androidx.navigation.compose.NavHostKt$NavHost$34.invoke(Unknown Source:10)
01-27 08:59:20.065 15546 15546 E E2EEManager: 	at androidx.compose.runtime.RecomposeScopeImpl.compose(RecomposeScopeImpl.kt:192)
01-27 08:59:20.065 15546 15546 E E2EEManager: 	at androidx.compose.runtime.ComposerImpl.recomposeToGroupEnd(Composer.kt:2825)
01-27 08:59:20.065 15546 15546 E E2EEManager: 	at androidx.compose.runtime.ComposerImpl.skipCurrentGroup(Composer.kt:3116)
01-27 08:59:20.065 15546 15546 E E2EEManager: 	at androidx.compose.runtime.ComposerImpl.doCompose(Composer.kt:3607)
01-27 08:59:20.065 15546 15546 E E2EEManager: 	at androidx.compose.runtime.ComposerImpl.recompose$runtime_release(Composer.kt:3552)
01-27 08:59:20.065 15546 15546 E E2EEManager: 	at androidx.compose.runtime.CompositionImpl.recompose(Composition.kt:948)
01-27 08:59:20.065 15546 15546 E E2EEManager: 	at androidx.compose.runtime.Recomposer.performRecompose(Recomposer.kt:1206)
01-27 08:59:20.065 15546 15546 E E2EEManager: 	at androidx.compose.runtime.Recomposer.access$performRecompose(Recomposer.kt:132)
01-27 08:59:20.065 15546 15546 E E2EEManager: 	at androidx.compose.runtime.Recomposer$runRecomposeAndApplyChanges$2$1.invoke(Recomposer.kt:616)
01-27 08:59:20.065 15546 15546 E E2EEManager: 	at androidx.compose.runtime.Recomposer$runRecomposeAndApplyChanges$2$1.invoke(Recomposer.kt:585)
01-27 08:59:20.065 15546 15546 E E2EEManager: 	at androidx.compose.ui.platform.AndroidUiFrameClock$withFrameNanos$2$callback$1.doFrame(AndroidUiFrameClock.android.kt:41)
01-27 08:59:20.065 15546 15546 E E2EEManager: 	at androidx.compose.ui.platform.AndroidUiDispatcher.performFrameDispatch(AndroidUiDispatcher.android.kt:109)
01-27 08:59:20.065 15546 15546 E E2EEManager: 	at androidx.compose.ui.platform.AndroidUiDispatcher.access$performFrameDispatch(AndroidUiDispatcher.android.kt:41)
01-27 08:59:20.065 15546 15546 E E2EEManager: 	at androidx.compose.ui.platform.AndroidUiDispatcher$dispatchCallback$1.doFrame(AndroidUiDispatcher.android.kt:69)
01-27 08:59:20.065 15546 15546 E E2EEManager: 	at android.view.Choreographer$CallbackRecord.run(Choreographer.java:1959)
01-27 08:59:20.065 15546 15546 E E2EEManager: 	at android.view.Choreographer$CallbackRecord.run(Choreographer.java:1970)
01-27 08:59:20.065 15546 15546 E E2EEManager: 	at android.view.Choreographer.doCallbacks(Choreographer.java:1423)
01-27 08:59:20.065 15546 15546 E E2EEManager: 	at android.view.Choreographer.doFrame(Choreographer.java:1338)
01-27 08:59:20.065 15546 15546 E E2EEManager: 	at android.view.Choreographer$FrameDisplayEventReceiver.run(Choreographer.java:1930)
01-27 08:59:20.065 15546 15546 E E2EEManager: 	at android.os.Handler.handleCallback(Handler.java:1070)
01-27 08:59:20.065 15546 15546 E E2EEManager: 	at android.os.Handler.dispatchMessage(Handler.java:125)
01-27 08:59:20.065 15546 15546 E E2EEManager: 	at android.os.Looper.dispatchMessage(Looper.java:358)
01-27 08:59:20.065 15546 15546 E E2EEManager: 	at android.os.Looper.loopOnce(Looper.java:288)
01-27 08:59:20.065 15546 15546 E E2EEManager: 	at android.os.Looper.loop(Looper.java:392)
01-27 08:59:20.065 15546 15546 E E2EEManager: 	at android.app.ActivityThread.main(ActivityThread.java:10343)
01-27 08:59:20.065 15546 15546 E E2EEManager: 	at java.lang.reflect.Method.invoke(Native Method)
01-27 08:59:20.065 15546 15546 E E2EEManager: 	at com.android.internal.os.RuntimeInit$MethodAndArgsCaller.run(RuntimeInit.java:605)
01-27 08:59:20.065 15546 15546 E E2EEManager: 	at com.android.internal.os.ZygoteInit.main(ZygoteInit.java:972)
01-27 08:59:20.065 15546 15546 E E2EEManager: Caused by: android.security.KeyStoreException: Signature/MAC verification failed (internal Keystore code: -30 message: system/security/keystore2/src/operation.rs:853: KeystoreOperation::finish
01-27 08:59:20.065 15546 15546 E E2EEManager: 
01-27 08:59:20.065 15546 15546 E E2EEManager: Caused by:
01-27 08:59:20.065 15546 15546 E E2EEManager:     0: system/security/keystore2/src/operation.rs:434: Finish failed for AppUid(10816)
01-27 08:59:20.065 15546 15546 E E2EEManager:     1: Error::Km(r#VERIFICATION_FAILED)) (public error code: 10 internal Keystore code: -30)
01-27 08:59:20.065 15546 15546 E E2EEManager: 	at android.security.KeyStore2.getKeyStoreException(KeyStore2.java:466)
01-27 08:59:20.065 15546 15546 E E2EEManager: 	at android.security.KeyStoreOperation.handleExceptions(KeyStoreOperation.java:79)
01-27 08:59:20.065 15546 15546 E E2EEManager: 	at android.security.KeyStoreOperation.finish(KeyStoreOperation.java:132)
01-27 08:59:20.065 15546 15546 E E2EEManager: 	at android.security.keystore2.KeyStoreCryptoOperationChunkedStreamer$MainDataStream.finish(KeyStoreCryptoOperationChunkedStreamer.java:228)
01-27 08:59:20.065 15546 15546 E E2EEManager: 	at android.security.keystore2.KeyStoreCryptoOperationChunkedStreamer.doFinal(KeyStoreCryptoOperationChunkedStreamer.java:181)
01-27 08:59:20.065 15546 15546 E E2EEManager: 	at android.security.keystore2.AndroidKeyStoreAuthenticatedAESCipherSpi$BufferAllOutputUntilDoFinalStreamer.doFinal(AndroidKeyStoreAuthenticatedAESCipherSpi.java:396)
01-27 08:59:20.065 15546 15546 E E2EEManager: 	at android.security.keystore2.AndroidKeyStoreCipherSpiBase.engineDoFinal(AndroidKeyStoreCipherSpiBase.java:630)
01-27 08:59:20.065 15546 15546 E E2EEManager: 	... 69 more
01-27 08:59:20.070 15546 15546 D PreferencesManager: Initialized with background_sync_enabled: false, notification_mirror_enabled: false
01-27 08:59:20.070 15546 15546 D PreferencesManager: No auto-backup found
01-27 08:59:20.161 15546 15546 D DesktopIntegrationScreen: Screen appeared, loading devices...
01-27 08:59:20.161 15546 15546 D DesktopIntegrationScreen: Loading devices (forceRefresh=false)
01-27 08:59:20.162 15546 15546 D DesktopIntegrationScreen: Device list updated: 0 devices
01-27 08:59:20.163 15546 15890 D DesktopSyncService: Fetching device info from getDeviceInfoV2 (user: Z1Tc1FBFVPXH1bsC68Ut3IDRCFq1)
01-27 08:59:20.166 15546 15654 W FirebaseContextProvider: Error getting App Check token. Error: com.google.firebase.FirebaseException: No AppCheckProvider installed.
01-27 08:59:21.156 15546 15546 I VRI[MainActivity]@4616e63: ViewPostIme pointer 0
01-27 08:59:21.203 15546 15546 I VRI[MainActivity]@4616e63: ViewPostIme pointer 1
01-27 08:59:22.031 15546 17140 D DesktopSyncService: Device info: 2/3 devices, plan=free, canAdd=true, parsedDevices=1
01-27 08:59:22.032 15546 17140 D DesktopIntegrationScreen: Device info: count=2, limit=3, canAdd=true
01-27 08:59:22.032 15546 17140 D DesktopIntegrationScreen: Desktop devices: 1
01-27 08:59:22.032 15546 17140 D DesktopIntegrationScreen:   Device: Siva AI (macos)
01-27 08:59:22.033 15546 15546 D PairedDevicesCache: Updating cache with 1 devices
01-27 08:59:22.034 15546 15546 D DesktopIntegrationScreen: Cache updated: 1 desktop devices, total count=2/3
01-27 08:59:22.034 15546 15546 D DesktopSyncService: Updated paired devices cache: hasPaired=true, count=1
01-27 08:59:22.041 15546 15546 I VRI[MainActivity]@4616e63: ViewPostIme pointer 0
01-27 08:59:22.094 15546 15546 I VRI[MainActivity]@4616e63: ViewPostIme pointer 1
01-27 08:59:24.436 15546 15546 I VRI[MainActivity]@4616e63: ViewPostIme pointer 0
01-27 08:59:24.525 15546 15546 I VRI[MainActivity]@4616e63: ViewPostIme pointer 1
01-27 08:59:24.547 15546 15546 D PreferencesManager: Initialized with background_sync_enabled: false, notification_mirror_enabled: false
01-27 08:59:24.547 15546 15546 D PreferencesManager: No auto-backup found
01-27 08:59:24.557 15546 15546 E E2EEManager: Error loading E2EE keys
01-27 08:59:24.557 15546 15546 E E2EEManager: javax.crypto.AEADBadTagException
01-27 08:59:24.557 15546 15546 E E2EEManager: 	at android.security.keystore2.AndroidKeyStoreCipherSpiBase.engineDoFinal(AndroidKeyStoreCipherSpiBase.java:638)
01-27 08:59:24.557 15546 15546 E E2EEManager: 	at javax.crypto.Cipher.doFinal(Cipher.java:2074)
01-27 08:59:24.557 15546 15546 E E2EEManager: 	at com.phoneintegration.app.e2ee.SignalProtocolManager.decryptWithKeystore(SignalProtocolManager.kt:147)
01-27 08:59:24.557 15546 15546 E E2EEManager: 	at com.phoneintegration.app.e2ee.SignalProtocolManager.loadExistingKeys(SignalProtocolManager.kt:211)
01-27 08:59:24.557 15546 15546 E E2EEManager: 	at com.phoneintegration.app.e2ee.SignalProtocolManager.initializeKeys(SignalProtocolManager.kt:154)
01-27 08:59:24.557 15546 15546 E E2EEManager: 	at com.phoneintegration.app.desktop.DesktopSyncService.<init>(DesktopSyncService.kt:141)
01-27 08:59:24.557 15546 15546 E E2EEManager: 	at com.phoneintegration.app.ui.settings.SyncSettingsScreenKt$SyncSettingsScreen$2$1$2$1$1.invokeSuspend(SyncSettingsScreen.kt:137)
01-27 08:59:24.557 15546 15546 E E2EEManager: 	at kotlin.coroutines.jvm.internal.BaseContinuationImpl.resumeWith(ContinuationImpl.kt:33)
01-27 08:59:24.557 15546 15546 E E2EEManager: 	at kotlinx.coroutines.DispatchedTask.run(DispatchedTask.kt:104)
01-27 08:59:24.557 15546 15546 E E2EEManager: 	at androidx.compose.ui.platform.AndroidUiDispatcher.performTrampolineDispatch(AndroidUiDispatcher.android.kt:81)
01-27 08:59:24.557 15546 15546 E E2EEManager: 	at androidx.compose.ui.platform.AndroidUiDispatcher.access$performTrampolineDispatch(AndroidUiDispatcher.android.kt:41)
01-27 08:59:24.557 15546 15546 E E2EEManager: 	at androidx.compose.ui.platform.AndroidUiDispatcher$dispatchCallback$1.run(AndroidUiDispatcher.android.kt:57)
01-27 08:59:24.557 15546 15546 E E2EEManager: 	at android.os.Handler.handleCallback(Handler.java:1070)
01-27 08:59:24.557 15546 15546 E E2EEManager: 	at android.os.Handler.dispatchMessage(Handler.java:125)
01-27 08:59:24.557 15546 15546 E E2EEManager: 	at android.os.Looper.dispatchMessage(Looper.java:358)
01-27 08:59:24.557 15546 15546 E E2EEManager: 	at android.os.Looper.loopOnce(Looper.java:288)
01-27 08:59:24.557 15546 15546 E E2EEManager: 	at android.os.Looper.loop(Looper.java:392)
01-27 08:59:24.557 15546 15546 E E2EEManager: 	at android.app.ActivityThread.main(ActivityThread.java:10343)
01-27 08:59:24.557 15546 15546 E E2EEManager: 	at java.lang.reflect.Method.invoke(Native Method)
01-27 08:59:24.557 15546 15546 E E2EEManager: 	at com.android.internal.os.RuntimeInit$MethodAndArgsCaller.run(RuntimeInit.java:605)
01-27 08:59:24.557 15546 15546 E E2EEManager: 	at com.android.internal.os.ZygoteInit.main(ZygoteInit.java:972)
01-27 08:59:24.557 15546 15546 E E2EEManager: Caused by: android.security.KeyStoreException: Signature/MAC verification failed (internal Keystore code: -30 message: system/security/keystore2/src/operation.rs:853: KeystoreOperation::finish
01-27 08:59:24.557 15546 15546 E E2EEManager: 
01-27 08:59:24.557 15546 15546 E E2EEManager: Caused by:
01-27 08:59:24.557 15546 15546 E E2EEManager:     0: system/security/keystore2/src/operation.rs:434: Finish failed for AppUid(10816)
01-27 08:59:24.557 15546 15546 E E2EEManager:     1: Error::Km(r#VERIFICATION_FAILED)) (public error code: 10 internal Keystore code: -30)
01-27 08:59:24.557 15546 15546 E E2EEManager: 	at android.security.KeyStore2.getKeyStoreException(KeyStore2.java:466)
01-27 08:59:24.557 15546 15546 E E2EEManager: 	at android.security.KeyStoreOperation.handleExceptions(KeyStoreOperation.java:79)
01-27 08:59:24.557 15546 15546 E E2EEManager: 	at android.security.KeyStoreOperation.finish(KeyStoreOperation.java:132)
01-27 08:59:24.557 15546 15546 E E2EEManager: 	at android.security.keystore2.KeyStoreCryptoOperationChunkedStreamer$MainDataStream.finish(KeyStoreCryptoOperationChunkedStreamer.java:228)
01-27 08:59:24.557 15546 15546 E E2EEManager: 	at android.security.keystore2.KeyStoreCryptoOperationChunkedStreamer.doFinal(KeyStoreCryptoOperationChunkedStreamer.java:181)
01-27 08:59:24.557 15546 15546 E E2EEManager: 	at android.security.keystore2.AndroidKeyStoreAuthenticatedAESCipherSpi$BufferAllOutputUntilDoFinalStreamer.doFinal(AndroidKeyStoreAuthenticatedAESCipherSpi.java:396)
01-27 08:59:24.557 15546 15546 E E2EEManager: 	at android.security.keystore2.AndroidKeyStoreCipherSpiBase.engineDoFinal(AndroidKeyStoreCipherSpiBase.java:630)
01-27 08:59:24.557 15546 15546 E E2EEManager: 	... 20 more
01-27 08:59:24.566 15546 15890 D SmsRepository: Loading messages from last 30 days (since Sun Dec 28 08:59:24 EST 2025)
01-27 08:59:24.581 15546 15890 D SmsRepository: Loaded 15 SMS messages from last 30 days
01-27 08:59:24.585 15546 15890 D MmsHelper: MMS 967 address entry: address='+12488542991', type=137
01-27 08:59:24.585 15546 15890 D MmsHelper: MMS 967 using address: '+12488542991' (type: 137)
01-27 08:59:24.589 15546 15890 D MmsHelper: MMS 967 part 1: Getting this issue when pre ordering new card
01-27 08:59:24.589 15546 15890 D MmsHelper: MMS 967: Found 1 text/plain parts
01-27 08:59:24.590 15546 15890 D MmsHelper: MMS 967: Returning text length=45
01-27 08:59:24.593 15546 15890 D MmsHelper: MMS 964 address entry: address='wishfin_personal_loan_cefniz61_agent@rbm.goog', type=130
01-27 08:59:24.593 15546 15890 D MmsHelper: MMS 964 address entry: address='wishfin_personal_loan_cefniz61_agent@rbm.goog', type=137
01-27 08:59:24.593 15546 15890 D MmsHelper: MMS 964 using address: 'wishfin_personal_loan_cefniz61_agent@rbm.goog' (type: 137)
01-27 08:59:24.596 15546 15890 D MmsHelper: MMS 964: Found 0 text/plain parts
01-27 08:59:24.597 15546 15890 D MmsHelper: MMS 964: Returning text length=null
01-27 08:59:24.601 15546 15890 D MmsHelper: MMS 965 address entry: address='hamleys_kpq3utym_agent@rbm.goog', type=130
01-27 08:59:24.601 15546 15890 D MmsHelper: MMS 965 address entry: address='hamleys_kpq3utym_agent@rbm.goog', type=137
01-27 08:59:24.601 15546 15890 D MmsHelper: MMS 965 using address: 'hamleys_kpq3utym_agent@rbm.goog' (type: 137)
01-27 08:59:24.603 15546 15890 D MmsHelper: MMS 965: Found 0 text/plain parts
01-27 08:59:24.603 15546 15890 D MmsHelper: MMS 965: Returning text length=null
01-27 08:59:24.606 15546 15890 D MmsHelper: MMS 966 address entry: address='hamleys_kpq3utym_agent@rbm.goog', type=130
01-27 08:59:24.606 15546 15890 D MmsHelper: MMS 966 address entry: address='hamleys_kpq3utym_agent@rbm.goog', type=137
01-27 08:59:24.606 15546 15890 D MmsHelper: MMS 966 using address: 'hamleys_kpq3utym_agent@rbm.goog' (type: 137)
01-27 08:59:24.608 15546 15890 D MmsHelper: MMS 966: Found 0 text/plain parts
01-27 08:59:24.608 15546 15890 D MmsHelper: MMS 966: Returning text length=null
01-27 08:59:24.612 15546 15890 D MmsHelper: MMS 963 address entry: address='+12488542991', type=137
01-27 08:59:24.612 15546 15890 D MmsHelper: MMS 963 using address: '+12488542991' (type: 137)
01-27 08:59:24.613 15546 15890 D MmsHelper: MMS 963 part 1: boo
01-27 08:59:24.613 15546 15890 D MmsHelper: MMS 963: Found 1 text/plain parts
01-27 08:59:24.614 15546 15890 D MmsHelper: MMS 963: Returning text length=3
01-27 08:59:24.617 15546 15890 D MmsHelper: MMS 962 address entry: address='+12488542991', type=137
01-27 08:59:24.617 15546 15890 D MmsHelper: MMS 962 using address: '+12488542991' (type: 137)
01-27 08:59:24.618 15546 15890 D MmsHelper: MMS 962 part 1: jajaja
01-27 08:59:24.618 15546 15890 D MmsHelper: MMS 962: Found 1 text/plain parts
01-27 08:59:24.618 15546 15890 D MmsHelper: MMS 962: Returning text length=6
01-27 08:59:24.621 15546 15890 D MmsHelper: MMS 961 address entry: address='+12488542991', type=137
01-27 08:59:24.621 15546 15890 D MmsHelper: MMS 961 using address: '+12488542991' (type: 137)
01-27 08:59:24.623 15546 15890 D MmsHelper: MMS 961 part 1: heha
01-27 08:59:24.623 15546 15890 D MmsHelper: MMS 961: Found 1 text/plain parts
01-27 08:59:24.623 15546 15890 D MmsHelper: MMS 961: Returning text length=4
01-27 08:59:24.625 15546 15890 D MmsHelper: MMS 959 address entry: address='+12488542991', type=137
01-27 08:59:24.625 15546 15890 D MmsHelper: MMS 959 using address: '+12488542991' (type: 137)
01-27 08:59:24.628 15546 15890 D MmsHelper: MMS 959 part 1: ok
01-27 08:59:24.628 15546 15890 D MmsHelper: MMS 959: Found 1 text/plain parts
01-27 08:59:24.628 15546 15890 D MmsHelper: MMS 959: Returning text length=2
01-27 08:59:24.632 15546 15890 D MmsHelper: MMS 958 address entry: address='+12488542991', type=137
01-27 08:59:24.632 15546 15890 D MmsHelper: MMS 958 using address: '+12488542991' (type: 137)
01-27 08:59:24.633 15546 15890 D MmsHelper: MMS 958: Found 0 text/plain parts
01-27 08:59:24.633 15546 15890 D MmsHelper: MMS 958: Returning text length=null
01-27 08:59:24.636 15546 15890 D MmsHelper: MMS 957 address entry: address='+12488542991', type=137
01-27 08:59:24.636 15546 15890 D MmsHelper: MMS 957 using address: '+12488542991' (type: 137)
01-27 08:59:24.638 15546 15890 D MmsHelper: MMS 957 part 1: who is this ?
01-27 08:59:24.638 15546 15890 D MmsHelper: MMS 957: Found 1 text/plain parts
01-27 08:59:24.639 15546 15890 D MmsHelper: MMS 957: Returning text length=13
01-27 08:59:24.641 15546 15890 D MmsHelper: MMS 956 address entry: address='+12488542991', type=137
01-27 08:59:24.641 15546 15890 D MmsHelper: MMS 956 using address: '+12488542991' (type: 137)
01-27 08:59:24.643 15546 15890 D MmsHelper: MMS 956 part 1: let's see one more
01-27 08:59:24.643 15546 15890 D MmsHelper: MMS 956: Found 1 text/plain parts
01-27 08:59:24.643 15546 15890 D MmsHelper: MMS 956: Returning text length=18
01-27 08:59:24.647 15546 15890 D MmsHelper: MMS 955 address entry: address='+12488542991', type=137
01-27 08:59:24.647 15546 15890 D MmsHelper: MMS 955 using address: '+12488542991' (type: 137)
01-27 08:59:24.649 15546 15890 D MmsHelper: MMS 955 part 1: captured
01-27 08:59:24.649 15546 15890 D MmsHelper: MMS 955: Found 1 text/plain parts
01-27 08:59:24.649 15546 15890 D MmsHelper: MMS 955: Returning text length=8
01-27 08:59:24.652 15546 15890 D MmsHelper: MMS 954 address entry: address='+12488542991', type=137
01-27 08:59:24.652 15546 15890 D MmsHelper: MMS 954 using address: '+12488542991' (type: 137)
01-27 08:59:24.654 15546 15890 D MmsHelper: MMS 954 part 1: little pig
01-27 08:59:24.654 15546 15890 D MmsHelper: MMS 954: Found 1 text/plain parts
01-27 08:59:24.654 15546 15890 D MmsHelper: MMS 954: Returning text length=10
01-27 08:59:24.657 15546 15890 D MmsHelper: MMS 953 address entry: address='+12488542991', type=137
01-27 08:59:24.657 15546 15890 D MmsHelper: MMS 953 using address: '+12488542991' (type: 137)
01-27 08:59:24.659 15546 15890 D MmsHelper: MMS 953 part 1: goes you
01-27 08:59:24.659 15546 15890 D MmsHelper: MMS 953: Found 1 text/plain parts
01-27 08:59:24.659 15546 15890 D MmsHelper: MMS 953: Returning text length=8
01-27 08:59:24.663 15546 15890 D MmsHelper: MMS 952 address entry: address='+12488542991', type=137
01-27 08:59:24.663 15546 15890 D MmsHelper: MMS 952 using address: '+12488542991' (type: 137)
