01-27 08:59:24.665 15546 15890 D MmsHelper: MMS 952 part 1: let's do one more test
01-27 08:59:24.665 15546 15890 D MmsHelper: MMS 952: Found 1 text/plain parts
01-27 08:59:24.666 15546 15890 D MmsHelper: MMS 952: Returning text length=22
01-27 08:59:24.669 15546 15890 D MmsHelper: MMS 951 address entry: address='+12488542991', type=137
01-27 08:59:24.669 15546 15890 D MmsHelper: MMS 951 using address: '+12488542991' (type: 137)
01-27 08:59:24.672 15546 15890 D MmsHelper: MMS 951 part 1: ultimate test
01-27 08:59:24.672 15546 15890 D MmsHelper: MMS 951: Found 1 text/plain parts
01-27 08:59:24.673 15546 15890 D MmsHelper: MMS 951: Returning text length=13
01-27 08:59:24.677 15546 15890 D MmsHelper: MMS 950 address entry: address='+12488542991', type=137
01-27 08:59:24.677 15546 15890 D MmsHelper: MMS 950 using address: '+12488542991' (type: 137)
01-27 08:59:24.679 15546 15890 D MmsHelper: MMS 950: Found 0 text/plain parts
01-27 08:59:24.679 15546 15890 D MmsHelper: MMS 950: Returning text length=null
01-27 08:59:24.683 15546 15890 D MmsHelper: MMS 949 address entry: address='+12488542991', type=137
01-27 08:59:24.683 15546 15890 D MmsHelper: MMS 949 using address: '+12488542991' (type: 137)
01-27 08:59:24.685 15546 15890 D MmsHelper: MMS 949 part 1: sent
01-27 08:59:24.685 15546 15890 D MmsHelper: MMS 949: Found 1 text/plain parts
01-27 08:59:24.686 15546 15890 D MmsHelper: MMS 949: Returning text length=4
01-27 08:59:24.690 15546 15890 D MmsHelper: MMS 948 address entry: address='+12488542991', type=137
01-27 08:59:24.690 15546 15890 D MmsHelper: MMS 948 using address: '+12488542991' (type: 137)
01-27 08:59:24.693 15546 15890 D MmsHelper: MMS 948 part 1: jajajaja
01-27 08:59:24.693 15546 15890 D MmsHelper: MMS 948: Found 1 text/plain parts
01-27 08:59:24.693 15546 15890 D MmsHelper: MMS 948: Returning text length=8
01-27 08:59:24.698 15546 15890 D MmsHelper: MMS 947 address entry: address='2488542993', type=151
01-27 08:59:24.698 15546 15890 D MmsHelper: MMS 947 using address: '2488542993' (type: 151)
01-27 08:59:24.700 15546 15890 D MmsHelper: MMS 947: Found 0 text/plain parts
01-27 08:59:24.701 15546 15890 D MmsHelper: MMS 947: Returning text length=null
01-27 08:59:24.705 15546 15890 D MmsHelper: MMS 946 address entry: address='2488542993', type=151
01-27 08:59:24.705 15546 15890 D MmsHelper: MMS 946 using address: '2488542993' (type: 151)
01-27 08:59:24.708 15546 15890 D MmsHelper: MMS 946: Found 0 text/plain parts
01-27 08:59:24.708 15546 15890 D MmsHelper: MMS 946: Returning text length=null
01-27 08:59:24.711 15546 15890 D MmsHelper: MMS 945 address entry: address=' 12487293071', type=151
01-27 08:59:24.711 15546 15890 D MmsHelper: MMS 945 using address: ' 12487293071' (type: 151)
01-27 08:59:24.714 15546 15890 D MmsHelper: MMS 945: Found 0 text/plain parts
01-27 08:59:24.714 15546 15890 D MmsHelper: MMS 945: Returning text length=null
01-27 08:59:24.718 15546 15890 D MmsHelper: MMS 944 address entry: address='12487293071', type=151
01-27 08:59:24.718 15546 15890 D MmsHelper: MMS 944 using address: '12487293071' (type: 151)
01-27 08:59:24.719 15546 15890 D MmsHelper: MMS 944: Found 0 text/plain parts
01-27 08:59:24.720 15546 15890 D MmsHelper: MMS 944: Returning text length=null
01-27 08:59:24.724 15546 15890 D MmsHelper: MMS 943 address entry: address=' 12487293071', type=151
01-27 08:59:24.724 15546 15890 D MmsHelper: MMS 943 using address: ' 12487293071' (type: 151)
01-27 08:59:24.726 15546 15890 D MmsHelper: MMS 943: Found 0 text/plain parts
01-27 08:59:24.726 15546 15890 D MmsHelper: MMS 943: Returning text length=null
01-27 08:59:24.730 15546 15890 D MmsHelper: MMS 942 address entry: address='12487293071', type=151
01-27 08:59:24.730 15546 15890 D MmsHelper: MMS 942 using address: '12487293071' (type: 151)
01-27 08:59:24.732 15546 15890 D MmsHelper: MMS 942: Found 0 text/plain parts
01-27 08:59:24.732 15546 15890 D MmsHelper: MMS 942: Returning text length=null
01-27 08:59:24.735 15546 15890 D MmsHelper: MMS 941 address entry: address=' 12487293071', type=151
01-27 08:59:24.735 15546 15890 D MmsHelper: MMS 941 using address: ' 12487293071' (type: 151)
01-27 08:59:24.737 15546 15890 D MmsHelper: MMS 941: Found 0 text/plain parts
01-27 08:59:24.738 15546 15890 D MmsHelper: MMS 941: Returning text length=null
01-27 08:59:24.741 15546 15890 D MmsHelper: MMS 940 address entry: address='+12488542991', type=137
01-27 08:59:24.741 15546 15890 D MmsHelper: MMS 940 using address: '+12488542991' (type: 137)
01-27 08:59:24.743 15546 15890 D MmsHelper: MMS 940 part 1: ok
01-27 08:59:24.744 15546 15890 D MmsHelper: MMS 940: Found 1 text/plain parts
01-27 08:59:24.744 15546 15890 D MmsHelper: MMS 940: Returning text length=2
01-27 08:59:24.748 15546 15890 D MmsHelper: MMS 939 address entry: address='2488542993', type=151
01-27 08:59:24.748 15546 15890 D MmsHelper: MMS 939 using address: '2488542993' (type: 151)
01-27 08:59:24.749 15546 15890 D MmsHelper: MMS 939: Found 0 text/plain parts
01-27 08:59:24.750 15546 15890 D MmsHelper: MMS 939: Returning text length=null
01-27 08:59:24.754 15546 15890 D MmsHelper: MMS 937 address entry: address='+12488542991', type=137
01-27 08:59:24.755 15546 15890 D MmsHelper: MMS 937 using address: '+12488542991' (type: 137)
01-27 08:59:24.756 15546 15890 D MmsHelper: MMS 937 part 1: From google
01-27 08:59:24.756 15546 15890 D MmsHelper: MMS 937: Found 1 text/plain parts
01-27 08:59:24.757 15546 15890 D MmsHelper: MMS 937: Returning text length=11
01-27 08:59:24.760 15546 15890 D MmsHelper: MMS 938 address entry: address='+12488542991', type=137
01-27 08:59:24.760 15546 15890 D MmsHelper: MMS 938 using address: '+12488542991' (type: 137)
01-27 08:59:24.761 15546 15890 D MmsHelper: MMS 938: Found 0 text/plain parts
01-27 08:59:24.762 15546 15890 D MmsHelper: MMS 938: Returning text length=null
01-27 08:59:24.765 15546 15890 D MmsHelper: MMS 936 address entry: address='2488542993', type=151
01-27 08:59:24.765 15546 15890 D MmsHelper: MMS 936 using address: '2488542993' (type: 151)
01-27 08:59:24.767 15546 15890 D MmsHelper: MMS 936: Found 0 text/plain parts
01-27 08:59:24.767 15546 15890 D MmsHelper: MMS 936: Returning text length=null
01-27 08:59:24.771 15546 15890 D MmsHelper: MMS 935 address entry: address='+12488542991', type=137
01-27 08:59:24.771 15546 15890 D MmsHelper: MMS 935 using address: '+12488542991' (type: 137)
01-27 08:59:24.773 15546 15890 D MmsHelper: MMS 935 part 1: Ok
01-27 08:59:24.773 15546 15890 D MmsHelper: MMS 935: Found 1 text/plain parts
01-27 08:59:24.773 15546 15890 D MmsHelper: MMS 935: Returning text length=2
01-27 08:59:24.776 15546 15890 D MmsHelper: MMS 934 address entry: address='+12487293071', type=151
01-27 08:59:24.776 15546 15890 D MmsHelper: MMS 934 using address: '+12487293071' (type: 151)
01-27 08:59:24.779 15546 15890 D MmsHelper: MMS 934: Found 0 text/plain parts
01-27 08:59:24.779 15546 15890 D MmsHelper: MMS 934: Returning text length=null
01-27 08:59:24.783 15546 15890 D MmsHelper: MMS 933 address entry: address='+12487293071', type=151
01-27 08:59:24.783 15546 15890 D MmsHelper: MMS 933 using address: '+12487293071' (type: 151)
01-27 08:59:24.785 15546 15890 D MmsHelper: MMS 933: Found 0 text/plain parts
01-27 08:59:24.785 15546 15890 D MmsHelper: MMS 933: Returning text length=null
01-27 08:59:24.790 15546 15890 D MmsHelper: MMS 932 address entry: address='+12487293071', type=151
01-27 08:59:24.791 15546 15890 D MmsHelper: MMS 932 using address: '+12487293071' (type: 151)
01-27 08:59:24.793 15546 15890 D MmsHelper: MMS 932: Found 0 text/plain parts
01-27 08:59:24.793 15546 15890 D MmsHelper: MMS 932: Returning text length=null
01-27 08:59:24.797 15546 15890 D MmsHelper: MMS 931 address entry: address=' 12487293071', type=151
01-27 08:59:24.797 15546 15890 D MmsHelper: MMS 931 using address: ' 12487293071' (type: 151)
01-27 08:59:24.799 15546 15890 D MmsHelper: MMS 931: Found 0 text/plain parts
01-27 08:59:24.799 15546 15890 D MmsHelper: MMS 931: Returning text length=null
01-27 08:59:24.803 15546 15890 D MmsHelper: MMS 930 address entry: address=' 12487293071', type=151
01-27 08:59:24.803 15546 15890 D MmsHelper: MMS 930 using address: ' 12487293071' (type: 151)
01-27 08:59:24.805 15546 15890 D MmsHelper: MMS 930: Found 0 text/plain parts
01-27 08:59:24.806 15546 15890 D MmsHelper: MMS 930: Returning text length=null
01-27 08:59:24.809 15546 15890 D MmsHelper: MMS 929 address entry: address=' 12487293071', type=151
01-27 08:59:24.809 15546 15890 D MmsHelper: MMS 929 using address: ' 12487293071' (type: 151)
01-27 08:59:24.811 15546 15890 D MmsHelper: MMS 929: Found 0 text/plain parts
01-27 08:59:24.811 15546 15890 D MmsHelper: MMS 929: Returning text length=null
01-27 08:59:24.815 15546 15890 D MmsHelper: MMS 928 address entry: address=' 12487293071', type=151
01-27 08:59:24.815 15546 15890 D MmsHelper: MMS 928 using address: ' 12487293071' (type: 151)
01-27 08:59:24.817 15546 15890 D MmsHelper: MMS 928: Found 0 text/plain parts
01-27 08:59:24.817 15546 15890 D MmsHelper: MMS 928: Returning text length=null
01-27 08:59:24.820 15546 15890 D MmsHelper: MMS 927 address entry: address=' 12487293071', type=151
01-27 08:59:24.820 15546 15890 D MmsHelper: MMS 927 using address: ' 12487293071' (type: 151)
01-27 08:59:24.822 15546 15890 D MmsHelper: MMS 927: Found 0 text/plain parts
01-27 08:59:24.822 15546 15890 D MmsHelper: MMS 927: Returning text length=null
01-27 08:59:24.825 15546 15890 D MmsHelper: MMS 926 address entry: address=' 12487293071', type=151
01-27 08:59:24.825 15546 15890 D MmsHelper: MMS 926 using address: ' 12487293071' (type: 151)
01-27 08:59:24.826 15546 15890 D MmsHelper: MMS 926: Found 0 text/plain parts
01-27 08:59:24.827 15546 15890 D MmsHelper: MMS 926: Returning text length=null
01-27 08:59:24.831 15546 15890 D MmsHelper: MMS 925 address entry: address=' 12487293071', type=151
01-27 08:59:24.831 15546 15890 D MmsHelper: MMS 925 using address: ' 12487293071' (type: 151)
01-27 08:59:24.832 15546 15890 D MmsHelper: MMS 925: Found 0 text/plain parts
01-27 08:59:24.833 15546 15890 D MmsHelper: MMS 925: Returning text length=null
01-27 08:59:24.836 15546 15890 D MmsHelper: MMS 924 address entry: address=' 12487293071', type=151
01-27 08:59:24.836 15546 15890 D MmsHelper: MMS 924 using address: ' 12487293071' (type: 151)
01-27 08:59:24.837 15546 15890 D MmsHelper: MMS 924: Found 0 text/plain parts
01-27 08:59:24.838 15546 15890 D MmsHelper: MMS 924: Returning text length=null
01-27 08:59:24.841 15546 15890 D MmsHelper: MMS 923 address entry: address='+12488542991', type=137
01-27 08:59:24.841 15546 15890 D MmsHelper: MMS 923 using address: '+12488542991' (type: 137)
01-27 08:59:24.843 15546 15890 D MmsHelper: MMS 923 part 1: One more
01-27 08:59:24.843 15546 15890 D MmsHelper: MMS 923: Found 1 text/plain parts
01-27 08:59:24.843 15546 15890 D MmsHelper: MMS 923: Returning text length=8
01-27 08:59:24.847 15546 15890 D MmsHelper: MMS 922 address entry: address='+12487293071', type=130
01-27 08:59:24.847 15546 15890 D MmsHelper: MMS 922 address entry: address='+12487293071', type=137
01-27 08:59:24.847 15546 15890 D MmsHelper: MMS 922 using address: '+12487293071' (type: 137)
01-27 08:59:24.849 15546 15890 D MmsHelper: MMS 922 part 1: Received on messages but not on syncflow
01-27 08:59:24.849 15546 15890 D MmsHelper: MMS 922: Found 1 text/plain parts
01-27 08:59:24.849 15546 15890 D MmsHelper: MMS 922: Returning text length=40
01-27 08:59:24.852 15546 15890 D MmsHelper: MMS 921 address entry: address='+12488542991', type=137
01-27 08:59:24.852 15546 15890 D MmsHelper: MMS 921 using address: '+12488542991' (type: 137)
01-27 08:59:24.856 15546 15890 D MmsHelper: MMS 921 part 1: How is this
01-27 08:59:24.856 15546 15890 D MmsHelper: MMS 921: Found 1 text/plain parts
01-27 08:59:24.856 15546 15890 D MmsHelper: MMS 921: Returning text length=11
01-27 08:59:24.859 15546 15890 D MmsHelper: MMS 918 address entry: address='2145576007', type=137
01-27 08:59:24.859 15546 15890 D MmsHelper: MMS 918 using address: '2145576007' (type: 137)
01-27 08:59:24.861 15546 15890 D MmsHelper: MMS 918 part 1: Hey babe, I think I saw you on a dating app ðŸ‘€  
01-27 08:59:24.861 15546 15890 D MmsHelper: I
01-27 08:59:24.861 15546 15890 D MmsHelper: MMS 918: Found 1 text/plain parts
01-27 08:59:24.861 15546 15890 D MmsHelper: MMS 918: Returning text length=218
01-27 08:59:24.865 15546 15890 D MmsHelper: MMS 916 address entry: address='+18339913448', type=130
01-27 08:59:24.865 15546 15890 D MmsHelper: MMS 916 address entry: address='+18339913448', type=137
01-27 08:59:24.865 15546 15890 D MmsHelper: MMS 916 using address: '+18339913448' (type: 137)
01-27 08:59:24.867 15546 15890 D MmsHelper: MMS 916 part 1: Since I donâ€™t have direct access to your private A
01-27 08:59:24.867 15546 15890 D MmsHelper: MMS 916: Found 1 text/plain parts
01-27 08:59:24.867 15546 15890 D MmsHelper: MMS 916: Returning text length=2227
01-27 08:59:24.871 15546 15890 D MmsHelper: MMS 915 address entry: address='+919951054054', type=137
01-27 08:59:24.871 15546 15890 D MmsHelper: MMS 915 using address: '+919951054054' (type: 137)
01-27 08:59:24.874 15546 15890 D MmsHelper: MMS 915 part 1: How much I spent on amazon this month
01-27 08:59:24.874 15546 15890 D MmsHelper: MMS 915: Found 1 text/plain parts
01-27 08:59:24.874 15546 15890 D MmsHelper: MMS 915: Returning text length=37
01-27 08:59:24.877 15546 15890 D MmsHelper: MMS 910 address entry: address='+12487293071', type=130
01-27 08:59:24.877 15546 15890 D MmsHelper: MMS 910 address entry: address='+12487293071', type=137
01-27 08:59:24.877 15546 15890 D MmsHelper: MMS 910 using address: '+12487293071' (type: 137)
01-27 08:59:24.879 15546 15890 D MmsHelper: MMS 910 part 1: Bye
01-27 08:59:24.879 15546 15890 D MmsHelper: MMS 910: Found 1 text/plain parts
01-27 08:59:24.879 15546 15890 D MmsHelper: MMS 910: Returning text length=3
01-27 08:59:24.882 15546 15890 D MmsHelper: MMS 909 address entry: address='+12487293071', type=130
01-27 08:59:24.882 15546 15890 D MmsHelper: MMS 909 address entry: address='+12487293071', type=137
01-27 08:59:24.882 15546 15890 D MmsHelper: MMS 909 using address: '+12487293071' (type: 137)
01-27 08:59:24.884 15546 15890 D MmsHelper: MMS 909 part 1: Ok, stop
01-27 08:59:24.884 15546 15890 D MmsHelper: MMS 909: Found 1 text/plain parts
01-27 08:59:24.884 15546 15890 D MmsHelper: MMS 909: Returning text length=8
01-27 08:59:24.887 15546 15890 D MmsHelper: MMS 908 address entry: address='+12487293071', type=130
01-27 08:59:24.887 15546 15890 D MmsHelper: MMS 908 address entry: address='+12487293071', type=137
01-27 08:59:24.887 15546 15890 D MmsHelper: MMS 908 using address: '+12487293071' (type: 137)
01-27 08:59:24.889 15546 15890 D MmsHelper: MMS 908 part 1: Liar
01-27 08:59:24.889 15546 15890 D MmsHelper: MMS 908: Found 1 text/plain parts
01-27 08:59:24.889 15546 15890 D MmsHelper: MMS 908: Returning text length=4
01-27 08:59:24.892 15546 15890 D MmsHelper: MMS 907 address entry: address='+12487293071', type=130
01-27 08:59:24.892 15546 15890 D MmsHelper: MMS 907 address entry: address='+12487293071', type=137
01-27 08:59:24.892 15546 15890 D MmsHelper: MMS 907 using address: '+12487293071' (type: 137)
01-27 08:59:24.893 15546 15890 D MmsHelper: MMS 907 part 1: Sure they did
01-27 08:59:24.893 15546 15890 D MmsHelper: MMS 907: Found 1 text/plain parts
01-27 08:59:24.894 15546 15890 D MmsHelper: MMS 907: Returning text length=13
01-27 08:59:24.897 15546 15890 D MmsHelper: MMS 906 address entry: address='+12487293071', type=130
01-27 08:59:24.897 15546 15890 D MmsHelper: MMS 906 address entry: address='+12487293071', type=137
01-27 08:59:24.897 15546 15890 D MmsHelper: MMS 906 using address: '+12487293071' (type: 137)
01-27 08:59:24.899 15546 15890 D MmsHelper: MMS 906 part 1: The truth, not the word truth
01-27 08:59:24.899 15546 15890 D MmsHelper: MMS 906: Found 1 text/plain parts
01-27 08:59:24.899 15546 15890 D MmsHelper: MMS 906: Returning text length=29
01-27 08:59:24.902 15546 15890 D MmsHelper: MMS 905 address entry: address='+12487293071', type=130
01-27 08:59:24.902 15546 15890 D MmsHelper: MMS 905 address entry: address='+12487293071', type=137
01-27 08:59:24.902 15546 15890 D MmsHelper: MMS 905 using address: '+12487293071' (type: 137)
01-27 08:59:24.904 15546 15890 D MmsHelper: MMS 905 part 1: Because if they had to replace the engine you woul
01-27 08:59:24.904 15546 15890 D MmsHelper: MMS 905: Found 1 text/plain parts
01-27 08:59:24.904 15546 15890 D MmsHelper: MMS 905: Returning text length=76
01-27 08:59:24.907 15546 15890 D MmsHelper: MMS 904 address entry: address='+12487293071', type=130
01-27 08:59:24.907 15546 15890 D MmsHelper: MMS 904 address entry: address='+12487293071', type=137
01-27 08:59:24.907 15546 15890 D MmsHelper: MMS 904 using address: '+12487293071' (type: 137)
01-27 08:59:24.908 15546 15890 D MmsHelper: MMS 904 part 1: Ok, tell the truth
01-27 08:59:24.908 15546 15890 D MmsHelper: MMS 904: Found 1 text/plain parts
01-27 08:59:24.909 15546 15890 D MmsHelper: MMS 904: Returning text length=18
01-27 08:59:24.912 15546 15890 D MmsHelper: MMS 903 address entry: address='+12487293071', type=130
01-27 08:59:24.912 15546 15890 D MmsHelper: MMS 903 address entry: address='+12487293071', type=137
01-27 08:59:24.912 15546 15890 D MmsHelper: MMS 903 using address: '+12487293071' (type: 137)
01-27 08:59:24.914 15546 15890 D MmsHelper: MMS 903 part 1: She is telling me what you told her
01-27 08:59:24.914 15546 15890 D MmsHelper: MMS 903: Found 1 text/plain parts
01-27 08:59:24.914 15546 15890 D MmsHelper: MMS 903: Returning text length=35
01-27 08:59:24.917 15546 15890 D MmsHelper: MMS 902 address entry: address='+12487293071', type=130
01-27 08:59:24.917 15546 15890 D MmsHelper: MMS 902 address entry: address='+12487293071', type=137
01-27 08:59:24.917 15546 15890 D MmsHelper: MMS 902 using address: '+12487293071' (type: 137)
01-27 08:59:24.918 15546 15890 D MmsHelper: MMS 902 part 1: No, you told amma
01-27 08:59:24.918 15546 15890 D MmsHelper: MMS 902: Found 1 text/plain parts
01-27 08:59:24.919 15546 15890 D MmsHelper: MMS 902: Returning text length=17
01-27 08:59:24.922 15546 15890 D MmsHelper: MMS 901 address entry: address='+12487293071', type=130
01-27 08:59:24.922 15546 15890 D MmsHelper: MMS 901 address entry: address='+12487293071', type=137
01-27 08:59:24.922 15546 15890 D MmsHelper: MMS 901 using address: '+12487293071' (type: 137)
01-27 08:59:24.923 15546 15890 D MmsHelper: MMS 901 part 1: I meant is warranty covering the repairs
01-27 08:59:24.923 15546 15890 D MmsHelper: MMS 901: Found 1 text/plain parts
01-27 08:59:24.924 15546 15890 D MmsHelper: MMS 901: Returning text length=40
01-27 08:59:24.926 15546 15890 D MmsHelper: MMS 900 address entry: address='+12487293071', type=130
01-27 08:59:24.926 15546 15890 D MmsHelper: MMS 900 address entry: address='+12487293071', type=137
01-27 08:59:24.926 15546 15890 D MmsHelper: MMS 900 using address: '+12487293071' (type: 137)
01-27 08:59:24.928 15546 15890 D MmsHelper: MMS 900 part 1: Nor is there transmission problem
01-27 08:59:24.928 15546 15890 D MmsHelper: MMS 900: Found 1 text/plain parts
01-27 08:59:24.928 15546 15890 D MmsHelper: MMS 900: Returning text length=33
01-27 08:59:24.932 15546 15890 D MmsHelper: MMS 899 address entry: address='+12487293071', type=130
01-27 08:59:24.932 15546 15890 D MmsHelper: MMS 899 address entry: address='+12487293071', type=137
01-27 08:59:24.932 15546 15890 D MmsHelper: MMS 899 using address: '+12487293071' (type: 137)
01-27 08:59:24.934 15546 15890 D MmsHelper: MMS 899 part 1: It didn't blow up
01-27 08:59:24.934 15546 15890 D MmsHelper: MMS 899: Found 1 text/plain parts
01-27 08:59:24.934 15546 15890 D MmsHelper: MMS 899: Returning text length=17
01-27 08:59:24.938 15546 15890 D MmsHelper: MMS 898 address entry: address='+12487293071', type=130
01-27 08:59:24.938 15546 15890 D MmsHelper: MMS 898 address entry: address='+12487293071', type=137
01-27 08:59:24.938 15546 15890 D MmsHelper: MMS 898 using address: '+12487293071' (type: 137)
01-27 08:59:24.940 15546 15890 D MmsHelper: MMS 898 part 1: I asked amma
01-27 08:59:24.940 15546 15890 D MmsHelper: MMS 898: Found 1 text/plain parts
01-27 08:59:24.940 15546 15890 D MmsHelper: MMS 898: Returning text length=12
01-27 08:59:24.943 15546 15890 D MmsHelper: MMS 897 address entry: address='+12487293071', type=130
01-27 08:59:24.943 15546 15890 D MmsHelper: MMS 897 address entry: address='+12487293071', type=137
01-27 08:59:24.943 15546 15890 D MmsHelper: MMS 897 using address: '+12487293071' (type: 137)
01-27 08:59:24.945 15546 15890 D MmsHelper: MMS 897 part 1: Liar
01-27 08:59:24.945 15546 15890 D MmsHelper: MMS 897: Found 1 text/plain parts
01-27 08:59:24.945 15546 15890 D MmsHelper: MMS 897: Returning text length=4
01-27 08:59:24.948 15546 15890 D MmsHelper: MMS 896 address entry: address='+12487293071', type=130
01-27 08:59:24.948 15546 15890 D MmsHelper: MMS 896 address entry: address='+12487293071', type=137
01-27 08:59:24.948 15546 15890 D MmsHelper: MMS 896 using address: '+12487293071' (type: 137)
01-27 08:59:24.950 15546 15890 D MmsHelper: MMS 896 part 1: Warranty cover
01-27 08:59:24.950 15546 15890 D MmsHelper: MMS 896: Found 1 text/plain parts
01-27 08:59:24.950 15546 15890 D MmsHelper: MMS 896: Returning text length=14
01-27 08:59:24.953 15546 15890 D MmsHelper: MMS 895 address entry: address='+12487293071', type=130
01-27 08:59:24.953 15546 15890 D MmsHelper: MMS 895 address entry: address='+12487293071', type=137
01-27 08:59:24.953 15546 15890 D MmsHelper: MMS 895 using address: '+12487293071' (type: 137)
01-27 08:59:24.955 15546 15890 D MmsHelper: MMS 895 part 1: Transmission?
01-27 08:59:24.955 15546 15890 D MmsHelper: MMS 895: Found 1 text/plain parts
01-27 08:59:24.955 15546 15890 D MmsHelper: MMS 895: Returning text length=13
01-27 08:59:24.958 15546 15890 D MmsHelper: MMS 894 address entry: address='+12487293071', type=130
01-27 08:59:24.958 15546 15890 D MmsHelper: MMS 894 address entry: address='+12487293071', type=137
01-27 08:59:24.958 15546 15890 D MmsHelper: MMS 894 using address: '+12487293071' (type: 137)
01-27 08:59:24.960 15546 15890 D MmsHelper: MMS 894 part 1: Engine??
01-27 08:59:24.960 15546 15890 D MmsHelper: MMS 894: Found 1 text/plain parts
01-27 08:59:24.960 15546 15890 D MmsHelper: MMS 894: Returning text length=8
01-27 08:59:24.964 15546 15890 D MmsHelper: MMS 893 address entry: address='+12487293071', type=130
01-27 08:59:24.964 15546 15890 D MmsHelper: MMS 893 address entry: address='+12487293071', type=137
01-27 08:59:24.964 15546 15890 D MmsHelper: MMS 893 using address: '+12487293071' (type: 137)
01-27 08:59:24.965 15546 15890 D MmsHelper: MMS 893 part 1: What
01-27 08:59:24.965 15546 15890 D MmsHelper: MMS 893: Found 1 text/plain parts
01-27 08:59:24.965 15546 15890 D MmsHelper: MMS 893: Returning text length=4
01-27 08:59:24.968 15546 15890 D MmsHelper: MMS 892 address entry: address='+12487293071', type=130
01-27 08:59:24.968 15546 15890 D MmsHelper: MMS 892 address entry: address='+12487293071', type=137
01-27 08:59:24.968 15546 15890 D MmsHelper: MMS 892 using address: '+12487293071' (type: 137)
01-27 08:59:24.970 15546 15890 D MmsHelper: MMS 892 part 1: So what happened to Kia
01-27 08:59:24.970 15546 15890 D MmsHelper: MMS 892: Found 1 text/plain parts
01-27 08:59:24.971 15546 15890 D MmsHelper: MMS 892: Returning text length=23
01-27 08:59:24.973 15546 15890 D MmsHelper: MMS 891 address entry: address='+12487293071', type=130
01-27 08:59:24.973 15546 15890 D MmsHelper: MMS 891 address entry: address='+12487293071', type=137
01-27 08:59:24.973 15546 15890 D MmsHelper: MMS 891 using address: '+12487293071' (type: 137)
01-27 08:59:24.975 15546 15890 D MmsHelper: MMS 891 part 1: Not the point
01-27 08:59:24.975 15546 15890 D MmsHelper: MMS 891: Found 1 text/plain parts
01-27 08:59:24.976 15546 15890 D MmsHelper: MMS 891: Returning text length=13
01-27 08:59:24.979 15546 15890 D MmsHelper: MMS 890 address entry: address='+12487293071', type=130
01-27 08:59:24.979 15546 15890 D MmsHelper: MMS 890 address entry: address='+12487293071', type=137
01-27 08:59:24.979 15546 15890 D MmsHelper: MMS 890 using address: '+12487293071' (type: 137)
01-27 08:59:24.981 15546 15890 D MmsHelper: MMS 890 part 1: Auto correct
01-27 08:59:24.981 15546 15890 D MmsHelper: MMS 890: Found 1 text/plain parts
01-27 08:59:24.981 15546 15890 D MmsHelper: MMS 890: Returning text length=12
01-27 08:59:24.984 15546 15890 D MmsHelper: MMS 889 address entry: address='+12487293071', type=130
01-27 08:59:24.984 15546 15890 D MmsHelper: MMS 889 address entry: address='+12487293071', type=137
01-27 08:59:24.984 15546 15890 D MmsHelper: MMS 889 using address: '+12487293071' (type: 137)
01-27 08:59:24.986 15546 15890 D MmsHelper: MMS 889 part 1: Kia*
01-27 08:59:24.986 15546 15890 D MmsHelper: MMS 889: Found 1 text/plain parts
01-27 08:59:24.986 15546 15890 D MmsHelper: MMS 889: Returning text length=4
01-27 08:59:24.992 15546 15890 D MmsHelper: MMS 888 address entry: address='+12487293071', type=130
01-27 08:59:24.992 15546 15890 D MmsHelper: MMS 888 address entry: address='+12487293071', type=137
01-27 08:59:24.992 15546 15890 D MmsHelper: MMS 888 using address: '+12487293071' (type: 137)
01-27 08:59:24.994 15546 15890 D MmsHelper: MMS 888 part 1: Are they fixing the kids
01-27 08:59:24.994 15546 15890 D MmsHelper: MMS 888: Found 1 text/plain parts
01-27 08:59:24.994 15546 15890 D MmsHelper: MMS 888: Returning text length=24
01-27 08:59:24.998 15546 15890 D MmsHelper: MMS 887 address entry: address='+12487293071', type=130
01-27 08:59:24.998 15546 15890 D MmsHelper: MMS 887 address entry: address='+12487293071', type=137
01-27 08:59:24.998 15546 15890 D MmsHelper: MMS 887 using address: '+12487293071' (type: 137)
01-27 08:59:24.999 15546 15890 D MmsHelper: MMS 887 part 1: So what are they doing
01-27 08:59:25.000 15546 15890 D MmsHelper: MMS 887: Found 1 text/plain parts
01-27 08:59:25.000 15546 15890 D MmsHelper: MMS 887: Returning text length=22
01-27 08:59:25.004 15546 15890 D MmsHelper: MMS 886 address entry: address='+12487293071', type=130
01-27 08:59:25.004 15546 15890 D MmsHelper: MMS 886 address entry: address='+12487293071', type=137
01-27 08:59:25.004 15546 15890 D MmsHelper: MMS 886 using address: '+12487293071' (type: 137)
01-27 08:59:25.006 15546 15890 D MmsHelper: MMS 886 part 1: Oh ok
01-27 08:59:25.006 15546 15890 D MmsHelper: MMS 886: Found 1 text/plain parts
01-27 08:59:25.006 15546 15890 D MmsHelper: MMS 886: Returning text length=5
01-27 08:59:25.024 15546 15890 D MmsHelper: MMS 884 address entry: address='+12488542993', type=130
01-27 08:59:25.024 15546 15890 D MmsHelper: MMS 884 address entry: address='+12488542993', type=137
01-27 08:59:25.024 15546 15890 D MmsHelper: MMS 884 using address: '+12488542993' (type: 137)
01-27 08:59:25.026 15546 15890 D MmsHelper: MMS 884 part 1: Yes
01-27 08:59:25.026 15546 15890 D MmsHelper: MMS 884: Found 1 text/plain parts
01-27 08:59:25.047 15546 15890 D MmsHelper: MMS 884: Returning text length=3
01-27 08:59:25.056 15546 15890 D MmsHelper: MMS 882 address entry: address='+12487293071', type=130
01-27 08:59:25.056 15546 15890 D MmsHelper: MMS 882 address entry: address='+12487293071', type=137
01-27 08:59:25.056 15546 15890 D MmsHelper: MMS 882 using address: '+12487293071' (type: 137)
01-27 08:59:25.059 15546 15890 D MmsHelper: MMS 882 part 1: Hello?
01-27 08:59:25.059 15546 15890 D MmsHelper: MMS 882: Found 1 text/plain parts
01-27 08:59:25.059 15546 15890 D MmsHelper: MMS 882: Returning text length=6
01-27 08:59:25.063 15546 15890 D MmsHelper: MMS 881 address entry: address='+12488542991', type=137
01-27 08:59:25.063 15546 15890 D MmsHelper: MMS 881 using address: '+12488542991' (type: 137)
01-27 08:59:25.066 15546 15890 D MmsHelper: MMS 881 part 1: ðŸ’ðŸ’ðŸ’ðŸ’ðŸ’
01-27 08:59:25.066 15546 15890 D MmsHelper: MMS 881: Found 1 text/plain parts
01-27 08:59:25.066 15546 15890 D MmsHelper: MMS 881: Returning text length=10
01-27 08:59:25.070 15546 15890 D MmsHelper: MMS 880 address entry: address='+12488542991', type=137
01-27 08:59:25.070 15546 15890 D MmsHelper: MMS 880 using address: '+12488542991' (type: 137)
01-27 08:59:25.073 15546 15890 D MmsHelper: MMS 880 part 1: ðŸ’
01-27 08:59:25.073 15546 15890 D MmsHelper: MMS 880: Found 1 text/plain parts
01-27 08:59:25.073 15546 15890 D MmsHelper: MMS 880: Returning text length=2
01-27 08:59:25.079 15546 15890 D MmsHelper: MMS 879 address entry: address='+12488542991', type=137
01-27 08:59:25.079 15546 15890 D MmsHelper: MMS 879 using address: '+12488542991' (type: 137)
01-27 08:59:25.081 15546 15890 D MmsHelper: MMS 879 part 1: It's you
01-27 08:59:25.081 15546 15890 D MmsHelper: MMS 879: Found 1 text/plain parts
01-27 08:59:25.082 15546 15890 D MmsHelper: MMS 879: Returning text length=8
01-27 08:59:25.085 15546 15890 D MmsHelper: MMS 878 address entry: address='+12488542991', type=137
01-27 08:59:25.085 15546 15890 D MmsHelper: MMS 878 using address: '+12488542991' (type: 137)
01-27 08:59:25.087 15546 15890 D MmsHelper: MMS 878 part 1: No is not yivaan
01-27 08:59:25.087 15546 15890 D MmsHelper: MMS 878: Found 1 text/plain parts
01-27 08:59:25.088 15546 15890 D MmsHelper: MMS 878: Returning text length=16
01-27 08:59:25.092 15546 15890 D MmsHelper: MMS 877 address entry: address='+12488542991', type=137
01-27 08:59:25.092 15546 15890 D MmsHelper: MMS 877 using address: '+12488542991' (type: 137)
01-27 08:59:25.094 15546 15890 D MmsHelper: MMS 877 part 1: Cysts McChrystal school Leo kiwi
01-27 08:59:25.094 15546 15890 D MmsHelper: MMS 877: Found 1 text/plain parts
01-27 08:59:25.094 15546 15890 D MmsHelper: MMS 877: Returning text length=32
01-27 08:59:25.098 15546 15890 D MmsHelper: MMS 876 address entry: address='+12487293071', type=130
01-27 08:59:25.098 15546 15890 D MmsHelper: MMS 876 address entry: address='+12487293071', type=137
01-27 08:59:25.098 15546 15890 D MmsHelper: MMS 876 using address: '+12487293071' (type: 137)
01-27 08:59:25.100 15546 15890 D MmsHelper: MMS 876 part 1: Is this yuvaan
01-27 08:59:25.100 15546 15890 D MmsHelper: MMS 876: Found 1 text/plain parts
01-27 08:59:25.101 15546 15890 D MmsHelper: MMS 876: Returning text length=14
01-27 08:59:25.105 15546 15890 D MmsHelper: MMS 875 address entry: address='+12488542991', type=137
01-27 08:59:25.105 15546 15890 D MmsHelper: MMS 875 using address: '+12488542991' (type: 137)
01-27 08:59:25.109 15546 15890 D MmsHelper: MMS 875 part 1: Sreeeeeeeeeyan chavali your a piggy stinky minky m
01-27 08:59:25.109 15546 15890 D MmsHelper: MMS 875: Found 1 text/plain parts
01-27 08:59:25.109 15546 15890 D MmsHelper: MMS 875: Returning text length=55
01-27 08:59:25.113 15546 15890 D MmsHelper: MMS 874 address entry: address='+12488542991', type=137
01-27 08:59:25.113 15546 15890 D MmsHelper: MMS 874 using address: '+12488542991' (type: 137)
01-27 08:59:25.115 15546 15890 D MmsHelper: MMS 874 part 1: Cherub Judy gdg Judi iChat HSBC
01-27 08:59:25.115 15546 15890 D MmsHelper: MMS 874: Found 1 text/plain parts
01-27 08:59:25.115 15546 15890 D MmsHelper: MMS 874: Returning text length=31
01-27 08:59:25.119 15546 15890 D MmsHelper: MMS 873 address entry: address='+12487293071', type=130
01-27 08:59:25.119 15546 15890 D MmsHelper: MMS 873 address entry: address='+12487293071', type=137
01-27 08:59:25.119 15546 15890 D MmsHelper: MMS 873 using address: '+12487293071' (type: 137)
01-27 08:59:25.121 15546 15890 D MmsHelper: MMS 873 part 1: What?
01-27 08:59:25.121 15546 15890 D MmsHelper: MMS 873: Found 1 text/plain parts
01-27 08:59:25.121 15546 15890 D MmsHelper: MMS 873: Returning text length=5
01-27 08:59:25.124 15546 15890 D SmsRepository: Total: 100 messages (SMS + MMS) from last 30 days
01-27 08:59:25.159 15546 15546 D DesktopSyncService: Starting batched sync of 50 messages
01-27 08:59:25.159 15546 15546 D DesktopSyncService: After filtering: 47 messages to sync
01-27 08:59:25.159 15546 15546 D DesktopSyncService: Processing chunk 1/1 (47 messages)
01-27 08:59:25.160 15546 15890 D DesktopSyncService: Starting sync for message: id=18485, isMms=false, address=JD-ICICIT-S, body length=137
01-27 08:59:25.160 15546 17140 D DesktopSyncService: Starting sync for message: id=18484, isMms=false, address=AD-ZEPTON-T, body length=100
01-27 08:59:25.160 15546 15592 D DesktopSyncService: Starting sync for message: id=18483, isMms=false, address=347268, body length=123
01-27 08:59:25.160 15546 15597 D DesktopSyncService: Starting sync for message: id=18482, isMms=false, address=VM-ICICIT-S, body length=179
01-27 08:59:25.160 15546 17141 D DesktopSyncService: Starting sync for message: id=18481, isMms=false, address=JM-ICICIT-S, body length=155
01-27 08:59:25.160 15546 15590 D DesktopSyncService: Starting sync for message: id=18480, isMms=false, address=JM-ICICIT-S, body length=130
01-27 08:59:25.160 15546 15592 D DesktopSyncService: E2EE disabled, storing plaintext message
01-27 08:59:25.160 15546 15592 D DesktopSyncService: Syncing message: id=18483, type=1, address=347268
01-27 08:59:25.160 15546 15890 D DesktopSyncService: E2EE disabled, storing plaintext message
01-27 08:59:25.160 15546 15890 D DesktopSyncService: Syncing message: id=18485, type=1, address=JD-ICICIT-S
01-27 08:59:25.160 15546 17140 D DesktopSyncService: E2EE disabled, storing plaintext message
01-27 08:59:25.160 15546 17140 D DesktopSyncService: Syncing message: id=18484, type=1, address=AD-ZEPTON-T
01-27 08:59:25.161 15546 15597 D DesktopSyncService: E2EE disabled, storing plaintext message
01-27 08:59:25.161 15546 15597 D DesktopSyncService: Syncing message: id=18482, type=1, address=VM-ICICIT-S
01-27 08:59:25.161 15546 15590 D DesktopSyncService: E2EE disabled, storing plaintext message
01-27 08:59:25.161 15546 15590 D DesktopSyncService: Syncing message: id=18480, type=1, address=JM-ICICIT-S
01-27 08:59:25.161 15546 17141 D DesktopSyncService: E2EE disabled, storing plaintext message
01-27 08:59:25.161 15546 17141 D DesktopSyncService: Syncing message: id=18481, type=1, address=JM-ICICIT-S
01-27 08:59:25.161 15546 17142 D DesktopSyncService: Starting sync for message: id=18479, isMms=false, address=JX-ICICIT-S, body length=136
01-27 08:59:25.162 15546 17142 D DesktopSyncService: E2EE disabled, storing plaintext message
01-27 08:59:25.162 15546 17142 D DesktopSyncService: Syncing message: id=18479, type=1, address=JX-ICICIT-S
01-27 08:59:25.162 15546 15590 D DesktopSyncService: Starting sync for message: id=18478, isMms=false, address=VM-ICICIO-S, body length=159
01-27 08:59:25.162 15546 17142 D DesktopSyncService: Starting sync for message: id=18477, isMms=false, address=JX-ICICIT-S, body length=154
01-27 08:59:25.162 15546 15595 D DesktopSyncService: Starting sync for message: id=18476, isMms=false, address=+18448222458, body length=241
01-27 08:59:25.162 15546 17142 D DesktopSyncService: E2EE disabled, storing plaintext message
01-27 08:59:25.162 15546 17142 D DesktopSyncService: Syncing message: id=18477, type=1, address=JX-ICICIT-S
01-27 08:59:25.162 15546 17142 D DesktopSyncService: Starting sync for message: id=18474, isMms=false, address=+18448222458, body length=436
01-27 08:59:25.163 15546 17141 D DesktopSyncService: Starting sync for message: id=18475, isMms=false, address=+18448222458, body length=67
01-27 08:59:25.163 15546 15595 D DesktopSyncService: E2EE disabled, storing plaintext message
01-27 08:59:25.163 15546 15595 D DesktopSyncService: Syncing message: id=18476, type=1, address=+18448222458
01-27 08:59:25.163 15546 15590 D DesktopSyncService: E2EE disabled, storing plaintext message
01-27 08:59:25.163 15546 15590 D DesktopSyncService: Syncing message: id=18478, type=1, address=VM-ICICIO-S
01-27 08:59:25.163 15546 15592 D DesktopSyncService: Starting sync for message: id=967, isMms=true, address=+12488542991, body length=45
01-27 08:59:25.163 15546 15890 D DesktopSyncService: Starting sync for message: id=18473, isMms=false, address=+18448222458, body length=111
01-27 08:59:25.163 15546 15590 D DesktopSyncService: Starting sync for message: id=18472, isMms=false, address=+18448222458, body length=70
01-27 08:59:25.163 15546 17142 D DesktopSyncService: E2EE disabled, storing plaintext message
01-27 08:59:25.163 15546 17142 D DesktopSyncService: Syncing message: id=18474, type=1, address=+18448222458
01-27 08:59:25.163 15546 15890 D DesktopSyncService: E2EE disabled, storing plaintext message
01-27 08:59:25.163 15546 15890 D DesktopSyncService: Syncing message: id=18473, type=1, address=+18448222458
01-27 08:59:25.163 15546 17206 D DesktopSyncService: Starting sync for message: id=963, isMms=true, address=+12488542991, body length=3
01-27 08:59:25.163 15546 15890 D DesktopSyncService: Starting sync for message: id=962, isMms=true, address=+12488542991, body length=6
01-27 08:59:25.163 15546 17142 D DesktopSyncService: Starting sync for message: id=18471, isMms=false, address=347268, body length=123
01-27 08:59:25.163 15546 15596 D DesktopSyncService: Starting sync for message: id=961, isMms=true, address=+12488542991, body length=4
01-27 08:59:25.163 15546 17142 D DesktopSyncService: E2EE disabled, storing plaintext message
01-27 08:59:25.163 15546 17142 D DesktopSyncService: Syncing message: id=18471, type=1, address=347268
01-27 08:59:25.164 15546 15628 W FirebaseContextProvider: Error getting App Check token. Error: com.google.firebase.FirebaseException: No AppCheckProvider installed.
01-27 08:59:25.164 15546 15660 W FirebaseContextProvider: Error getting App Check token. Error: com.google.firebase.FirebaseException: No AppCheckProvider installed.
01-27 08:59:25.164 15546 15628 W FirebaseContextProvider: Error getting App Check token. Error: com.google.firebase.FirebaseException: No AppCheckProvider installed.
01-27 08:59:25.164 15546 15660 W FirebaseContextProvider: Error getting App Check token. Error: com.google.firebase.FirebaseException: No AppCheckProvider installed.
01-27 08:59:25.164 15546 15629 W FirebaseContextProvider: Error getting App Check token. Error: com.google.firebase.FirebaseException: No AppCheckProvider installed.
01-27 08:59:25.165 15546 15628 W FirebaseContextProvider: Error getting App Check token. Error: com.google.firebase.FirebaseException: No AppCheckProvider installed.
01-27 08:59:25.165 15546 15629 W FirebaseContextProvider: Error getting App Check token. Error: com.google.firebase.FirebaseException: No AppCheckProvider installed.
01-27 08:59:25.165 15546 15628 W FirebaseContextProvider: Error getting App Check token. Error: com.google.firebase.FirebaseException: No AppCheckProvider installed.
01-27 08:59:25.165 15546 15629 W FirebaseContextProvider: Error getting App Check token. Error: com.google.firebase.FirebaseException: No AppCheckProvider installed.
01-27 08:59:25.165 15546 15629 W FirebaseContextProvider: Error getting App Check token. Error: com.google.firebase.FirebaseException: No AppCheckProvider installed.
01-27 08:59:25.165 15546 15664 W FirebaseContextProvider: Error getting App Check token. Error: com.google.firebase.FirebaseException: No AppCheckProvider installed.
01-27 08:59:25.165 15546 15655 W FirebaseContextProvider: Error getting App Check token. Error: com.google.firebase.FirebaseException: No AppCheckProvider installed.
01-27 08:59:25.165 15546 15655 W FirebaseContextProvider: Error getting App Check token. Error: com.google.firebase.FirebaseException: No AppCheckProvider installed.
01-27 08:59:25.167 15546 15592 D SimManager: Found 2 active SIM(s)
01-27 08:59:25.167 15546 15592 D DesktopSyncService: Added user phone number to filter: 2488542991
01-27 08:59:25.167 15546 15592 D DesktopSyncService: Address +12488542991 matches user's own number
01-27 08:59:25.167 15546 15592 D DesktopSyncService: E2EE disabled, storing plaintext message
01-27 08:59:25.167 15546 15592 D DesktopSyncService: Syncing message: id=967, type=2, address=+18448222458
01-27 08:59:25.167 15546 15592 D DesktopSyncService: Processing MMS attachments for message 967
01-27 08:59:25.167 15546 15592 D DesktopSyncService: Using existing MMS attachments: 1
01-27 08:59:25.167 15546 15592 D DesktopSyncService: Found 1 MMS attachments
01-27 08:59:25.169 15546 17205 D DesktopSyncService: Starting sync for message: id=959, isMms=true, address=+12488542991, body length=2
01-27 08:59:25.169 15546 17142 D DesktopSyncService: Starting sync for message: id=958, isMms=true, address=+12488542991, body length=0
01-27 08:59:25.169 15546 17140 D DesktopSyncService: Starting sync for message: id=956, isMms=true, address=+12488542991, body length=18
01-27 08:59:25.170 15546 15597 D DesktopSyncService: Starting sync for message: id=957, isMms=true, address=+12488542991, body length=13
01-27 08:59:25.173 15546 17204 D DesktopSyncService: Starting sync for message: id=955, isMms=true, address=+12488542991, body length=8
01-27 08:59:25.174 15546 17207 D DesktopSyncService: Starting sync for message: id=953, isMms=true, address=+12488542991, body length=8
01-27 08:59:25.174 15546 15595 D DesktopSyncService: Starting sync for message: id=954, isMms=true, address=+12488542991, body length=10
01-27 08:59:25.174 15546 17214 D DesktopSyncService: Starting sync for message: id=952, isMms=true, address=+12488542991, body length=22
01-27 08:59:25.175 15546 17215 D DesktopSyncService: Starting sync for message: id=951, isMms=true, address=+12488542991, body length=13
01-27 08:59:25.175 15546 17221 D DesktopSyncService: Starting sync for message: id=950, isMms=true, address=+12488542991, body length=0
01-27 08:59:25.175 15546 15584 D DesktopSyncService: Starting sync for message: id=949, isMms=true, address=+12488542991, body length=4
01-27 08:59:25.175 15546 17213 D DesktopSyncService: Starting sync for message: id=948, isMms=true, address=+12488542991, body length=8
01-27 08:59:25.176 15546 17220 D DesktopSyncService: Starting sync for message: id=947, isMms=true, address=2488542993, body length=0
01-27 08:59:25.177 15546 17219 D DesktopSyncService: Starting sync for message: id=946, isMms=true, address=2488542993, body length=0
01-27 08:59:25.177 15546 17222 D DesktopSyncService: Starting sync for message: id=945, isMms=true, address= 12487293071, body length=0
01-27 08:59:25.177 15546 17226 D DesktopSyncService: Starting sync for message: id=944, isMms=true, address=12487293071, body length=0
01-27 08:59:25.177 15546 17225 D DesktopSyncService: Starting sync for message: id=943, isMms=true, address= 12487293071, body length=0
01-27 08:59:25.177 15546 17211 D DesktopSyncService: Starting sync for message: id=940, isMms=true, address=+12488542991, body length=2
01-27 08:59:25.178 15546 17216 D DesktopSyncService: Starting sync for message: id=941, isMms=true, address= 12487293071, body length=0
01-27 08:59:25.178 15546 17227 D DesktopSyncService: Starting sync for message: id=937, isMms=true, address=+12488542991, body length=11
01-27 08:59:25.178 15546 17230 D DesktopSyncService: Starting sync for message: id=939, isMms=true, address=2488542993, body length=0
01-27 08:59:25.178 15546 17224 D DesktopSyncService: Starting sync for message: id=942, isMms=true, address=12487293071, body length=0
01-27 08:59:25.179 15546 17239 D DesktopSyncService: Starting sync for message: id=938, isMms=true, address=+12488542991, body length=0
01-27 08:59:25.179 15546 17231 D DesktopSyncService: Starting sync for message: id=934, isMms=true, address=+12487293071, body length=0
01-27 08:59:25.179 15546 17236 D DesktopSyncService: Starting sync for message: id=935, isMms=true, address=+12488542991, body length=2
01-27 08:59:25.179 15546 17229 D DesktopSyncService: Starting sync for message: id=936, isMms=true, address=2488542993, body length=0
01-27 08:59:25.179 15546 17238 D DesktopSyncService: Starting sync for message: id=933, isMms=true, address=+12487293071, body length=0
01-27 08:59:25.180 15546 17223 D DesktopSyncService: Starting sync for message: id=932, isMms=true, address=+12487293071, body length=0
01-27 08:59:25.196 15546 15592 D DesktopSyncService: Loaded attachment from URI: content://mms/part/1711
01-27 08:59:25.196 15546 15596 D DesktopSyncService: Address +12488542991 matches user's own number
01-27 08:59:25.196 15546 15596 D DesktopSyncService: E2EE disabled, storing plaintext message
01-27 08:59:25.196 15546 15596 D DesktopSyncService: Syncing message: id=961, type=2, address=12487293071
01-27 08:59:25.196 15546 17204 D DesktopSyncService: Address +12488542991 matches user's own number
01-27 08:59:25.196 15546 17204 D DesktopSyncService: E2EE disabled, storing plaintext message
01-27 08:59:25.196 15546 17204 D DesktopSyncService: Syncing message: id=955, type=2, address=2488542993
01-27 08:59:25.196 15546 17204 D DesktopSyncService: Processing MMS attachments for message 955
01-27 08:59:25.196 15546 17204 D DesktopSyncService: Using existing MMS attachments: 1
01-27 08:59:25.196 15546 17204 D DesktopSyncService: Found 1 MMS attachments
01-27 08:59:25.196 15546 15597 D DesktopSyncService: Address +12488542991 matches user's own number
01-27 08:59:25.196 15546 15597 D DesktopSyncService: E2EE disabled, storing plaintext message
01-27 08:59:25.196 15546 15597 D DesktopSyncService: Syncing message: id=957, type=2, address=12487293071
01-27 08:59:25.196 15546 15597 D DesktopSyncService: Processing MMS attachments for message 957
01-27 08:59:25.196 15546 15597 D DesktopSyncService: Using existing MMS attachments: 1
01-27 08:59:25.196 15546 15597 D DesktopSyncService: Found 1 MMS attachments
01-27 08:59:25.196 15546 15596 D DesktopSyncService: Processing MMS attachments for message 961
01-27 08:59:25.196 15546 15596 D DesktopSyncService: Using existing MMS attachments: 1
01-27 08:59:25.196 15546 15596 D DesktopSyncService: Found 1 MMS attachments
01-27 08:59:25.197 15546 17221 D DesktopSyncService: Address +12488542991 matches user's own number
01-27 08:59:25.197 15546 17221 D DesktopSyncService: E2EE disabled, storing plaintext message
01-27 08:59:25.197 15546 17221 D DesktopSyncService: Syncing message: id=950, type=2, address=2488542993
01-27 08:59:25.197 15546 17221 D DesktopSyncService: Processing MMS attachments for message 950
01-27 08:59:25.197 15546 17221 D DesktopSyncService: Using existing MMS attachments: 1
01-27 08:59:25.197 15546 17221 D DesktopSyncService: Found 1 MMS attachments
01-27 08:59:25.197 15546 17140 D DesktopSyncService: Address +12488542991 matches user's own number
01-27 08:59:25.197 15546 17140 D DesktopSyncService: E2EE disabled, storing plaintext message
01-27 08:59:25.197 15546 17140 D DesktopSyncService: Syncing message: id=956, type=2, address=2488542993
01-27 08:59:25.197 15546 17140 D DesktopSyncService: Processing MMS attachments for message 956
01-27 08:59:25.197 15546 17140 D DesktopSyncService: Using existing MMS attachments: 1
01-27 08:59:25.197 15546 17140 D DesktopSyncService: Found 1 MMS attachments
01-27 08:59:25.197 15546 17142 D DesktopSyncService: Address +12488542991 matches user's own number
01-27 08:59:25.197 15546 17142 D DesktopSyncService: E2EE disabled, storing plaintext message
01-27 08:59:25.197 15546 17142 D DesktopSyncService: Syncing message: id=958, type=2, address=12487293071
01-27 08:59:25.197 15546 17142 D DesktopSyncService: Processing MMS attachments for message 958
01-27 08:59:25.197 15546 17142 D DesktopSyncService: Using existing MMS attachments: 1
01-27 08:59:25.197 15546 17142 D DesktopSyncService: Found 1 MMS attachments
01-27 08:59:25.198 15546 17222 D DesktopSyncService: E2EE disabled, storing plaintext message
01-27 08:59:25.198 15546 17222 D DesktopSyncService: Syncing message: id=945, type=2, address=12487293071
01-27 08:59:25.198 15546 15595 D DesktopSyncService: Address +12488542991 matches user's own number
01-27 08:59:25.198 15546 17205 D DesktopSyncService: Address +12488542991 matches user's own number
01-27 08:59:25.198 15546 17207 D DesktopSyncService: Address +12488542991 matches user's own number
01-27 08:59:25.198 15546 15595 D DesktopSyncService: E2EE disabled, storing plaintext message
01-27 08:59:25.198 15546 17230 D DesktopSyncService: E2EE disabled, storing plaintext message
01-27 08:59:25.198 15546 17207 D DesktopSyncService: E2EE disabled, storing plaintext message
01-27 08:59:25.198 15546 17207 D DesktopSyncService: Syncing message: id=953, type=2, address=2488542993
01-27 08:59:25.198 15546 17207 D DesktopSyncService: Processing MMS attachments for message 953
01-27 08:59:25.198 15546 17207 D DesktopSyncService: Using existing MMS attachments: 1
01-27 08:59:25.198 15546 17207 D DesktopSyncService: Found 1 MMS attachments
01-27 08:59:25.198 15546 15595 D DesktopSyncService: Syncing message: id=954, type=2, address=+12488542993
01-27 08:59:25.198 15546 15595 D DesktopSyncService: Processing MMS attachments for message 954
01-27 08:59:25.198 15546 15595 D DesktopSyncService: Using existing MMS attachments: 1
01-27 08:59:25.198 15546 15595 D DesktopSyncService: Found 1 MMS attachments
01-27 08:59:25.198 15546 17205 D DesktopSyncService: E2EE disabled, storing plaintext message
01-27 08:59:25.198 15546 17223 D DesktopSyncService: E2EE disabled, storing plaintext message
01-27 08:59:25.198 15546 17230 D DesktopSyncService: Syncing message: id=939, type=2, address=2488542993
01-27 08:59:25.198 15546 17230 D DesktopSyncService: Processing MMS attachments for message 939
01-27 08:59:25.198 15546 17223 D DesktopSyncService: Syncing message: id=932, type=2, address=+12487293071
01-27 08:59:25.198 15546 17223 D DesktopSyncService: Processing MMS attachments for message 932
01-27 08:59:25.198 15546 17205 D DesktopSyncService: Syncing message: id=959, type=2, address=12487293071
01-27 08:59:25.198 15546 17223 D DesktopSyncService: Loading MMS attachments from provider for message 932
01-27 08:59:25.198 15546 17206 D DesktopSyncService: Address +12488542991 matches user's own number
01-27 08:59:25.198 15546 17230 D DesktopSyncService: Loading MMS attachments from provider for message 939
