01-27 08:57:48.074 15546 15609 W PhoneStatusService: 	at android.app.ContextImpl.enforceCallingOrSelfPermission(ContextImpl.java:2677)
01-27 08:57:48.074 15546 15609 W PhoneStatusService: 	at android.content.ContextWrapper.enforceCallingOrSelfPermission(ContextWrapper.java:1067)
01-27 08:57:48.074 15546 15609 W PhoneStatusService: 	at com.android.server.wifi.WifiServiceImpl.enforceAccessPermission(WifiServiceImpl.java:1470)
01-27 08:57:48.074 15546 15609 W PhoneStatusService: 	at com.android.server.wifi.WifiServiceImpl.getConnectionInfo(WifiServiceImpl.java:5225)
01-27 08:57:48.074 15546 15609 W PhoneStatusService: 
01-27 08:57:48.137 15546 15876 I CameraManagerGlobal: Camera 1 facing CAMERA_FACING_FRONT state now CAMERA_STATE_ACTIVE for client com.samsung.android.smartface API Level 2 User Id 0Device Id 0
01-27 08:57:48.398 15546 15876 I CameraManagerGlobal: Camera 1 facing CAMERA_FACING_FRONT state now CAMERA_STATE_IDLE for client com.samsung.android.smartface API Level 2 User Id 0Device Id 0
01-27 08:57:48.526 15546 15876 I CameraManagerGlobal: postSingleUpdate device: camera id 1 status STATUS_PRESENT
01-27 08:57:48.528 15546 15876 I CameraManagerGlobal: Camera 1 facing CAMERA_FACING_FRONT state now CAMERA_STATE_CLOSED for client com.samsung.android.smartface API Level 2 User Id 0Device Id 0
01-27 08:57:56.449 15546 15590 E PhoneStatusService: Error syncing phone status
01-27 08:57:56.449 15546 15590 E PhoneStatusService: kotlinx.coroutines.JobCancellationException: StandaloneCoroutine was cancelled; job=StandaloneCoroutine{Cancelling}@8fe7a7f
01-27 08:58:00.931 15546 15546 I VRI[MainActivity]@4616e63: handleAppVisibility mAppVisible = true visible = false
01-27 08:58:00.931 15546 15546 D VRI[MainActivity]@4616e63: visibilityChanged oldVisibility=true newVisibility=false
01-27 08:58:00.943 15546 15594 D HWUI    : CacheManager::trimMemory(20)
01-27 08:58:00.947 15546 15546 I VRI[MainActivity]@4616e63: Relayout returned: old=(0,0,1440,3120) new=(0,0,1440,3120) relayoutAsync=false req=(1440,3120)8 dur=1 res=0x2 s={false 0x0} ch=true seqId=0
01-27 08:58:00.947 15546 15546 D VRI[MainActivity]@4616e63: Not drawing due to not visible. Reason=!mAppVisible && !mForceDecorViewVisibility
01-27 08:58:00.947 15546 15546 I VRI[MainActivity]@4616e63: stopped(true) old = false
01-27 08:58:00.947 15546 15546 D VRI[MainActivity]@4616e63: WindowStopped on com.phoneintegration.app/com.phoneintegration.app.MainActivity set to true
01-27 08:58:00.947 15546 15594 D HWUI    : CacheManager::trimMemory(20)
01-27 08:58:00.951 15546 15546 I ImeFocusController: onPreWindowFocus: skipped hasWindowFocus=false mHasImeFocus=true
01-27 08:58:00.951 15546 15546 I ImeFocusController: onPostWindowFocus: skipped hasWindowFocus=false mHasImeFocus=true
01-27 08:58:00.956 15546 15546 I VRI[MainActivity]@4616e63: onDisplayChanged oldDisplayState=2 newDisplayState=1
01-27 08:58:01.568 15546 15546 I VRI[MainActivity]@4616e63: onDisplayChanged oldDisplayState=1 newDisplayState=3
01-27 08:58:01.622 15546 15546 D BatteryAwareServiceManager: App moved to background - reducing services
01-27 08:58:07.100 15546 15546 I VRI[MainActivity]@4616e63: onDisplayChanged oldDisplayState=3 newDisplayState=2
01-27 08:58:07.107 15546 15887 I CameraManagerGlobal: Camera 4 facing CAMERA_FACING_FRONT state now CAMERA_STATE_OPENING for client client.pid<1957> API Level 2 User Id 0Device Id 0
01-27 08:58:07.128 15546 15887 I CameraManagerGlobal: Camera 4 facing CAMERA_FACING_FRONT state now CAMERA_STATE_OPEN for client client.pid<1957> API Level 2 User Id 0Device Id 0
01-27 08:58:07.135 15546 15590 E PhoneStatusService: Error syncing phone status
01-27 08:58:07.135 15546 15590 E PhoneStatusService: kotlinx.coroutines.JobCancellationException: StandaloneCoroutine was cancelled; job=StandaloneCoroutine{Cancelling}@9ea3a81
01-27 08:58:07.188 15546 15609 W PhoneStatusService: No permission to access WiFi info
01-27 08:58:07.188 15546 15609 W PhoneStatusService: java.lang.SecurityException: WifiService: Neither user 10816 nor current process has android.permission.ACCESS_WIFI_STATE.
01-27 08:58:07.188 15546 15609 W PhoneStatusService: 	at android.os.Parcel.createExceptionOrNull(Parcel.java:3388)
01-27 08:58:07.188 15546 15609 W PhoneStatusService: 	at android.os.Parcel.createException(Parcel.java:3372)
01-27 08:58:07.188 15546 15609 W PhoneStatusService: 	at android.os.Parcel.readException(Parcel.java:3355)
01-27 08:58:07.188 15546 15609 W PhoneStatusService: 	at android.os.Parcel.readException(Parcel.java:3297)
01-27 08:58:07.188 15546 15609 W PhoneStatusService: 	at android.net.wifi.IWifiManager$Stub$Proxy.getConnectionInfo(IWifiManager.java:4558)
01-27 08:58:07.188 15546 15609 W PhoneStatusService: 	at android.net.wifi.WifiManager.getConnectionInfo(WifiManager.java:4767)
01-27 08:58:07.188 15546 15609 W PhoneStatusService: 	at com.phoneintegration.app.desktop.PhoneStatusService.updateNetworkStatus(PhoneStatusService.kt:339)
01-27 08:58:07.188 15546 15609 W PhoneStatusService: 	at com.phoneintegration.app.desktop.PhoneStatusService.access$updateNetworkStatus(PhoneStatusService.kt:29)
01-27 08:58:07.188 15546 15609 W PhoneStatusService: 	at com.phoneintegration.app.desktop.PhoneStatusService$registerNetworkCallback$1.onCapabilitiesChanged(PhoneStatusService.kt:303)
01-27 08:58:07.188 15546 15609 W PhoneStatusService: 	at android.net.ConnectivityManager$CallbackHandler.handleMessage(ConnectivityManager.java:4691)
01-27 08:58:07.188 15546 15609 W PhoneStatusService: 	at android.os.Handler.dispatchMessage(Handler.java:132)
01-27 08:58:07.188 15546 15609 W PhoneStatusService: 	at android.os.Looper.dispatchMessage(Looper.java:358)
01-27 08:58:07.188 15546 15609 W PhoneStatusService: 	at android.os.Looper.loopOnce(Looper.java:288)
01-27 08:58:07.188 15546 15609 W PhoneStatusService: 	at android.os.Looper.loop(Looper.java:392)
01-27 08:58:07.188 15546 15609 W PhoneStatusService: 	at android.os.HandlerThread.run(HandlerThread.java:139)
01-27 08:58:07.188 15546 15609 W PhoneStatusService: Caused by: android.os.RemoteException: Remote stack trace:
01-27 08:58:07.188 15546 15609 W PhoneStatusService: 	at android.app.ContextImpl.enforce(ContextImpl.java:2649)
01-27 08:58:07.188 15546 15609 W PhoneStatusService: 	at android.app.ContextImpl.enforceCallingOrSelfPermission(ContextImpl.java:2677)
01-27 08:58:07.188 15546 15609 W PhoneStatusService: 	at android.content.ContextWrapper.enforceCallingOrSelfPermission(ContextWrapper.java:1067)
01-27 08:58:07.188 15546 15609 W PhoneStatusService: 	at com.android.server.wifi.WifiServiceImpl.enforceAccessPermission(WifiServiceImpl.java:1470)
01-27 08:58:07.188 15546 15609 W PhoneStatusService: 	at com.android.server.wifi.WifiServiceImpl.getConnectionInfo(WifiServiceImpl.java:5225)
01-27 08:58:07.188 15546 15609 W PhoneStatusService: 
01-27 08:58:07.207 15546 15559 I CameraManagerGlobal: Camera 4 facing CAMERA_FACING_FRONT state now CAMERA_STATE_ACTIVE for client client.pid<1957> API Level 2 User Id 0Device Id 0
01-27 08:58:09.400 15546 15546 I VRI[MainActivity]@4616e63: handleAppVisibility mAppVisible = false visible = true
01-27 08:58:09.403 15546 15546 I VRI[MainActivity]@4616e63: stopped(false) old = true
01-27 08:58:09.403 15546 15546 D VRI[MainActivity]@4616e63: WindowStopped on com.phoneintegration.app/com.phoneintegration.app.MainActivity set to false
01-27 08:58:09.403 15546 15546 D ViewRootImpl: Skipping stats log for color mode
01-27 08:58:09.403 15546 15546 D BatteryAwareServiceManager: App moved to foreground - optimizing services
01-27 08:58:09.403 15546 15546 D PhoneStatusService: Starting phone status monitoring
01-27 08:58:09.412 15546 15596 E PhoneStatusService: Error syncing phone status
01-27 08:58:09.412 15546 15596 E PhoneStatusService: kotlinx.coroutines.JobCancellationException: StandaloneCoroutine was cancelled; job=StandaloneCoroutine{Cancelling}@8ed5a80
01-27 08:58:09.414 15546 15546 D ConnectivityManager: StackLog: [android.net.ConnectivityManager.sendRequestForNetwork(ConnectivityManager.java:4738)] [android.net.ConnectivityManager.registerDefaultNetworkCallbackForUid(ConnectivityManager.java:5463)] [android.net.ConnectivityManager.registerDefaultNetworkCallback(ConnectivityManager.java:5430)] [android.net.ConnectivityManager.registerDefaultNetworkCallback(ConnectivityManager.java:5404)] [com.phoneintegration.app.desktop.PhoneStatusService.registerNetworkCallback(PhoneStatusService.kt:307)] [com.phoneintegration.app.desktop.PhoneStatusService.startMonitoring(PhoneStatusService.kt:88)] [com.phoneintegration.app.services.BatteryAwareServiceManager.startPhoneStatusService(BatteryAwareServiceManager.kt:347)] [com.phoneintegration.app.services.BatteryAwareServiceManager.startEssentialServices(BatteryAwareServiceManager.kt:253)] [com.phoneintegration.app.services.BatteryAwareServiceManager.optimizeServicesForForeground(BatteryAwareServiceManager.kt:212)] [com.phoneintegration.app.services.BatteryAwareServiceManager.access$optimizeServicesForForeground(BatteryAwareServiceManager.kt:33)] [com.phoneintegration.app.services.BatteryAwareServiceManager$setupLifecycleObserver$1.onStart(BatteryAwareServiceManager.kt:111)] [androidx.lifecycle.DefaultLifecycleObserverAdapter.onStateChanged(DefaultLifecycleObserverAdapter.kt:25)] [androidx.lifecycle.LifecycleRegistry$ObserverWithState.dispatchEvent(LifecycleRegistry.jvm.kt:320)] [androidx.lifecycle.LifecycleRegistry.forwardPass(LifecycleRegistry.jvm.kt:257)] [androidx.lifecycle.LifecycleRegistry.sync(LifecycleRegistry.jvm.kt:293)] [androidx.lifecycle.LifecycleRegistry.moveToState(LifecycleRegistry.jvm.kt:142)] [androidx.lifecycle.LifecycleRegistry.handleLifecycleEvent(LifecycleRegistry.jvm.kt:124)] [androidx.lifecycle.ProcessLifecycleOwner.activityStarted$lifecycle_process_release(ProcessLifecycleOwner.kt:97)] [androidx.lifecycle.ProcessLifecycleOwner$attach$1$onActivityPreCreated$1.onActivityPostStarted(ProcessLifecycleOwner.kt:160)] [android.app.Activity.dispatchActivityPostStarted(Activity.java:1673)] [android.app.Activity.performStart(Activity.java:9831)] [android.app.ActivityThread.handleStartActivity(ActivityThread.java:5075)] [android.app.servertransaction.TransactionExecutor.performLifecycleSequence(TransactionExecutor.java:214)] [android.app.servertransaction.TransactionExecutor.cycleToPath(TransactionExecutor.java:194)] [android.app.servertransaction.TransactionExecutor.executeLifecycleItem(TransactionExecutor.java:166)] [android.app.servertransaction.TransactionExecutor.executeTransactionItems(TransactionExecutor.java:101)] [android.app.servertransaction.TransactionExecutor.execute(TransactionExecutor.java:80)] [android.app.ActivityThread$H.handleMessage(ActivityThread.java:3287)]
01-27 08:58:09.415 15546 15546 W PhoneStatusService: No permission to access WiFi info
01-27 08:58:09.415 15546 15546 W PhoneStatusService: java.lang.SecurityException: WifiService: Neither user 10816 nor current process has android.permission.ACCESS_WIFI_STATE.
01-27 08:58:09.415 15546 15546 W PhoneStatusService: 	at android.os.Parcel.createExceptionOrNull(Parcel.java:3388)
01-27 08:58:09.415 15546 15546 W PhoneStatusService: 	at android.os.Parcel.createException(Parcel.java:3372)
01-27 08:58:09.415 15546 15546 W PhoneStatusService: 	at android.os.Parcel.readException(Parcel.java:3355)
01-27 08:58:09.415 15546 15546 W PhoneStatusService: 	at android.os.Parcel.readException(Parcel.java:3297)
01-27 08:58:09.415 15546 15546 W PhoneStatusService: 	at android.net.wifi.IWifiManager$Stub$Proxy.getConnectionInfo(IWifiManager.java:4558)
01-27 08:58:09.415 15546 15546 W PhoneStatusService: 	at android.net.wifi.WifiManager.getConnectionInfo(WifiManager.java:4767)
01-27 08:58:09.415 15546 15546 W PhoneStatusService: 	at com.phoneintegration.app.desktop.PhoneStatusService.updateNetworkStatus(PhoneStatusService.kt:339)
01-27 08:58:09.415 15546 15546 W PhoneStatusService: 	at com.phoneintegration.app.desktop.PhoneStatusService.registerNetworkCallback(PhoneStatusService.kt:310)
01-27 08:58:09.415 15546 15546 W PhoneStatusService: 	at com.phoneintegration.app.desktop.PhoneStatusService.startMonitoring(PhoneStatusService.kt:88)
01-27 08:58:09.415 15546 15546 W PhoneStatusService: 	at com.phoneintegration.app.services.BatteryAwareServiceManager.startPhoneStatusService(BatteryAwareServiceManager.kt:347)
01-27 08:58:09.415 15546 15546 W PhoneStatusService: 	at com.phoneintegration.app.services.BatteryAwareServiceManager.startEssentialServices(BatteryAwareServiceManager.kt:253)
01-27 08:58:09.415 15546 15546 W PhoneStatusService: 	at com.phoneintegration.app.services.BatteryAwareServiceManager.optimizeServicesForForeground(BatteryAwareServiceManager.kt:212)
01-27 08:58:09.415 15546 15546 W PhoneStatusService: 	at com.phoneintegration.app.services.BatteryAwareServiceManager.access$optimizeServicesForForeground(BatteryAwareServiceManager.kt:33)
01-27 08:58:09.415 15546 15546 W PhoneStatusService: 	at com.phoneintegration.app.services.BatteryAwareServiceManager$setupLifecycleObserver$1.onStart(BatteryAwareServiceManager.kt:111)
01-27 08:58:09.415 15546 15546 W PhoneStatusService: 	at androidx.lifecycle.DefaultLifecycleObserverAdapter.onStateChanged(DefaultLifecycleObserverAdapter.kt:25)
01-27 08:58:09.415 15546 15546 W PhoneStatusService: 	at androidx.lifecycle.LifecycleRegistry$ObserverWithState.dispatchEvent(LifecycleRegistry.jvm.kt:320)
01-27 08:58:09.415 15546 15546 W PhoneStatusService: 	at androidx.lifecycle.LifecycleRegistry.forwardPass(LifecycleRegistry.jvm.kt:257)
01-27 08:58:09.415 15546 15546 W PhoneStatusService: 	at androidx.lifecycle.LifecycleRegistry.sync(LifecycleRegistry.jvm.kt:293)
01-27 08:58:09.415 15546 15546 W PhoneStatusService: 	at androidx.lifecycle.LifecycleRegistry.moveToState(LifecycleRegistry.jvm.kt:142)
01-27 08:58:09.415 15546 15546 W PhoneStatusService: 	at androidx.lifecycle.LifecycleRegistry.handleLifecycleEvent(LifecycleRegistry.jvm.kt:124)
01-27 08:58:09.415 15546 15546 W PhoneStatusService: 	at androidx.lifecycle.ProcessLifecycleOwner.activityStarted$lifecycle_process_release(ProcessLifecycleOwner.kt:97)
01-27 08:58:09.415 15546 15546 W PhoneStatusService: 	at androidx.lifecycle.ProcessLifecycleOwner$attach$1$onActivityPreCreated$1.onActivityPostStarted(ProcessLifecycleOwner.kt:160)
01-27 08:58:09.415 15546 15546 W PhoneStatusService: 	at android.app.Activity.dispatchActivityPostStarted(Activity.java:1673)
01-27 08:58:09.415 15546 15546 W PhoneStatusService: 	at android.app.Activity.performStart(Activity.java:9831)
01-27 08:58:09.415 15546 15546 W PhoneStatusService: 	at android.app.ActivityThread.handleStartActivity(ActivityThread.java:5075)
01-27 08:58:09.415 15546 15546 W PhoneStatusService: 	at android.app.servertransaction.TransactionExecutor.performLifecycleSequence(TransactionExecutor.java:214)
01-27 08:58:09.415 15546 15546 W PhoneStatusService: 	at android.app.servertransaction.TransactionExecutor.cycleToPath(TransactionExecutor.java:194)
01-27 08:58:09.415 15546 15546 W PhoneStatusService: 	at android.app.servertransaction.TransactionExecutor.executeLifecycleItem(TransactionExecutor.java:166)
01-27 08:58:09.415 15546 15546 W PhoneStatusService: 	at android.app.servertransaction.TransactionExecutor.executeTransactionItems(TransactionExecutor.java:101)
01-27 08:58:09.415 15546 15546 W PhoneStatusService: 	at android.app.servertransaction.TransactionExecutor.execute(TransactionExecutor.java:80)
01-27 08:58:09.415 15546 15546 W PhoneStatusService: 	at android.app.ActivityThread$H.handleMessage(ActivityThread.java:3287)
01-27 08:58:09.415 15546 15546 W PhoneStatusService: 	at android.os.Handler.dispatchMessage(Handler.java:132)
01-27 08:58:09.415 15546 15546 W PhoneStatusService: 	at android.os.Looper.dispatchMessage(Looper.java:358)
01-27 08:58:09.415 15546 15546 W PhoneStatusService: 	at android.os.Looper.loopOnce(Looper.java:288)
01-27 08:58:09.415 15546 15546 W PhoneStatusService: 	at android.os.Looper.loop(Looper.java:392)
01-27 08:58:09.415 15546 15546 W PhoneStatusService: 	at android.app.ActivityThread.main(ActivityThread.java:10343)
01-27 08:58:09.415 15546 15546 W PhoneStatusService: 	at java.lang.reflect.Method.invoke(Native Method)
01-27 08:58:09.415 15546 15546 W PhoneStatusService: 	at com.android.internal.os.RuntimeInit$MethodAndArgsCaller.run(RuntimeInit.java:605)
01-27 08:58:09.415 15546 15546 W PhoneStatusService: 	at com.android.internal.os.ZygoteInit.main(ZygoteInit.java:972)
01-27 08:58:09.415 15546 15546 W PhoneStatusService: Caused by: android.os.RemoteException: Remote stack trace:
01-27 08:58:09.415 15546 15546 W PhoneStatusService: 	at android.app.ContextImpl.enforce(ContextImpl.java:2649)
01-27 08:58:09.415 15546 15546 W PhoneStatusService: 	at android.app.ContextImpl.enforceCallingOrSelfPermission(ContextImpl.java:2677)
01-27 08:58:09.415 15546 15546 W PhoneStatusService: 	at android.content.ContextWrapper.enforceCallingOrSelfPermission(ContextWrapper.java:1067)
01-27 08:58:09.415 15546 15546 W PhoneStatusService: 	at com.android.server.wifi.WifiServiceImpl.enforceAccessPermission(WifiServiceImpl.java:1470)
01-27 08:58:09.415 15546 15546 W PhoneStatusService: 	at com.android.server.wifi.WifiServiceImpl.getConnectionInfo(WifiServiceImpl.java:5225)
01-27 08:58:09.415 15546 15546 W PhoneStatusService: 
01-27 08:58:09.416 15546 15546 D ClipboardSyncService: Starting clipboard sync
01-27 08:58:09.416 15546 15546 D ClipboardSyncService: Local clipboard listener registered
01-27 08:58:09.416 15546 15590 D ContactsReceiveService: Started listening for universal contacts
01-27 08:58:09.418 15546 15546 D SmsViewModel: === loadConversations() started ===
01-27 08:58:09.418 15546 15546 D SmsViewModel: Using cached conversations (120 items, 35123ms old)
01-27 08:58:09.426 15546 15609 W PhoneStatusService: No permission to access WiFi info
01-27 08:58:09.426 15546 15609 W PhoneStatusService: java.lang.SecurityException: WifiService: Neither user 10816 nor current process has android.permission.ACCESS_WIFI_STATE.
01-27 08:58:09.426 15546 15609 W PhoneStatusService: 	at android.os.Parcel.createExceptionOrNull(Parcel.java:3388)
01-27 08:58:09.426 15546 15609 W PhoneStatusService: 	at android.os.Parcel.createException(Parcel.java:3372)
01-27 08:58:09.426 15546 15609 W PhoneStatusService: 	at android.os.Parcel.readException(Parcel.java:3355)
01-27 08:58:09.426 15546 15609 W PhoneStatusService: 	at android.os.Parcel.readException(Parcel.java:3297)
01-27 08:58:09.426 15546 15609 W PhoneStatusService: 	at android.net.wifi.IWifiManager$Stub$Proxy.getConnectionInfo(IWifiManager.java:4558)
01-27 08:58:09.426 15546 15609 W PhoneStatusService: 	at android.net.wifi.WifiManager.getConnectionInfo(WifiManager.java:4767)
01-27 08:58:09.426 15546 15609 W PhoneStatusService: 	at com.phoneintegration.app.desktop.PhoneStatusService.updateNetworkStatus(PhoneStatusService.kt:339)
01-27 08:58:09.426 15546 15609 W PhoneStatusService: 	at com.phoneintegration.app.desktop.PhoneStatusService.access$updateNetworkStatus(PhoneStatusService.kt:29)
01-27 08:58:09.426 15546 15609 W PhoneStatusService: 	at com.phoneintegration.app.desktop.PhoneStatusService$registerNetworkCallback$1.onAvailable(PhoneStatusService.kt:292)
01-27 08:58:09.426 15546 15609 W PhoneStatusService: 	at android.net.ConnectivityManager$NetworkCallback.onAvailable(ConnectivityManager.java:4214)
01-27 08:58:09.426 15546 15609 W PhoneStatusService: 	at android.net.ConnectivityManager$NetworkCallback.onAvailable(ConnectivityManager.java:4184)
01-27 08:58:09.426 15546 15609 W PhoneStatusService: 	at android.net.ConnectivityManager$CallbackHandler.handleMessage(ConnectivityManager.java:4674)
01-27 08:58:09.426 15546 15609 W PhoneStatusService: 	at android.os.Handler.dispatchMessage(Handler.java:132)
01-27 08:58:09.426 15546 15609 W PhoneStatusService: 	at android.os.Looper.dispatchMessage(Looper.java:358)
01-27 08:58:09.426 15546 15609 W PhoneStatusService: 	at android.os.Looper.loopOnce(Looper.java:288)
01-27 08:58:09.426 15546 15609 W PhoneStatusService: 	at android.os.Looper.loop(Looper.java:392)
01-27 08:58:09.426 15546 15609 W PhoneStatusService: 	at android.os.HandlerThread.run(HandlerThread.java:139)
01-27 08:58:09.427 15546 15609 W PhoneStatusService: No permission to access WiFi info
01-27 08:58:09.427 15546 15609 W PhoneStatusService: java.lang.SecurityException: WifiService: Neither user 10816 nor current process has android.permission.ACCESS_WIFI_STATE.
01-27 08:58:09.427 15546 15609 W PhoneStatusService: 	at android.os.Parcel.createExceptionOrNull(Parcel.java:3388)
01-27 08:58:09.427 15546 15609 W PhoneStatusService: 	at android.os.Parcel.createException(Parcel.java:3372)
01-27 08:58:09.427 15546 15609 W PhoneStatusService: 	at android.os.Parcel.readException(Parcel.java:3355)
01-27 08:58:09.427 15546 15609 W PhoneStatusService: 	at android.os.Parcel.readException(Parcel.java:3297)
01-27 08:58:09.427 15546 15609 W PhoneStatusService: 	at android.net.wifi.IWifiManager$Stub$Proxy.getConnectionInfo(IWifiManager.java:4558)
01-27 08:58:09.427 15546 15609 W PhoneStatusService: 	at android.net.wifi.WifiManager.getConnectionInfo(WifiManager.java:4767)
01-27 08:58:09.427 15546 15609 W PhoneStatusService: 	at com.phoneintegration.app.desktop.PhoneStatusService.updateNetworkStatus(PhoneStatusService.kt:339)
01-27 08:58:09.427 15546 15609 W PhoneStatusService: 	at com.phoneintegration.app.desktop.PhoneStatusService.access$updateNetworkStatus(PhoneStatusService.kt:29)
01-27 08:58:09.427 15546 15609 W PhoneStatusService: 	at com.phoneintegration.app.desktop.PhoneStatusService$registerNetworkCallback$1.onCapabilitiesChanged(PhoneStatusService.kt:303)
01-27 08:58:09.427 15546 15609 W PhoneStatusService: 	at android.net.ConnectivityManager$NetworkCallback.onAvailable(ConnectivityManager.java:4219)
01-27 08:58:09.427 15546 15609 W PhoneStatusService: 	at android.net.ConnectivityManager$NetworkCallback.onAvailable(ConnectivityManager.java:4184)
01-27 08:58:09.427 15546 15609 W PhoneStatusService: 	at android.net.ConnectivityManager$CallbackHandler.handleMessage(ConnectivityManager.java:4674)
01-27 08:58:09.427 15546 15609 W PhoneStatusService: 	at android.os.Handler.dispatchMessage(Handler.java:132)
01-27 08:58:09.427 15546 15609 W PhoneStatusService: 	at android.os.Looper.dispatchMessage(Looper.java:358)
01-27 08:58:09.427 15546 15609 W PhoneStatusService: 	at android.os.Looper.loopOnce(Looper.java:288)
01-27 08:58:09.427 15546 15609 W PhoneStatusService: 	at android.os.Looper.loop(Looper.java:392)
01-27 08:58:09.427 15546 15609 W PhoneStatusService: 	at android.os.HandlerThread.run(HandlerThread.java:139)
01-27 08:58:09.430 15546 15590 D ClipboardSyncService: Remote clipboard listener registered
01-27 08:58:09.442 15546 15890 D PreferencesManager: Initialized with background_sync_enabled: false, notification_mirror_enabled: false
01-27 08:58:09.442 15546 15890 D PreferencesManager: No auto-backup found
01-27 08:58:09.463 15546 15546 I BufferQueueProducer: [](id:3cba00000001,api:0,p:15546,c:15546) setDequeueTimeout:2077252342
01-27 08:58:09.463 15546 15546 I BLASTBufferQueue_Java: new BLASTBufferQueue, mName= VRI[MainActivity]@4616e63 mNativeObject= 0xb400007a1f489510 caller= android.view.ViewRootImpl.updateBlastSurfaceIfNeeded:3603 android.view.ViewRootImpl.relayoutWindow:11809 android.view.ViewRootImpl.performTraversals:4839 android.view.ViewRootImpl.doTraversal:3959 android.view.ViewRootImpl$TraversalRunnable.run:13030 android.view.Choreographer$CallbackRecord.run:1961 android.view.Choreographer$CallbackRecord.run:1970 android.view.Choreographer.doCallbacks:1423 android.view.Choreographer.doFrame:1348 android.view.Choreographer$FrameDisplayEventReceiver.run:1930 
01-27 08:58:09.464 15546 15546 I BLASTBufferQueue_Java: update, w= 1440 h= 3120 mName = VRI[MainActivity]@4616e63 mNativeObject= 0xb400007a1f489510 sc.mNativeObject= 0xb400007a6f431a10 format= -1 caller= android.view.ViewRootImpl.updateBlastSurfaceIfNeeded:3608 android.view.ViewRootImpl.relayoutWindow:11809 android.view.ViewRootImpl.performTraversals:4839 android.view.ViewRootImpl.doTraversal:3959 android.view.ViewRootImpl$TraversalRunnable.run:13030 android.view.Choreographer$CallbackRecord.run:1961 
01-27 08:58:09.464 15546 15546 I VRI[MainActivity]@4616e63: Relayout returned: old=(0,0,1440,3120) new=(0,0,1440,3120) relayoutAsync=false req=(1440,3120)0 dur=1 res=0x3 s={true 0xb400007a5f440f90} ch=true seqId=0
01-27 08:58:09.464 15546 15546 D VRI[MainActivity]@4616e63: mThreadedRenderer.initialize() mSurface={isValid=true 0xb400007a5f440f90} hwInitialized=true
01-27 08:58:09.464 15546 15546 D VRI[MainActivity]@4616e63: reportNextDraw android.view.ViewRootImpl.performTraversals:5503 android.view.ViewRootImpl.doTraversal:3959 android.view.ViewRootImpl$TraversalRunnable.run:13030 android.view.Choreographer$CallbackRecord.run:1961 android.view.Choreographer$CallbackRecord.run:1970 
01-27 08:58:09.464 15546 15546 D VRI[MainActivity]@4616e63: Setup new sync=wmsSync-VRI[MainActivity]@4616e63#2
01-27 08:58:09.465 15546 15546 I VRI[MainActivity]@4616e63: Creating new active sync group VRI[MainActivity]@4616e63#3
01-27 08:58:09.465 15546 15546 D VRI[MainActivity]@4616e63: Start draw after previous draw not visible
01-27 08:58:09.465 15546 15546 D VRI[MainActivity]@4616e63: registerCallbacksForSync syncBuffer=false
01-27 08:58:09.465 15546 15887 I CameraManagerGlobal: Camera 4 facing CAMERA_FACING_FRONT state now CAMERA_STATE_IDLE for client client.pid<1957> API Level 2 User Id 0Device Id 0
01-27 08:58:09.481 15546 15890 E E2EEManager: Error loading E2EE keys
01-27 08:58:09.481 15546 15890 E E2EEManager: javax.crypto.AEADBadTagException
01-27 08:58:09.481 15546 15890 E E2EEManager: 	at android.security.keystore2.AndroidKeyStoreCipherSpiBase.engineDoFinal(AndroidKeyStoreCipherSpiBase.java:638)
01-27 08:58:09.481 15546 15890 E E2EEManager: 	at javax.crypto.Cipher.doFinal(Cipher.java:2074)
01-27 08:58:09.481 15546 15890 E E2EEManager: 	at com.phoneintegration.app.e2ee.SignalProtocolManager.decryptWithKeystore(SignalProtocolManager.kt:147)
01-27 08:58:09.481 15546 15890 E E2EEManager: 	at com.phoneintegration.app.e2ee.SignalProtocolManager.loadExistingKeys(SignalProtocolManager.kt:211)
01-27 08:58:09.481 15546 15890 E E2EEManager: 	at com.phoneintegration.app.e2ee.SignalProtocolManager.initializeKeys(SignalProtocolManager.kt:154)
01-27 08:58:09.481 15546 15890 E E2EEManager: 	at com.phoneintegration.app.desktop.DesktopSyncService.<init>(DesktopSyncService.kt:141)
01-27 08:58:09.481 15546 15890 E E2EEManager: 	at com.phoneintegration.app.SmsViewModel$reconcileDeletedMessages$1.invokeSuspend(SmsViewModel.kt:1415)
01-27 08:58:09.481 15546 15890 E E2EEManager: 	at kotlin.coroutines.jvm.internal.BaseContinuationImpl.resumeWith(ContinuationImpl.kt:33)
01-27 08:58:09.481 15546 15890 E E2EEManager: 	at kotlinx.coroutines.DispatchedTask.run(DispatchedTask.kt:104)
01-27 08:58:09.481 15546 15890 E E2EEManager: 	at kotlinx.coroutines.internal.LimitedDispatcher$Worker.run(LimitedDispatcher.kt:111)
01-27 08:58:09.481 15546 15890 E E2EEManager: 	at kotlinx.coroutines.scheduling.TaskImpl.run(Tasks.kt:99)
01-27 08:58:09.481 15546 15890 E E2EEManager: 	at kotlinx.coroutines.scheduling.CoroutineScheduler.runSafely(CoroutineScheduler.kt:584)
01-27 08:58:09.481 15546 15890 E E2EEManager: 	at kotlinx.coroutines.scheduling.CoroutineScheduler$Worker.executeTask(CoroutineScheduler.kt:811)
01-27 08:58:09.481 15546 15890 E E2EEManager: 	at kotlinx.coroutines.scheduling.CoroutineScheduler$Worker.runWorker(CoroutineScheduler.kt:715)
01-27 08:58:09.481 15546 15890 E E2EEManager: 	at kotlinx.coroutines.scheduling.CoroutineScheduler$Worker.run(CoroutineScheduler.kt:702)
01-27 08:58:09.481 15546 15890 E E2EEManager: Caused by: android.security.KeyStoreException: Signature/MAC verification failed (internal Keystore code: -30 message: system/security/keystore2/src/operation.rs:853: KeystoreOperation::finish
01-27 08:58:09.481 15546 15890 E E2EEManager: 
01-27 08:58:09.481 15546 15890 E E2EEManager: Caused by:
01-27 08:58:09.481 15546 15890 E E2EEManager:     0: system/security/keystore2/src/operation.rs:434: Finish failed for AppUid(10816)
01-27 08:58:09.481 15546 15890 E E2EEManager:     1: Error::Km(r#VERIFICATION_FAILED)) (public error code: 10 internal Keystore code: -30)
01-27 08:58:09.481 15546 15890 E E2EEManager: 	at android.security.KeyStore2.getKeyStoreException(KeyStore2.java:466)
01-27 08:58:09.481 15546 15890 E E2EEManager: 	at android.security.KeyStoreOperation.handleExceptions(KeyStoreOperation.java:79)
01-27 08:58:09.481 15546 15890 E E2EEManager: 	at android.security.KeyStoreOperation.finish(KeyStoreOperation.java:132)
01-27 08:58:09.481 15546 15890 E E2EEManager: 	at android.security.keystore2.KeyStoreCryptoOperationChunkedStreamer$MainDataStream.finish(KeyStoreCryptoOperationChunkedStreamer.java:228)
01-27 08:58:09.481 15546 15890 E E2EEManager: 	at android.security.keystore2.KeyStoreCryptoOperationChunkedStreamer.doFinal(KeyStoreCryptoOperationChunkedStreamer.java:181)
01-27 08:58:09.481 15546 15890 E E2EEManager: 	at android.security.keystore2.AndroidKeyStoreAuthenticatedAESCipherSpi$BufferAllOutputUntilDoFinalStreamer.doFinal(AndroidKeyStoreAuthenticatedAESCipherSpi.java:396)
01-27 08:58:09.481 15546 15890 E E2EEManager: 	at android.security.keystore2.AndroidKeyStoreCipherSpiBase.engineDoFinal(AndroidKeyStoreCipherSpiBase.java:630)
01-27 08:58:09.481 15546 15890 E E2EEManager: 	... 14 more
01-27 08:58:09.481 15546 15617 D VRI[MainActivity]@4616e63: Received frameDrawingCallback syncResult=0 frameNum=1.
01-27 08:58:09.481 15546 15617 I VRI[MainActivity]@4616e63: mWNT: t=0xb400007acf452a10 mBlastBufferQueue=0xb400007a1f489510 fn= 1 HdrRenderState mRenderHdrSdrRatio=1.0 caller= android.view.ViewRootImpl$12.onFrameDraw:15557 android.view.ThreadedRenderer$1.onFrameDraw:751 <bottom of call stack> 
01-27 08:58:09.481 15546 15617 I VRI[MainActivity]@4616e63: Setting up sync and frameCommitCallback
01-27 08:58:09.483 15546 15594 I BLASTBufferQueue: [VRI[MainActivity]@4616e63#1](f:0,a:0,s:0) onFrameAvailable the first frame is available
01-27 08:58:09.483 15546 15594 I SurfaceComposerClient: apply transaction with the first frame. layerId: 483752, bufferData(ID: 66769561583623, frameNumber: 1)
01-27 08:58:09.483 15546 15594 I VRI[MainActivity]@4616e63: Received frameCommittedCallback lastAttemptedDrawFrameNum=1 didProduceBuffer=true
01-27 08:58:09.484 15546 15546 D VRI[MainActivity]@4616e63: reportDrawFinished seqId=0
01-27 08:58:09.491 15546 15546 D SyncFlowCallService: Starting to listen for incoming SyncFlow calls
01-27 08:58:09.491 15546 15546 D SyncFlowCallService: Starting to listen for incoming user-to-user calls for userId: Z1Tc1FBFVPXH1bsC68Ut3IDRCFq1
01-27 08:58:09.492 15546 15546 D SyncFlowCallService: Service started (on-demand via FCM), listening for incoming calls
01-27 08:58:09.492 15546 15546 I VRI[MainActivity]@4616e63: handleResized, frames=ClientWindowFrames{frame=[0,0][1440,3120] display=[0,0][1440,3120] parentFrame=[0,0][0,0]} displayId=0 dragResizing=false compatScale=1.0 frameChanged=false attachedFrameChanged=false configChanged=false displayChanged=false compatScaleChanged=false dragResizingChanged=false
01-27 08:58:09.495 15546 15546 D SyncFlowCallService: Registering FCM token for user Z1Tc1FBFVPXH1bsC68Ut3IDRCFq1
01-27 08:58:09.495 15546 15546 D SyncFlowCallService: Starting idle timeout (60000ms)
01-27 08:58:09.544 15546 15546 I InsetsSourceConsumer: applyRequestedVisibilityToControl: visible=true, type=navigationBars, host=com.phoneintegration.app/com.phoneintegration.app.MainActivity
01-27 08:58:09.544 15546 15546 I InsetsSourceConsumer: applyRequestedVisibilityToControl: visible=true, type=statusBars, host=com.phoneintegration.app/com.phoneintegration.app.MainActivity
01-27 08:58:09.545 15546 15546 D VRI[MainActivity]@4616e63: mThreadedRenderer.initializeIfNeeded()#2 mSurface={isValid=true 0xb400007a5f440f90}
01-27 08:58:09.545 15546 15546 D InputMethodManagerUtils: startInputInner - Id : 0
01-27 08:58:09.545 15546 15546 I InputMethodManager: startInputInner - IInputMethodManagerGlobalInvoker.startInputOrWindowGainedFocus
01-27 08:58:09.547 15546 15546 D InsetsController: hide(ime())
01-27 08:58:09.547 15546 15546 I ImeTracker: com.phoneintegration.app:8981647a: onCancelled at PHASE_CLIENT_ALREADY_HIDDEN
01-27 08:58:09.548 15546 15887 D InputTransport: Input channel constructed: 'ClientS', fd=273
01-27 08:58:09.577 15546 15596 D MmsHelper: MMS 965 address entry: address='hamleys_kpq3utym_agent@rbm.goog', type=130
01-27 08:58:09.577 15546 15596 D MmsHelper: MMS 965 address entry: address='hamleys_kpq3utym_agent@rbm.goog', type=137
01-27 08:58:09.577 15546 15596 D MmsHelper: MMS 965 using address: 'hamleys_kpq3utym_agent@rbm.goog' (type: 137)
01-27 08:58:09.584 15546 15596 D MmsHelper: MMS 964 address entry: address='wishfin_personal_loan_cefniz61_agent@rbm.goog', type=130
01-27 08:58:09.584 15546 15596 D MmsHelper: MMS 964 address entry: address='wishfin_personal_loan_cefniz61_agent@rbm.goog', type=137
01-27 08:58:09.584 15546 15596 D MmsHelper: MMS 964 using address: 'wishfin_personal_loan_cefniz61_agent@rbm.goog' (type: 137)
01-27 08:58:09.658 15546 15919 I CameraManagerGlobal: Camera 4 facing CAMERA_FACING_FRONT state now CAMERA_STATE_CLOSED for client client.pid<1957> API Level 2 User Id 0Device Id 0
01-27 08:58:09.673 15546 15596 W SmsRepository: Could not find address for thread 1303
01-27 08:58:09.689 15546 15596 W SmsRepository: Could not find address for thread 1276
01-27 08:58:09.699 15546 15596 D MmsHelper: MMS 637 address entry: address='ajio_d3k2v5qo_agent@rbm.goog', type=130
01-27 08:58:09.699 15546 15596 D MmsHelper: MMS 637 address entry: address='ajio_d3k2v5qo_agent@rbm.goog', type=137
01-27 08:58:09.699 15546 15596 D MmsHelper: MMS 637 using address: 'ajio_d3k2v5qo_agent@rbm.goog' (type: 137)
01-27 08:58:09.712 15546 15596 D MmsHelper: MMS 624 address entry: address='ram_fincorp_-_loans_t0uzgrnz_agent@rbm.goog', type=130
01-27 08:58:09.712 15546 15596 D MmsHelper: MMS 624 address entry: address='ram_fincorp_-_loans_t0uzgrnz_agent@rbm.goog', type=137
01-27 08:58:09.713 15546 15596 D MmsHelper: MMS 624 using address: 'ram_fincorp_-_loans_t0uzgrnz_agent@rbm.goog' (type: 137)
01-27 08:58:09.726 15546 15596 D MmsHelper: MMS 623 address entry: address='buddy_finance_cn16feud_agent@rbm.goog', type=130
01-27 08:58:09.726 15546 15596 D MmsHelper: MMS 623 address entry: address='buddy_finance_cn16feud_agent@rbm.goog', type=137
01-27 08:58:09.726 15546 15596 D MmsHelper: MMS 623 using address: 'buddy_finance_cn16feud_agent@rbm.goog' (type: 137)
01-27 08:58:09.738 15546 15596 D MmsHelper: MMS 622 address entry: address='buddy_cash_3l51x27s_agent@rbm.goog', type=130
01-27 08:58:09.738 15546 15596 D MmsHelper: MMS 622 address entry: address='buddy_cash_3l51x27s_agent@rbm.goog', type=137
01-27 08:58:09.738 15546 15596 D MmsHelper: MMS 622 using address: 'buddy_cash_3l51x27s_agent@rbm.goog' (type: 137)
01-27 08:58:09.748 15546 15596 D MmsHelper: MMS 619 address entry: address='tata_neu_x_tanishq_lm7hs2sx_agent@rbm.goog', type=130
01-27 08:58:09.748 15546 15596 D MmsHelper: MMS 619 address entry: address='tata_neu_x_tanishq_lm7hs2sx_agent@rbm.goog', type=137
01-27 08:58:09.748 15546 15596 D MmsHelper: MMS 619 using address: 'tata_neu_x_tanishq_lm7hs2sx_agent@rbm.goog' (type: 137)
01-27 08:58:09.758 15546 15596 D MmsHelper: MMS 618 address entry: address='dmart_ready_gblknsju_agent@rbm.goog', type=130
01-27 08:58:09.758 15546 15596 D MmsHelper: MMS 618 address entry: address='dmart_ready_gblknsju_agent@rbm.goog', type=137
01-27 08:58:09.758 15546 15596 D MmsHelper: MMS 618 using address: 'dmart_ready_gblknsju_agent@rbm.goog' (type: 137)
01-27 08:58:09.767 15546 15596 D MmsHelper: MMS 617 address entry: address='tata_neu_x_croma_4kjoqiuf_agent@rbm.goog', type=130
01-27 08:58:09.767 15546 15596 D MmsHelper: MMS 617 address entry: address='tata_neu_x_croma_4kjoqiuf_agent@rbm.goog', type=137
01-27 08:58:09.767 15546 15596 D MmsHelper: MMS 617 using address: 'tata_neu_x_croma_4kjoqiuf_agent@rbm.goog' (type: 137)
01-27 08:58:09.777 15546 15596 D MmsHelper: MMS 616 address entry: address='fashion_factory_kppu8juj_agent@rbm.goog', type=130
01-27 08:58:09.777 15546 15596 D MmsHelper: MMS 616 address entry: address='fashion_factory_kppu8juj_agent@rbm.goog', type=137
01-27 08:58:09.777 15546 15596 D MmsHelper: MMS 616 using address: 'fashion_factory_kppu8juj_agent@rbm.goog' (type: 137)
01-27 08:58:09.788 15546 15596 D MmsHelper: MMS 615 address entry: address='pantaloons_tgnpp5sb_agent@rbm.goog', type=130
01-27 08:58:09.788 15546 15596 D MmsHelper: MMS 615 address entry: address='pantaloons_tgnpp5sb_agent@rbm.goog', type=137
01-27 08:58:09.788 15546 15596 D MmsHelper: MMS 615 using address: 'pantaloons_tgnpp5sb_agent@rbm.goog' (type: 137)
01-27 08:58:09.800 15546 15596 D MmsHelper: MMS 614 address entry: address='tata_neu_x_croma_2lx3twlh_agent@rbm.goog', type=130
01-27 08:58:09.800 15546 15596 D MmsHelper: MMS 614 address entry: address='tata_neu_x_croma_2lx3twlh_agent@rbm.goog', type=137
01-27 08:58:09.800 15546 15596 D MmsHelper: MMS 614 using address: 'tata_neu_x_croma_2lx3twlh_agent@rbm.goog' (type: 137)
01-27 08:58:09.811 15546 15596 D MmsHelper: MMS 613 address entry: address='authorised_preview_deolnoc1_agent@rbm.goog', type=130
01-27 08:58:09.811 15546 15596 D MmsHelper: MMS 613 address entry: address='authorised_preview_deolnoc1_agent@rbm.goog', type=137
01-27 08:58:09.811 15546 15596 D MmsHelper: MMS 613 using address: 'authorised_preview_deolnoc1_agent@rbm.goog' (type: 137)
01-27 08:58:09.820 15546 15596 D MmsHelper: MMS 612 address entry: address='bbdaily_vgxcetiv_agent@rbm.goog', type=130
01-27 08:58:09.820 15546 15596 D MmsHelper: MMS 612 address entry: address='bbdaily_vgxcetiv_agent@rbm.goog', type=137
01-27 08:58:09.820 15546 15596 D MmsHelper: MMS 612 using address: 'bbdaily_vgxcetiv_agent@rbm.goog' (type: 137)
01-27 08:58:09.832 15546 15596 D MmsHelper: MMS 606 address entry: address='lifestyle_bsqkfmsf_agent@rbm.goog', type=130
01-27 08:58:09.832 15546 15596 D MmsHelper: MMS 606 address entry: address='lifestyle_bsqkfmsf_agent@rbm.goog', type=137
01-27 08:58:09.832 15546 15596 D MmsHelper: MMS 606 using address: 'lifestyle_bsqkfmsf_agent@rbm.goog' (type: 137)
01-27 08:58:09.844 15546 15596 D MmsHelper: MMS 603 address entry: address='neucard_gcmfgifz_agent@rbm.goog', type=130
01-27 08:58:09.844 15546 15596 D MmsHelper: MMS 603 address entry: address='neucard_gcmfgifz_agent@rbm.goog', type=137
01-27 08:58:09.844 15546 15596 D MmsHelper: MMS 603 using address: 'neucard_gcmfgifz_agent@rbm.goog' (type: 137)
01-27 08:58:09.861 15546 15596 D MmsHelper: MMS 602 address entry: address='rummycircle_epm8wlzh_agent@rbm.goog', type=130
01-27 08:58:09.861 15546 15596 D MmsHelper: MMS 602 address entry: address='rummycircle_epm8wlzh_agent@rbm.goog', type=137
01-27 08:58:09.861 15546 15596 D MmsHelper: MMS 602 using address: 'rummycircle_epm8wlzh_agent@rbm.goog' (type: 137)
01-27 08:58:09.905 15546 15596 D MmsHelper: MMS 599 address entry: address='winzo_games_pyxevpk8_agent@rbm.goog', type=130
01-27 08:58:09.905 15546 15596 D MmsHelper: MMS 599 address entry: address='winzo_games_pyxevpk8_agent@rbm.goog', type=137
01-27 08:58:09.905 15546 15596 D MmsHelper: MMS 599 using address: 'winzo_games_pyxevpk8_agent@rbm.goog' (type: 137)
01-27 08:58:09.927 15546 15596 D MmsHelper: MMS 598 address entry: address='jiomart_o4nrwymj_agent@rbm.goog', type=130
01-27 08:58:09.928 15546 15596 D MmsHelper: MMS 598 address entry: address='jiomart_o4nrwymj_agent@rbm.goog', type=137
01-27 08:58:09.928 15546 15596 D MmsHelper: MMS 598 using address: 'jiomart_o4nrwymj_agent@rbm.goog' (type: 137)
01-27 08:58:09.943 15546 15596 D MmsHelper: MMS 591 address entry: address='+13158842435', type=130
01-27 08:58:09.943 15546 15596 D MmsHelper: MMS 591 address entry: address='+14147325411', type=130
01-27 08:58:09.943 15546 15596 D MmsHelper: MMS 591 address entry: address='+13072488129', type=130
01-27 08:58:09.943 15546 15596 D MmsHelper: MMS 591 address entry: address='+14055094556', type=130
01-27 08:58:09.943 15546 15596 D MmsHelper: MMS 591 address entry: address='+14146592787', type=130
01-27 08:58:09.943 15546 15596 D MmsHelper: MMS 591 address entry: address='+15123161697', type=130
01-27 08:58:09.943 15546 15596 D MmsHelper: MMS 591 address entry: address='+12067152507', type=130
01-27 08:58:09.943 15546 15596 D MmsHelper: MMS 591 address entry: address='+15203046942', type=130
01-27 08:58:09.943 15546 15596 D MmsHelper: MMS 591 address entry: address='+15123161697', type=137
01-27 08:58:09.943 15546 15596 D MmsHelper: MMS 591 using address: '+15123161697' (type: 137)
01-27 08:58:09.961 15546 15596 D MmsHelper: MMS 588 address entry: address='+19703174597', type=130
01-27 08:58:09.961 15546 15596 D MmsHelper: MMS 588 address entry: address='+19015137638', type=130
01-27 08:58:09.961 15546 15596 D MmsHelper: MMS 588 address entry: address='+16467707738', type=130
01-27 08:58:09.961 15546 15596 D MmsHelper: MMS 588 address entry: address='+13194092155', type=130
01-27 08:58:09.961 15546 15596 D MmsHelper: MMS 588 address entry: address='+12012758458', type=130
01-27 08:58:09.961 15546 15596 D MmsHelper: MMS 588 address entry: address='+18633982074', type=130
01-27 08:58:09.961 15546 15596 D MmsHelper: MMS 588 address entry: address='+17026721176', type=130
01-27 08:58:09.961 15546 15596 D MmsHelper: MMS 588 address entry: address='+15303340808', type=130
01-27 08:58:09.961 15546 15596 D MmsHelper: MMS 588 address entry: address='+16155968532', type=130
01-27 08:58:09.961 15546 15596 D MmsHelper: MMS 588 address entry: address='+13194092155', type=137
01-27 08:58:09.961 15546 15596 D MmsHelper: MMS 588 using address: '+13194092155' (type: 137)
01-27 08:58:09.970 15546 15596 D MmsHelper: MMS 585 address entry: address='+12513032280', type=130
01-27 08:58:09.970 15546 15596 D MmsHelper: MMS 585 address entry: address='+12487962180', type=130
01-27 08:58:09.970 15546 15596 D MmsHelper: MMS 585 address entry: address='+12513274960', type=130
01-27 08:58:09.970 15546 15596 D MmsHelper: MMS 585 address entry: address='+19378610469', type=130
01-27 08:58:09.970 15546 15596 D MmsHelper: MMS 585 address entry: address='+12488052018', type=130
01-27 08:58:09.970 15546 15596 D MmsHelper: MMS 585 address entry: address='+12512431947', type=130
01-27 08:58:09.970 15546 15596 D MmsHelper: MMS 585 address entry: address='+12512942627', type=130
01-27 08:58:09.970 15546 15596 D MmsHelper: MMS 585 address entry: address='+12488810030', type=130
01-27 08:58:09.970 15546 15596 D MmsHelper: MMS 585 address entry: address='+12488203485', type=130
01-27 08:58:09.970 15546 15596 D MmsHelper: MMS 585 address entry: address='+19378610469', type=137
01-27 08:58:09.970 15546 15596 D MmsHelper: MMS 585 using address: '+19378610469' (type: 137)
01-27 08:58:09.978 15546 15596 D MmsHelper: MMS 581 address entry: address='paisabazaar_personal_loan_q9dgze4m_agent@rbm.goog', type=130
01-27 08:58:09.979 15546 15596 D MmsHelper: MMS 581 address entry: address='paisabazaar_personal_loan_q9dgze4m_agent@rbm.goog', type=137
01-27 08:58:09.979 15546 15596 D MmsHelper: MMS 581 using address: 'paisabazaar_personal_loan_q9dgze4m_agent@rbm.goog' (type: 137)
01-27 08:58:09.988 15546 15596 D MmsHelper: MMS 573 address entry: address='authorised_exclusive_isc8jvhp_agent@rbm.goog', type=130
01-27 08:58:09.988 15546 15596 D MmsHelper: MMS 573 address entry: address='authorised_exclusive_isc8jvhp_agent@rbm.goog', type=137
01-27 08:58:09.988 15546 15596 D MmsHelper: MMS 573 using address: 'authorised_exclusive_isc8jvhp_agent@rbm.goog' (type: 137)
01-27 08:58:10.001 15546 15596 D MmsHelper: MMS 549 address entry: address='pre_approved_loan_-_buddy_zx4gxwjp_agent@rbm.goog', type=130
01-27 08:58:10.001 15546 15596 D MmsHelper: MMS 549 address entry: address='pre_approved_loan_-_buddy_zx4gxwjp_agent@rbm.goog', type=137
01-27 08:58:10.001 15546 15596 D MmsHelper: MMS 549 using address: 'pre_approved_loan_-_buddy_zx4gxwjp_agent@rbm.goog' (type: 137)
01-27 08:58:10.009 15546 15596 D MmsHelper: MMS 548 address entry: address='my11circle_xbaxs5lk_agent@rbm.goog', type=130
01-27 08:58:10.009 15546 15596 D MmsHelper: MMS 548 address entry: address='my11circle_xbaxs5lk_agent@rbm.goog', type=137
01-27 08:58:10.010 15546 15596 D MmsHelper: MMS 548 using address: 'my11circle_xbaxs5lk_agent@rbm.goog' (type: 137)
01-27 08:58:10.017 15546 15596 D MmsHelper: MMS 546 address entry: address='acko_insurance_azld3for_agent@rbm.goog', type=130
01-27 08:58:10.017 15546 15596 D MmsHelper: MMS 546 address entry: address='acko_insurance_azld3for_agent@rbm.goog', type=137
01-27 08:58:10.017 15546 15596 D MmsHelper: MMS 546 using address: 'acko_insurance_azld3for_agent@rbm.goog' (type: 137)
01-27 08:58:10.028 15546 15596 D MmsHelper: MMS 537 address entry: address='paisabazaar_hftc3bni_agent@rbm.goog', type=130
01-27 08:58:10.028 15546 15596 D MmsHelper: MMS 537 address entry: address='paisabazaar_hftc3bni_agent@rbm.goog', type=137
01-27 08:58:10.028 15546 15596 D MmsHelper: MMS 537 using address: 'paisabazaar_hftc3bni_agent@rbm.goog' (type: 137)
01-27 08:58:10.035 15546 15596 W SmsRepository: Could not find address for thread 1110
01-27 08:58:10.041 15546 15596 W SmsRepository: Could not find address for thread 1109
01-27 08:58:10.047 15546 15596 D MmsHelper: MMS 531 address entry: address='gpay-agent_vwfz4bob_agent@rbm.goog', type=130
01-27 08:58:10.047 15546 15596 D MmsHelper: MMS 531 address entry: address='gpay-agent_vwfz4bob_agent@rbm.goog', type=137
01-27 08:58:10.047 15546 15596 D MmsHelper: MMS 531 using address: 'gpay-agent_vwfz4bob_agent@rbm.goog' (type: 137)
01-27 08:58:10.054 15546 15596 D MmsHelper: MMS 527 address entry: address='tata_neu_x_tanishq_hnnfsw6h_agent@rbm.goog', type=130
01-27 08:58:10.054 15546 15596 D MmsHelper: MMS 527 address entry: address='tata_neu_x_tanishq_hnnfsw6h_agent@rbm.goog', type=137
01-27 08:58:10.054 15546 15596 D MmsHelper: MMS 527 using address: 'tata_neu_x_tanishq_hnnfsw6h_agent@rbm.goog' (type: 137)
01-27 08:58:10.060 15546 15596 D MmsHelper: MMS 521 address entry: address='go_colors__vhd5rzel_agent@rbm.goog', type=130
01-27 08:58:10.060 15546 15596 D MmsHelper: MMS 521 address entry: address='go_colors__vhd5rzel_agent@rbm.goog', type=137
01-27 08:58:10.060 15546 15596 D MmsHelper: MMS 521 using address: 'go_colors__vhd5rzel_agent@rbm.goog' (type: 137)
01-27 08:58:10.067 15546 15596 D MmsHelper: MMS 520 address entry: address='finodiary_auwjyqtq_agent@rbm.goog', type=130
01-27 08:58:10.067 15546 15596 D MmsHelper: MMS 520 address entry: address='finodiary_auwjyqtq_agent@rbm.goog', type=137
01-27 08:58:10.067 15546 15596 D MmsHelper: MMS 520 using address: 'finodiary_auwjyqtq_agent@rbm.goog' (type: 137)
01-27 08:58:10.073 15546 15596 W SmsRepository: Could not find address for thread 1088
01-27 08:58:10.079 15546 15596 D MmsHelper: MMS 514 address entry: address='acko_insurance_azld3for_agent@rbm.goog', type=130
01-27 08:58:10.079 15546 15596 D MmsHelper: MMS 514 address entry: address='acko_insurance_azld3for_agent@rbm.goog', type=137
01-27 08:58:10.079 15546 15596 D MmsHelper: MMS 514 using address: 'acko_insurance_azld3for_agent@rbm.goog' (type: 137)
01-27 08:58:10.085 15546 15596 D MmsHelper: MMS 512 address entry: address='buddy_cards_ybezonbn_agent@rbm.goog', type=130
01-27 08:58:10.085 15546 15596 D MmsHelper: MMS 512 address entry: address='buddy_cards_ybezonbn_agent@rbm.goog', type=137
01-27 08:58:10.085 15546 15596 D MmsHelper: MMS 512 using address: 'buddy_cards_ybezonbn_agent@rbm.goog' (type: 137)
01-27 08:58:10.090 15546 15596 D MmsHelper: MMS 510 address entry: address='tira_q6h7x5sq_agent@rbm.goog', type=130
01-27 08:58:10.090 15546 15596 D MmsHelper: MMS 510 address entry: address='tira_q6h7x5sq_agent@rbm.goog', type=137
01-27 08:58:10.090 15546 15596 D MmsHelper: MMS 510 using address: 'tira_q6h7x5sq_agent@rbm.goog' (type: 137)
01-27 08:58:10.096 15546 15596 D MmsHelper: MMS 506 address entry: address='authorised_news_letter_692c8upy_agent@rbm.goog', type=130
01-27 08:58:10.096 15546 15596 D MmsHelper: MMS 506 address entry: address='authorised_news_letter_692c8upy_agent@rbm.goog', type=137
01-27 08:58:10.096 15546 15596 D MmsHelper: MMS 506 using address: 'authorised_news_letter_692c8upy_agent@rbm.goog' (type: 137)
01-27 08:58:10.131 15546 15596 W SmsRepository: Could not find address for thread 1034
01-27 08:58:10.138 15546 15596 W SmsRepository: Could not find address for thread 5
01-27 08:58:10.144 15546 15596 W SmsRepository: Could not find address for thread 7
01-27 08:58:10.153 15546 15596 W SmsRepository: Could not find address for thread 6
01-27 08:58:10.161 15546 15596 W SmsRepository: Could not find address for thread 10
01-27 08:58:10.167 15546 15596 W SmsRepository: Could not find address for thread 9
01-27 08:58:10.175 15546 15596 W SmsRepository: Could not find address for thread 1031
01-27 08:58:10.184 15546 15596 W SmsRepository: Could not find address for thread 1030
01-27 08:58:10.190 15546 15596 W SmsRepository: Could not find address for thread 1028
01-27 08:58:10.197 15546 15596 W SmsRepository: Could not find address for thread 1027
01-27 08:58:10.204 15546 15596 W SmsRepository: Could not find address for thread 1024
01-27 08:58:10.209 15546 15596 D MmsHelper: MMS 226 address entry: address='my11circle_3ox21k1b_agent@rbm.goog', type=130
01-27 08:58:10.209 15546 15596 D MmsHelper: MMS 226 address entry: address='my11circle_3ox21k1b_agent@rbm.goog', type=137
01-27 08:58:10.209 15546 15596 D MmsHelper: MMS 226 using address: 'my11circle_3ox21k1b_agent@rbm.goog' (type: 137)
01-27 08:58:10.215 15546 15596 D MmsHelper: MMS 206 address entry: address='wecredit_bziedtwi_agent@rbm.goog', type=130
01-27 08:58:10.215 15546 15596 D MmsHelper: MMS 206 address entry: address='wecredit_bziedtwi_agent@rbm.goog', type=137
